******************************************************************************
             TMS320C2000 Linker PC v6.4.6                      
******************************************************************************
>> Linked Sat Sep 26 11:46:48 2015

OUTPUT FILE NAME:   <tms320_ti_rtos.out>
ENTRY POINT SYMBOL: "_c_int00"  address: 003f23ed


MEMORY CONFIGURATION

         name            origin    length      used     unused   attr    fill
----------------------  --------  ---------  --------  --------  ----  --------
PAGE 0:
  OTP                   003d7800   00000400  00000000  00000400  RWIX
  FLASH                 003f0000   00007f80  000053e0  00002ba0  RWIX
  CSM_RSVD              003f7f80   00000076  00000000  00000076  RWIX
  BEGIN                 003f7ff6   00000002  00000002  00000000  RWIX
  CSM_PWL               003f7ff8   00000008  00000000  00000008  RWIX
  IQTABLES              003fe000   00000b50  00000b50  00000000  RWIX
  IQTABLES2             003feb50   0000008c  00000000  0000008c  RWIX
  IQTABLES3             003febdc   000000aa  00000000  000000aa  RWIX
  ROM                   003ff27c   00000d44  00000000  00000d44  RWIX
  RESET                 003fffc0   00000002  00000000  00000002  RWIX
  VECTORS               003fffc2   0000003e  00000000  0000003e  RWIX

PAGE 1:
  M01SARAM              00000000   00000800  00000100  00000700  RWIX
  DEV_EMU               00000880   00000105  00000004  00000101  RWIX
  SYS_PWR_CTL           00000985   00000003  00000003  00000000  RWIX
  FLASH_REGS            00000a80   00000060  00000008  00000058  RWIX
  CSM                   00000ae0   00000010  00000010  00000000  RWIX
  ADC_RESULT            00000b00   00000020  00000020  00000000  RWIX
  CPU_TIMER0            00000c00   00000008  00000008  00000000  RWIX
  CPU_TIMER1            00000c08   00000008  00000008  00000000  RWIX
  CPU_TIMER2            00000c10   00000008  00000008  00000000  RWIX
  PIE_CTRL              00000ce0   00000020  0000001a  00000006  RWIX
  PIEVECT               00000d00   00000100  00000000  00000100  RWIX
  COMP1                 00006400   00000020  00000011  0000000f  RWIX
  COMP2                 00006420   00000020  00000011  0000000f  RWIX
  EPWM1                 00006800   00000040  0000003a  00000006  RWIX
  EPWM2                 00006840   00000040  0000003a  00000006  RWIX
  EPWM3                 00006880   00000040  0000003a  00000006  RWIX
  EPWM4                 000068c0   00000040  0000003a  00000006  RWIX
  ECAP1                 00006a00   00000020  00000020  00000000  RWIX
  GPIOCTRL              00006f80   00000040  00000040  00000000  RWIX
  GPIODAT               00006fc0   00000020  00000020  00000000  RWIX
  GPIOINT               00006fe0   00000020  0000000a  00000016  RWIX
  SYSTEM                00007010   00000020  0000001f  00000001  RWIX
  SPIA                  00007040   00000010  00000010  00000000  RWIX
  SCIA                  00007050   00000010  00000010  00000000  RWIX
  NMIINTRUPT            00007060   00000010  00000010  00000000  RWIX
  XINTRUPT              00007070   00000010  00000010  00000000  RWIX
  ADC                   00007100   00000080  00000050  00000030  RWIX
  I2CA                  00007900   00000040  00000022  0000001e  RWIX
  L0SARAM               00008000   00001000  00000f4a  000000b6  RWIX
  PARTID                003d7fff   00000001  00000001  00000000  RWIX
  CSM_PWL               003f7ff8   00000008  00000008  00000000  RWIX


SECTION ALLOCATION MAP

 output                                  attributes/
section   page    origin      length       input sections
--------  ----  ----------  ----------   ----------------
PieVectTableFile 
*          0    00000d00    00000100     DSECT
                  00000d00    00000100     DSP2802x_GlobalVariableDefs.obj (PieVectTableFile)

EmuKeyVar 
*          0    00000d00    00000001     DSECT
                  00000d00    00000001     DSP2802x_GlobalVariableDefs.obj (EmuKeyVar)

EmuBModeVar 
*          0    00000d01    00000001     DSECT
                  00000d01    00000001     DSP2802x_GlobalVariableDefs.obj (EmuBModeVar)

FlashCallbackVar 
*          0    00000d02    00000002     DSECT
                  00000d02    00000002     DSP2802x_GlobalVariableDefs.obj (FlashCallbackVar)

FlashScalingVar 
*          0    00000d04    00000002     DSECT
                  00000d04    00000002     DSP2802x_GlobalVariableDefs.obj (FlashScalingVar)

.text      0    003f0000    000035db     
                  003f0000    0000026d     adc.obj (.text)
                  003f026d    0000021d     ti.targets.rts2800.a28L : System.o28L (.text:_xdc_runtime_System_doPrint__I)
                  003f048a    00000207     DSP2802x_Adc.obj (.text)
                  003f0691    000001f7     rts2800_ml.lib : trgdrv.obj (.text)
                  003f0888    000001e1     sysbios.a28L : BIOS.obj (.text:_ti_sysbios_knl_Semaphore_pend__E)
                  003f0a69    000001ac     pwm.obj (.text)
                  003f0c15    0000018d     svgen_dq.obj (.text)
                  003f0da2    00000138     sysbios.a28L : BIOS.obj (.text:_ti_sysbios_knl_Task_sleep__E)
                  003f0eda    00000130     DSP2802x_SysCtrl.obj (.text)
                  003f100a    00000107     rts2800_ml.lib : ll_div.obj (.text)
                  003f1111    00000102     ti.targets.rts2800.a28L : HeapStd.o28L (.text:_xdc_runtime_HeapStd_alloc__E)
                  003f1213    000000e9     sysbios.a28L : BIOS.obj (.text:_ti_sysbios_family_c28_Hwi_clearInterrupt__E)
                  003f12fc    000000e2     drv8301.obj (.text)
                  003f13de    000000c8     modbus_slave.obj (.text)
                  003f14a6    000000be     sysbios.a28L : BIOS.obj (.text:_ti_sysbios_family_c28_Hwi_dispatchCore__I)
                  003f1564    000000ba                  : BIOS.obj (.text:_ti_sysbios_knl_Semaphore_post__E)
                  003f161e    000000b9     scalar.obj (.text)
                  003f16d7    000000b7     ti.targets.rts2800.a28L : Core-mem.o28L (.text:_xdc_runtime_Core_createObject__I)
                  003f178e    000000b6     app_p28L.o28L (.text:_xdc_runtime_System_printfExtend__I)
                  003f1844    000000ab     sysbios.a28L : BIOS.obj (.text:_ti_sysbios_knl_Clock_workFunc__E)
                  003f18ef    000000a6                  : BIOS.obj (.text:_ti_sysbios_knl_Swi_run__I)
                  003f1995    000000a2     Uart.obj (.text)
                  003f1a37    00000096     sysbios.a28L : BIOS.obj (.text:_ti_sysbios_family_c28_Hwi_enableInterrupt__E)
                  003f1acd    00000094     rts2800_ml.lib : ankmsg.obj (.text)
                  003f1b61    00000091     ti.targets.rts2800.a28L : Core-smem.o28L (.text:_xdc_runtime_Core_constructObject__I)
                  003f1bf2    0000008c                             : Error.o28L (.text:_xdc_runtime_Error_policyDefault__E)
                  003f1c7e    00000089                             : HeapStd.o28L (.text:_xdc_runtime_HeapStd_Instance_init__E)
                  003f1d07    00000088     sysbios.a28L : BIOS.obj (.text:_ti_sysbios_family_c28_Hwi_disableInterrupt__E)
                  003f1d8f    00000085                  : BIOS.obj (.text:_ti_sysbios_family_c28_Hwi_disablePIEIER__E)
                  003f1e14    00000083     rts2800_ml.lib : fd_mpy.obj (.text)
                  003f1e97    00000082     sysbios.a28L : c28_Hwi_disp.obj (.text:_ti_sysbios_family_c28_Hwi_dispatch)
                  003f1f19    00000080                  : BIOS.obj (.text:_ti_sysbios_family_c28_Hwi_enablePIEIER__E)
                  003f1f99    00000078     rts2800_ml.lib : fs_add.obj (.text)
                  003f2011    00000075     sysbios.a28L : BIOS.obj (.text:_ti_sysbios_knl_Task_checkStacks__E)
                  003f2086    00000075     ti.targets.rts2800.a28L : Startup.o28L (.text:_xdc_runtime_Startup_startMods__I)
                  003f20fb    00000072     sysbios.a28L : BIOS.obj (.text:_ti_sysbios_gates_GateMutex_enter__E)
                  003f216d    00000070                  : BIOS.obj (.text:_ti_sysbios_knl_Task_startCore__E)
                  003f21dd    00000070     ti.targets.rts2800.a28L : HeapStd.o28L (.text:_xdc_runtime_HeapStd_free__E)
                  003f224d    0000006c     sysbios.a28L : BIOS.obj (.text:_ti_sysbios_knl_Semaphore_Instance_init__E)
                  003f22b9    0000006c                  : BIOS.obj (.text:_ti_sysbios_knl_Task_schedule__I)
                  003f2325    00000066                  : BIOS.obj (.text:_ti_sysbios_family_c28_Timer_stopAndClear__I)
                  003f238b    00000062     ti.targets.rts2800.a28L : Text.o28L (.text:_xdc_runtime_Text_putSite__E)
                  003f23ed    00000061     boot.a28L : boot_cg.o28L (.text)
                  003f244e    00000060     sysbios.a28L : BIOS.obj (.text:_ti_sysbios_knl_Task_blockI__E)
                  003f24ae    0000005e                  : BIOS.obj (.text:_ti_sysbios_knl_Swi_post__E)
                  003f250c    0000005a     rts2800_ml.lib : fs_mpy.obj (.text)
                  003f2566    00000057     sysbios.a28L : BIOS.obj (.text:_ti_sysbios_knl_Task_exit__E)
                  003f25bd    00000051                  : BIOS.obj (.text:_ti_sysbios_knl_Task_unblockI__E)
                  003f260e    00000051     rts2800_ml.lib : sqrt.obj (.text)
                  003f265f    0000004d     sysbios.a28L : BIOS.obj (.text:_ti_sysbios_knl_Task_postInit__I)
                  003f26ac    00000048                  : BIOS.obj (.text:_ti_sysbios_family_c28_Hwi_Module_startup__E)
                  003f26f4    00000047     rts2800_ml.lib : cpy_tbl.obj (.text)
                  003f273b    00000041                    : ldexp.obj (.text)
                  003f277c    00000040     ti.targets.rts2800.a28L : Text.o28L (.text:_xdc_runtime_Text_putLab__E)
                  003f27bc    0000003e                             : Memory.o28L (.text:_xdc_runtime_Memory_alloc__E)
                  003f27fa    0000003d     sysbios.a28L : BIOS.obj (.text:_ti_sysbios_family_c28_TaskSupport_start__E)
                  003f2837    0000003d     ti.targets.rts2800.a28L : Core-mem.o28L (.text:_xdc_runtime_Core_deleteObject__I)
                  003f2874    0000003c     sysbios.a28L : BIOS.obj (.text:_ti_sysbios_family_c28_Timer_postInit__I)
                  003f28b0    0000003b     ti.targets.rts2800.a28L : System.o28L (.text:_xdc_runtime_System_formatNum__I)
                  003f28eb    00000038                             : Text.o28L (.text:_xdc_runtime_Text_putMod__E)
                  003f2923    00000037     app_p28L.o28L (.text:_xdc_runtime_HeapStd_Object__create__S)
                  003f295a    00000036     sysbios.a28L : BIOS.obj (.text:_ti_sysbios_family_c28_TimestampProvider_Module_startup__E)
                  003f2990    00000036                  : BIOS.obj (.text:_ti_sysbios_knl_Clock_logTick__E)
                  003f29c6    00000036                  : BIOS.obj (.text:_ti_sysbios_knl_Swi_restoreHwi__E)
                  003f29fc    00000033                  : BIOS.obj (.text:_ti_sysbios_knl_Task_Module_startup__E)
                  003f2a2f    00000032     ti.targets.rts2800.a28L : Error.o28L (.text:_xdc_runtime_Error_print__E)
                  003f2a61    00000031                             : Startup.o28L (.text:_xdc_runtime_Startup_exec__E)
                  003f2a92    00000030                             : Text.o28L (.text:_xdc_runtime_Text_visitRope2__I)
                  003f2ac2    0000002f     sysbios.a28L : BIOS.obj (.text:_ti_sysbios_knl_Swi_runLoop__I)
                  003f2af1    0000002f                  : BIOS.obj (.text:_ti_sysbios_knl_Swi_schedule__I)
                  003f2b20    0000002f     ti.targets.rts2800.a28L : Assert.o28L (.text:_xdc_runtime_Assert_raise__I)
                  003f2b4f    0000002f                             : Core-params.o28L (.text:_xdc_runtime_Core_assignParams__I)
                  003f2b7e    0000002e     Boot.a28L : Boot.o28L (.text:.bootCodeSection:_ti_catalog_c2800_init_Boot_configurePll2802x)
                  003f2bac    0000002c     sysbios.a28L : BIOS.obj (.text:_ti_sysbios_family_c28_Timer_start__E)
                  003f2bd8    0000002c     ti.targets.rts2800.a28L : Error.o28L (.text:_xdc_runtime_Error_setX__E)
                  003f2c04    0000002b     system.obj (.text)
                  003f2c2f    0000002a     sysbios.a28L : BIOS.obj (.text:_ti_sysbios_family_c28_Hwi_getStackInfo__E)
                  003f2c59    0000002a     rts2800_ml.lib : l_div.obj (.text)
                  003f2c83    00000029     sysbios.a28L : BIOS.obj (.text:_ti_sysbios_family_c28_Hwi_unPluggedInterrupt__I)
                  003f2cac    00000029     rts2800_ml.lib : fs_tol.obj (.text)
                  003f2cd5    00000028     DSP2802x_PieCtrl.obj (.text)
                  003f2cfd    00000027     ti.targets.rts2800.a28L : Text.o28L (.text:_xdc_runtime_Text_xprintf__I)
                  003f2d24    00000026                             : SysMin.o28L (.text:_xdc_runtime_SysMin_flush__E)
                  003f2d4a    00000025     main.obj (.text)
                  003f2d6f    00000024     ti.targets.rts2800.a28L : System.o28L (.text:_xdc_runtime_System_processAtExit__E)
                  003f2d93    00000020     sysbios.a28L : BIOS.obj (.text:_ti_sysbios_family_c28_Timer_setPrescale__E)
                  003f2db3    00000020                  : BIOS.obj (.text:_ti_sysbios_knl_Task_allBlockedFunction__I)
                  003f2dd3    0000001f     ti.targets.rts2800.a28L : System.o28L (.text:_xdc_runtime_System_atexit__E)
                  003f2df2    0000001f     rts2800_ml.lib : fd_tol.obj (.text)
                  003f2e11    0000001e     app_p28L.o28L (.text:_ti_sysbios_gates_GateHwi_Object__create__S)
                  003f2e2f    0000001e     app_p28L.o28L (.text:_ti_sysbios_gates_GateMutex_Object__create__S)
                  003f2e4d    0000001d     sysbios.a28L : c28_TaskSupport_asm.obj (.text:_ti_sysbios_family_c28_TaskSupport_buildTaskStack)
                  003f2e6a    0000001d     app_p28L.o28L (.text:_ti_sysbios_knl_Semaphore_construct)
                  003f2e87    0000001d     app_p28L.o28L (.text:_xdc_runtime_SysMin_output__I)
                  003f2ea4    0000001d     rts2800_ml.lib : memcpy.obj (.text)
                  003f2ec1    0000001c     ti.targets.rts2800.a28L : SysMin.o28L (.text:_xdc_runtime_SysMin_putch__E)
                  003f2edd    0000001b     sysbios.a28L : c28_Hwi_asm.obj (.text:_ti_sysbios_family_c28_Hwi_switchAndDispatch__I)
                  003f2ef8    0000001b                  : BIOS.obj (.text:_ti_sysbios_hal_Hwi_checkStack)
                  003f2f13    0000001b                  : BIOS.obj (.text:_ti_sysbios_hal_Hwi_initStack)
                  003f2f2e    0000001b                  : BIOS.obj (.text:_ti_sysbios_knl_Task_processVitalTaskFlag__I)
                  003f2f49    0000001a     ti.targets.rts2800.a28L : Core-label.o28L (.text:_xdc_runtime_Core_assignLabel__I)
                  003f2f63    0000001a     rts2800_ml.lib : cpy_utils.obj (.text)
                  003f2f7d    00000019     app_p28L.o28L (.text:_ti_sysbios_knl_Queue_construct)
                  003f2f96    00000019     sysbios.a28L : BIOS.obj (.text:_ti_sysbios_knl_Semaphore_pendTimeout__I)
                  003f2faf    00000019                  : BIOS.obj (.text:_ti_sysbios_knl_Swi_restore__E)
                  003f2fc8    00000019     ti.targets.rts2800.a28L : System.o28L (.text:_xdc_runtime_System_avprintf__E)
                  003f2fe1    00000019                             : System.o28L (.text:_xdc_runtime_System_putchar__I)
                  003f2ffa    00000019     crc16.obj (.text)
                  003f3013    00000019     rts2800_ml.lib : args_main.obj (.text)
                  003f302c    00000019                    : exit.obj (.text)
                  003f3045    00000018     sysbios.a28L : c28_Hwi_asm.obj (.text:_ti_sysbios_family_xxx_Hwi_switchAndRunFunc)
                  003f305d    00000018     ti.targets.rts2800.a28L : Memory.o28L (.text:_xdc_runtime_Memory_valloc__E)
                  003f3075    00000018                             : System.o28L (.text:_xdc_runtime_System_vprintf__E)
                  003f308d    00000018                             : Text.o28L (.text:_xdc_runtime_Text_printVisFxn__I)
                  003f30a5    00000017     sysbios.a28L : BIOS.obj (.text:_ti_sysbios_family_c28_Timer_startup__E)
                  003f30bc    00000017                  : BIOS.obj (.text:_ti_sysbios_knl_Clock_addI__E)
                  003f30d3    00000017     app_p28L.o28L (.text:_ti_sysbios_knl_Clock_doTick__I)
                  003f30ea    00000017     ti.targets.rts2800.a28L : LoggerBuf.o28L (.text:_xdc_runtime_LoggerBuf_Module_startup__E)
                  003f3101    00000017     rts2800_ml.lib : fs_cmp.obj (.text)
                  003f3118    00000017                    : u_tofd.obj (.text)
                  003f312f    00000016     app_p28L.o28L (.text:_ti_sysbios_BIOS_atExitFunc__I)
                  003f3145    00000016     sysbios.a28L : BIOS.obj (.text:_ti_sysbios_family_c28_Timer_Module_startup__E)
                  003f315b    00000016                  : BIOS.obj (.text:_ti_sysbios_knl_Swi_Module_startup__E)
                  003f3171    00000016                  : BIOS.obj (.text:_ti_sysbios_knl_Task_restore__E)
                  003f3187    00000016     ti.targets.rts2800.a28L : LoggerBuf.o28L (.text:_xdc_runtime_LoggerBuf_reset__E)
                  003f319d    00000016                             : SysMin.o28L (.text:_xdc_runtime_SysMin_abort__E)
                  003f31b3    00000015     DSP2802x_MemCopy.obj (.text)
                  003f31c8    00000015     sysbios.a28L : BIOS.obj (.text:_ti_sysbios_knl_Idle_run__E)
                  003f31dd    00000013     app_p28L.o28L (.text:_ti_sysbios_gates_GateMutex_Object__delete__S)
                  003f31f0    00000012     app_p28L.o28L (.text:_ti_sysbios_gates_GateHwi_Object__delete__S)
                  003f3202    00000012     sysbios.a28L : BIOS.obj (.text:_ti_sysbios_knl_Clock_Module_startup__E)
                  003f3214    00000012     ti.targets.rts2800.a28L : Text.o28L (.text:_xdc_runtime_Text_cordText__E)
                  003f3226    00000011     app_p28L.o28L (.text:_xdc_runtime_HeapStd_Object__delete__S)
                  003f3237    00000010     app_p28L.o28L (.text:_ti_sysbios_BIOS_errorRaiseHook__I)
                  003f3247    00000010     sysbios.a28L : BIOS.obj (.text:_ti_sysbios_family_c28_Timer_stop__E)
                  003f3257    00000010                  : BIOS.obj (.text:_ti_sysbios_knl_Task_restoreHwi__E)
                  003f3267    00000010     ti.targets.rts2800.a28L : SysMin.o28L (.text:_xdc_runtime_SysMin_Module_startup__E)
                  003f3277    0000000f     Boot.a28L : Boot.o28L (.text:.bootCodeSection:_ti_catalog_c2800_init_Boot_disableWatchdog)
                  003f3286    0000000f     app_p28L.o28L (.text:_ti_sysbios_BIOS_removeRTSLock__I)
                  003f3295    0000000f     app_p28L.o28L (.text:_ti_sysbios_BIOS_startFunc__I)
                  003f32a4    0000000f     sysbios.a28L : BIOS.obj (.text:_ti_sysbios_gates_GateMutex_Instance_init__E)
                  003f32b3    0000000f     ti.targets.rts2800.a28L : Error.o28L (.text:_xdc_runtime_Error_raiseX__E)
                  003f32c2    0000000f                             : Registry.o28L (.text:_xdc_runtime_Registry_findById__E)
                  003f32d1    0000000e     app_p28L.o28L (.text:_ti_sysbios_knl_Semaphore_Object__destruct__S)
                  003f32df    0000000e     app_p28L.o28L (.text:_ti_sysbios_knl_Swi_Object__get__S)
                  003f32ed    0000000e     app_p28L.o28L (.text:_ti_sysbios_knl_Task_Object__get__S)
                  003f32fb    0000000d     app_p28L.o28L (.text:_ti_sysbios_BIOS_registerRTSLock__I)
                  003f3308    0000000d     app_p28L.o28L (.text:_ti_sysbios_BIOS_rtsLock__I)
                  003f3315    0000000d     sysbios.a28L : BIOS.obj (.text:_ti_sysbios_family_c28_Hwi_dispatchC__I)
                  003f3322    0000000d                  : BIOS.obj (.text:_ti_sysbios_family_c28_TaskSupport_checkStack__E)
                  003f332f    0000000d                  : c28_TaskSupport_asm.obj (.text:_ti_sysbios_family_c28_TaskSupport_swap__E)
                  003f333c    0000000d     app_p28L.o28L (.text:_ti_sysbios_gates_GateHwi_Handle__label__S)
                  003f3349    0000000d     app_p28L.o28L (.text:_ti_sysbios_gates_GateMutex_Handle__label__S)
                  003f3356    0000000d     app_p28L.o28L (.text:_ti_sysbios_knl_Queue_Object__destruct__S)
                  003f3363    0000000d     sysbios.a28L : BIOS.obj (.text:_ti_sysbios_knl_Task_enter__I)
                  003f3370    0000000d                  : BIOS.obj (.text:_ti_sysbios_knl_Task_sleepTimeout__I)
                  003f337d    0000000d     app_p28L.o28L (.text:_xdc_runtime_HeapStd_Handle__label__S)
                  003f338a    0000000d     ti.targets.rts2800.a28L : System.o28L (.text:_xdc_runtime_System_abort__E)
                  003f3397    0000000c     app_p28L.o28L (.text:_ti_sysbios_BIOS_exitFunc__I)
                  003f33a3    0000000c     app_p28L.o28L (.text:_ti_sysbios_family_c28_Hwi_disableIER__E)
                  003f33af    0000000c     sysbios.a28L : BIOS.obj (.text:_ti_sysbios_gates_GateMutex_leave__E)
                  003f33bb    0000000c                  : BIOS.obj (.text:_ti_sysbios_knl_Queue_put__E)
                  003f33c7    0000000c     ti.targets.rts2800.a28L : Error.o28L (.text:_xdc_runtime_Error_check__E)
                  003f33d3    0000000c     rts2800_ml.lib : memset.obj (.text)
                  003f33df    0000000b     app_p28L.o28L (.text:_ti_sysbios_family_c28_Hwi_Module__startupDone__F)
                  003f33ea    0000000b     app_p28L.o28L (.text:_ti_sysbios_family_c28_Hwi_Object__get__S)
                  003f33f5    0000000b     app_p28L.o28L (.text:_ti_sysbios_family_c28_Hwi_enableIER__E)
                  003f3400    0000000b     app_p28L.o28L (.text:_ti_sysbios_family_c28_Timer_Module__startupDone__F)
                  003f340b    0000000b     app_p28L.o28L (.text:_ti_sysbios_knl_Queue_Object__get__S)
                  003f3416    0000000b     sysbios.a28L : BIOS.obj (.text:_ti_sysbios_knl_Task_enabled__E)
                  003f3421    0000000b                  : BIOS.obj (.text:_ti_sysbios_knl_Task_unblock__E)
                  003f342c    0000000b     ti.targets.rts2800.a28L : SysMin.o28L (.text:_xdc_runtime_SysMin_exit__E)
                  003f3437    0000000b                             : System.o28L (.text:_xdc_runtime_System_exit__E)
                  003f3442    0000000b                             : Text.o28L (.text:_xdc_runtime_Text_ropeText__E)
                  003f344d    0000000b     fails_control.obj (.text)
                  003f3458    0000000a     app_p28L.o28L (.text:_xdc_runtime_LoggerBuf_Object__get__S)
                  003f3462    0000000a     ti.targets.rts2800.a28L : Memory.o28L (.text:_xdc_runtime_Memory_free__E)
                  003f346c    00000009     app_p28L.o28L (.text:_ti_sysbios_BIOS_rtsUnlock__I)
                  003f3475    00000009     app_p28L.o28L (.text:_ti_sysbios_family_c28_Hwi_restoreIER__E)
                  003f347e    00000009     sysbios.a28L : c28_TaskSupport_asm.obj (.text:_ti_sysbios_family_c28_TaskSupport_glue)
                  003f3487    00000009                  : BIOS.obj (.text:_ti_sysbios_hal_Hwi_Module_startup__E)
                  003f3490    00000009                  : BIOS.obj (.text:_ti_sysbios_hal_Timer_Module_startup__E)
                  003f3499    00000009     app_p28L.o28L (.text:_ti_sysbios_knl_Task_SupportProxy_start__E)
                  003f34a2    00000009     app_p28L.o28L (.text:_xdc_runtime_Startup_exec__I)
                  003f34ab    00000009     ti.targets.rts2800.a28L : System.o28L (.text:_xdc_runtime_System_vsnprintf__E)
                  003f34b4    00000009     app_p28L.o28L (.text:_xdc_runtime_Text_visitRope__I)
                  003f34bd    00000009     rts2800_ml.lib : _lock.obj (.text)
                  003f34c6    00000008     sysbios.a28L : BIOS.obj (.text:_ti_sysbios_BIOS_setThreadType__E)
                  003f34ce    00000008                  : BIOS.obj (.text:_ti_sysbios_gates_GateMutex_Instance_finalize__E)
                  003f34d6    00000008                  : BIOS.obj (.text:_ti_sysbios_knl_Semaphore_Instance_finalize__E)
                  003f34de    00000008     app_p28L.o28L (.text:_xdc_runtime_IHeap_alloc)
                  003f34e6    00000008     ti.targets.rts2800.a28L : Memory.o28L (.text:_xdc_runtime_Memory_calloc__E)
                  003f34ee    00000008                             : SysMin.o28L (.text:_xdc_runtime_SysMin_ready__E)
                  003f34f6    00000008     rts2800_ml.lib : strlen.obj (.text)
                  003f34fe    00000007     app_p28L.o28L (.text:.bootCodeSection:_ti_catalog_c2800_init_Boot_init)
                  003f3505    00000007     sysbios.a28L : BIOS.obj (.text:_ti_sysbios_knl_Queue_empty__E)
                  003f350c    00000007     ti.targets.rts2800.a28L : HeapStd.o28L (.text:_xdc_runtime_HeapStd_getStats__E)
                  003f3513    00000007     app_p28L.o28L (.text:_xdc_runtime_System_aprintf__E)
                  003f351a    00000007     app_p28L.o28L (.text:_xdc_runtime_System_printf__E)
                  003f3521    00000006     sysbios.a28L : BIOS.obj (.text:_ti_sysbios_BIOS_start__E)
                  003f3527    00000006                  : c28_IntrinsicsSupport_asm.obj (.text:_ti_sysbios_family_c28_IntrinsicsSupport_maxbit__E)
                  003f352d    00000006                  : BIOS.obj (.text:_ti_sysbios_family_c28_TimestampProvider_rolloverFunc__E)
                  003f3533    00000006                  : BIOS.obj (.text:_ti_sysbios_family_c28_TimestampProvider_startTimer__E)
                  003f3539    00000006                  : BIOS.obj (.text:_ti_sysbios_knl_Swi_disable__E)
                  003f353f    00000006                  : BIOS.obj (.text:_ti_sysbios_knl_Task_disable__E)
                  003f3545    00000006     ti.targets.rts2800.a28L : Gate.o28L (.text:_xdc_runtime_Gate_enterSystem__E)
                  003f354b    00000006                             : Gate.o28L (.text:_xdc_runtime_Gate_leaveSystem__E)
                  003f3551    00000005     sysbios.a28L : BIOS.obj (.text:_ti_sysbios_family_c28_Hwi_switchFromBootStack__E)
                  003f3556    00000005                  : BIOS.obj (.text:_ti_sysbios_gates_GateHwi_enter__E)
                  003f355b    00000005     ti.targets.rts2800.a28L : Error.o28L (.text:_xdc_runtime_Error_init__E)
                  003f3560    00000005     rts2800_ml.lib : strcpy.obj (.text)
                  003f3565    00000004     app_p28L.o28L (.text:_ti_sysbios_family_c28_Hwi_startup__E)
                  003f3569    00000004     sysbios.a28L : BIOS.obj (.text:_ti_sysbios_hal_Timer_start__E)
                  003f356d    00000004                  : BIOS.obj (.text:_ti_sysbios_knl_Swi_startup__E)
                  003f3571    00000004     app_p28L.o28L (.text:_xdc_runtime_IHeap_free)
                  003f3575    00000004     ti.targets.rts2800.a28L : Memory.o28L (.text:_xdc_runtime_Memory_getMaxDefaultTypeAlign__E)
                  003f3579    00000003                             : xdc_noinit.o28L (.text:___xdc__init)
                  003f357c    00000003     app_p28L.o28L (.text:_ti_catalog_c2800_init_Boot_limpAbort)
                  003f357f    00000003     app_p28L.o28L (.text:_ti_sysbios_BIOS_RtsGateProxy_enter__E)
                  003f3582    00000003     app_p28L.o28L (.text:_ti_sysbios_BIOS_RtsGateProxy_leave__E)
                  003f3585    00000003     sysbios.a28L : BIOS.obj (.text:_ti_sysbios_gates_GateHwi_leave__E)
                  003f3588    00000003     app_p28L.o28L (.text:_ti_sysbios_hal_Hwi_HwiProxy_getStackInfo__E)
                  003f358b    00000003     app_p28L.o28L (.text:_ti_sysbios_hal_Hwi_HwiProxy_switchFromBootStack__E)
                  003f358e    00000003     sysbios.a28L : BIOS.obj (.text:_ti_sysbios_hal_Hwi_startup__E)
                  003f3591    00000003     app_p28L.o28L (.text:_ti_sysbios_hal_Timer_TimerProxy_start__E)
                  003f3594    00000003     app_p28L.o28L (.text:_ti_sysbios_knl_Clock_TimerProxy_getMaxTicks__E)
                  003f3597    00000003     sysbios.a28L : BIOS.obj (.text:_ti_sysbios_knl_Idle_loop__E)
                  003f359a    00000003                  : BIOS.obj (.text:_ti_sysbios_knl_Queue_Instance_init__E)
                  003f359d    00000003     app_p28L.o28L (.text:_ti_sysbios_knl_Queue_destruct)
                  003f35a0    00000003     app_p28L.o28L (.text:_ti_sysbios_knl_Semaphore_destruct)
                  003f35a3    00000003     app_p28L.o28L (.text:_ti_sysbios_knl_Task_SupportProxy_checkStack__E)
                  003f35a6    00000003     app_p28L.o28L (.text:_ti_sysbios_knl_Task_SupportProxy_swap__E)
                  003f35a9    00000003     sysbios.a28L : BIOS.obj (.text:_ti_sysbios_knl_Task_startup__E)
                  003f35ac    00000003     app_p28L.o28L (.text:_xdc_runtime_System_Module_GateProxy_enter__E)
                  003f35af    00000003     app_p28L.o28L (.text:_xdc_runtime_System_Module_GateProxy_leave__E)
                  003f35b2    00000003     ti.targets.rts2800.a28L : System.o28L (.text:_xdc_runtime_System_Module_startup__E)
                  003f35b5    00000003     app_p28L.o28L (.text:_xdc_runtime_System_SupportProxy_abort__E)
                  003f35b8    00000003     app_p28L.o28L (.text:_xdc_runtime_System_SupportProxy_exit__E)
                  003f35bb    00000003     app_p28L.o28L (.text:_xdc_runtime_System_SupportProxy_putch__E)
                  003f35be    00000003     app_p28L.o28L (.text:_xdc_runtime_System_SupportProxy_ready__E)
                  003f35c1    00000003     ti.targets.rts2800.a28L : System.o28L (.text:_xdc_runtime_System_abortStd__E)
                  003f35c4    00000003                             : System.o28L (.text:_xdc_runtime_System_exitStd__E)
                  003f35c7    00000002     app_p28L.o28L (.text:_malloc)
                  003f35c9    00000002     Boot.a28L : Boot.o28L (.text:_ti_catalog_c2800_init_Boot_defaultLimpAbortFunction)
                  003f35cb    00000002     app_p28L.o28L (.text:_ti_sysbios_family_c28_TaskSupport_Module__startupDone__S)
                  003f35cd    00000002     sysbios.a28L : BIOS.obj (.text:_ti_sysbios_family_c28_Timer_getMaxTicks__E)
                  003f35cf    00000002                  : BIOS.obj (.text:_ti_sysbios_gates_GateHwi_query__E)
                  003f35d1    00000002                  : BIOS.obj (.text:_ti_sysbios_gates_GateMutex_query__E)
                  003f35d3    00000002     ti.targets.rts2800.a28L : Error.o28L (.text:_xdc_runtime_Error_getSite__E)
                  003f35d5    00000002                             : HeapStd.o28L (.text:_xdc_runtime_HeapStd_isBlocking__E)
                  003f35d7    00000001     app_p28L.o28L (.text:_free)
                  003f35d8    00000001     app_p28L.o28L (.text:_ti_sysbios_BIOS_nullFunc__I)
                  003f35d9    00000001     sysbios.a28L : c28_Hwi_asm.obj (.text:_ti_sysbios_family_c28_Hwi_interruptReturn__I)
                  003f35da    00000001                  : BIOS.obj (.text:_ti_sysbios_gates_GateHwi_Instance_init__E)

.econst    0    003f35dc    000018ed     
                  003f35dc    000012c4     app_p28L.o28L (.econst:xdc_runtime_Text_charTab__A)
                  003f48a0    00000100     crc16.obj (.econst:_Crc16Table)
                  003f49a0    00000100     app_p28L.o28L (.econst:_ti_sysbios_family_c28_Hwi_vectors)
                  003f4aa0    0000005d     app_p28L.o28L (.econst:.string)
                  003f4afd    00000001     app_p28L.o28L (.econst:ti_sysbios_family_c28_Hwi_Module__id__C)
                  003f4afe    00000058     ti.targets.rts2800.a28L : Error.o28L (.econst:.string)
                  003f4b56    00000052     app_p28L.o28L (.econst:xdc_runtime_Text_nodeTab__A)
                  003f4ba8    0000004b     ti.targets.rts2800.a28L : Log.o28L (.econst:.string)
                  003f4bf3    00000001     app_p28L.o28L (.econst:ti_sysbios_family_c28_Hwi_Module__loggerDefined__C)
                  003f4bf4    00000043     ti.targets.rts2800.a28L : Text.o28L (.econst:.string)
                  003f4c37    00000001     app_p28L.o28L (.econst:ti_sysbios_family_c28_Hwi_NUM_INTERRUPTS_ALL__C)
                  003f4c38    0000003c     modbus_slave.obj (.econst:_ParametersTable)
                  003f4c74    0000002a     ti.targets.rts2800.a28L : Startup.o28L (.econst:.string)
                  003f4c9e    00000016     app_p28L.o28L (.econst:xdc_runtime_Startup_sfxnTab__A)
                  003f4cb4    00000014     app_p28L.o28L (.econst:xdc_runtime_HeapStd_Module__FXNS__C)
                  003f4cc8    00000012     app_p28L.o28L (.econst:ti_sysbios_gates_GateHwi_Module__FXNS__C)
                  003f4cda    00000012     app_p28L.o28L (.econst:ti_sysbios_gates_GateMutex_Module__FXNS__C)
                  003f4cec    00000011     ti.targets.rts2800.a28L : System.o28L (.econst:.string:_digtohex)
                  003f4cfd    00000001     app_p28L.o28L (.econst:ti_sysbios_family_c28_Hwi_Object__count__C)
                  003f4cfe    00000010     app_p28L.o28L (.econst)
                  003f4d0e    00000010     app_p28L.o28L (.econst:ti_sysbios_gates_GateHwi_Object__DESC__C)
                  003f4d1e    00000010     app_p28L.o28L (.econst:ti_sysbios_gates_GateMutex_Object__DESC__C)
                  003f4d2e    00000010     app_p28L.o28L (.econst:ti_sysbios_knl_Queue_Object__DESC__C)
                  003f4d3e    00000010     app_p28L.o28L (.econst:ti_sysbios_knl_Semaphore_Object__DESC__C)
                  003f4d4e    00000010     app_p28L.o28L (.econst:ti_sysbios_knl_Semaphore_Object__PARAMS__C)
                  003f4d5e    00000010     app_p28L.o28L (.econst:xdc_runtime_HeapStd_Object__DESC__C)
                  003f4d6e    0000000e     app_p28L.o28L (.econst:xdc_runtime_HeapStd_Object__PARAMS__C)
                  003f4d7c    0000000c     app_p28L.o28L (.econst:ti_sysbios_gates_GateHwi_Object__PARAMS__C)
                  003f4d88    0000000c     app_p28L.o28L (.econst:ti_sysbios_gates_GateMutex_Object__PARAMS__C)
                  003f4d94    0000000c     app_p28L.o28L (.econst:ti_sysbios_knl_Queue_Object__PARAMS__C)
                  003f4da0    0000000b     app_p28L.o28L (.econst:xdc_runtime_Startup_sfxnRts__A)
                  003f4dab    00000001     app_p28L.o28L (.econst:ti_sysbios_family_c28_TaskSupport_Module__id__C)
                  003f4dac    00000007     ti.targets.rts2800.a28L : System.o28L (.econst:.string)
                  003f4db3    00000001     app_p28L.o28L (.econst:ti_sysbios_family_c28_Timer_startupNeeded__C)
                  003f4db4    00000005     ti.targets.rts2800.a28L : Assert.o28L (.econst:.string)
                  003f4db9    00000001     app_p28L.o28L (.econst:ti_sysbios_family_c28_TimestampProvider_Module__id__C)
                  003f4dba    00000004     adc.obj (.econst)
                  003f4dbe    00000004     app_p28L.o28L (.econst:ti_sysbios_knl_Idle_funcList__C)
                  003f4dc2    00000004     app_p28L.o28L (.econst:xdc_runtime_Startup_firstFxns__C)
                  003f4dc6    00000004     app_p28L.o28L (.econst:xdc_runtime_Startup_lastFxns__C)
                  003f4dca    00000002     app_p28L.o28L (.econst:ti_sysbios_family_c28_Hwi_A_badIntNum__C)
                  003f4dcc    00000002     app_p28L.o28L (.econst:ti_sysbios_family_c28_Hwi_A_invalidArg__C)
                  003f4dce    00000002     app_p28L.o28L (.econst:ti_sysbios_family_c28_Hwi_E_unpluggedInterrupt__C)
                  003f4dd0    00000002     app_p28L.o28L (.econst:ti_sysbios_family_c28_Hwi_LD_end__C)
                  003f4dd2    00000002     app_p28L.o28L (.econst:ti_sysbios_family_c28_Hwi_LM_begin__C)
                  003f4dd4    00000002     app_p28L.o28L (.econst:ti_sysbios_family_c28_Hwi_Module__diagsEnabled__C)
                  003f4dd6    00000002     app_p28L.o28L (.econst:ti_sysbios_family_c28_Hwi_Module__diagsIncluded__C)
                  003f4dd8    00000002     app_p28L.o28L (.econst:ti_sysbios_family_c28_Hwi_Module__diagsMask__C)
                  003f4dda    00000002     app_p28L.o28L (.econst:ti_sysbios_family_c28_Hwi_Module__loggerFxn1__C)
                  003f4ddc    00000002     app_p28L.o28L (.econst:ti_sysbios_family_c28_Hwi_Module__loggerFxn8__C)
                  003f4dde    00000002     app_p28L.o28L (.econst:ti_sysbios_family_c28_Hwi_Module__loggerObj__C)
                  003f4de0    00000002     app_p28L.o28L (.econst:ti_sysbios_family_c28_TaskSupport_E_invalidStack__C)
                  003f4de2    00000002     app_p28L.o28L (.econst:ti_sysbios_family_c28_TimestampProvider_Module__diagsEnabled__C)
                  003f4de4    00000002     app_p28L.o28L (.econst:ti_sysbios_family_c28_TimestampProvider_Module__diagsIncluded__C)
                  003f4de6    00000002     app_p28L.o28L (.econst:ti_sysbios_family_c28_TimestampProvider_Module__diagsMask__C)
                  003f4de8    00000002     app_p28L.o28L (.econst:ti_sysbios_gates_GateMutex_A_badContext__C)
                  003f4dea    00000002     app_p28L.o28L (.econst:ti_sysbios_gates_GateMutex_Instance_State_sem__O)
                  003f4dec    00000002     app_p28L.o28L (.econst:ti_sysbios_gates_GateMutex_Module__diagsEnabled__C)
                  003f4dee    00000002     app_p28L.o28L (.econst:ti_sysbios_gates_GateMutex_Module__diagsIncluded__C)
                  003f4df0    00000002     app_p28L.o28L (.econst:ti_sysbios_gates_GateMutex_Module__diagsMask__C)
                  003f4df2    00000002     app_p28L.o28L (.econst:ti_sysbios_hal_Hwi_E_stackOverflow__C)
                  003f4df4    00000002     app_p28L.o28L (.econst:ti_sysbios_knl_Clock_LM_begin__C)
                  003f4df6    00000002     app_p28L.o28L (.econst:ti_sysbios_knl_Clock_LM_tick__C)
                  003f4df8    00000002     app_p28L.o28L (.econst:ti_sysbios_knl_Clock_LW_delayed__C)
                  003f4dfa    00000002     app_p28L.o28L (.econst:ti_sysbios_knl_Clock_Module_State_clockQ__O)
                  003f4dfc    00000002     app_p28L.o28L (.econst:ti_sysbios_knl_Clock_Module__diagsEnabled__C)
                  003f4dfe    00000002     app_p28L.o28L (.econst:ti_sysbios_knl_Clock_Module__diagsIncluded__C)
                  003f4e00    00000002     app_p28L.o28L (.econst:ti_sysbios_knl_Clock_Module__diagsMask__C)
                  003f4e02    00000002     app_p28L.o28L (.econst:ti_sysbios_knl_Clock_Module__loggerFxn1__C)
                  003f4e04    00000002     app_p28L.o28L (.econst:ti_sysbios_knl_Clock_Module__loggerFxn2__C)
                  003f4e06    00000002     app_p28L.o28L (.econst:ti_sysbios_knl_Clock_Module__loggerObj__C)
                  003f4e08    00000002     app_p28L.o28L (.econst:ti_sysbios_knl_Idle_funcList__A)
                  003f4e0a    00000002     app_p28L.o28L (.econst:ti_sysbios_knl_Semaphore_A_badContext__C)
                  003f4e0c    00000002     app_p28L.o28L (.econst:ti_sysbios_knl_Semaphore_A_noEvents__C)
                  003f4e0e    00000002     app_p28L.o28L (.econst:ti_sysbios_knl_Semaphore_A_overflow__C)
                  003f4e10    00000002     app_p28L.o28L (.econst:ti_sysbios_knl_Semaphore_A_pendTaskDisabled__C)
                  003f4e12    00000002     app_p28L.o28L (.econst:ti_sysbios_knl_Semaphore_Instance_State_pendQ__O)
                  003f4e14    00000002     app_p28L.o28L (.econst:ti_sysbios_knl_Semaphore_LM_pend__C)
                  003f4e16    00000002     app_p28L.o28L (.econst:ti_sysbios_knl_Semaphore_LM_post__C)
                  003f4e18    00000002     app_p28L.o28L (.econst:ti_sysbios_knl_Semaphore_Module__diagsEnabled__C)
                  003f4e1a    00000002     app_p28L.o28L (.econst:ti_sysbios_knl_Semaphore_Module__diagsIncluded__C)
                  003f4e1c    00000002     app_p28L.o28L (.econst:ti_sysbios_knl_Semaphore_Module__diagsMask__C)
                  003f4e1e    00000002     app_p28L.o28L (.econst:ti_sysbios_knl_Semaphore_Module__loggerFxn2__C)
                  003f4e20    00000002     app_p28L.o28L (.econst:ti_sysbios_knl_Semaphore_Module__loggerFxn4__C)
                  003f4e22    00000002     app_p28L.o28L (.econst:ti_sysbios_knl_Semaphore_Module__loggerObj__C)
                  003f4e24    00000002     app_p28L.o28L (.econst:ti_sysbios_knl_Swi_LD_end__C)
                  003f4e26    00000002     app_p28L.o28L (.econst:ti_sysbios_knl_Swi_LM_begin__C)
                  003f4e28    00000002     app_p28L.o28L (.econst:ti_sysbios_knl_Swi_LM_post__C)
                  003f4e2a    00000002     app_p28L.o28L (.econst:ti_sysbios_knl_Swi_Module__diagsEnabled__C)
                  003f4e2c    00000002     app_p28L.o28L (.econst:ti_sysbios_knl_Swi_Module__diagsIncluded__C)
                  003f4e2e    00000002     app_p28L.o28L (.econst:ti_sysbios_knl_Swi_Module__diagsMask__C)
                  003f4e30    00000002     app_p28L.o28L (.econst:ti_sysbios_knl_Swi_Module__loggerFxn1__C)
                  003f4e32    00000002     app_p28L.o28L (.econst:ti_sysbios_knl_Swi_Module__loggerFxn4__C)
                  003f4e34    00000002     app_p28L.o28L (.econst:ti_sysbios_knl_Swi_Module__loggerObj__C)
                  003f4e36    00000002     app_p28L.o28L (.econst:ti_sysbios_knl_Task_A_badTimeout__C)
                  003f4e38    00000002     app_p28L.o28L (.econst:ti_sysbios_knl_Task_A_sleepTaskDisabled__C)
                  003f4e3a    00000002     app_p28L.o28L (.econst:ti_sysbios_knl_Task_E_spOutOfBounds__C)
                  003f4e3c    00000002     app_p28L.o28L (.econst:ti_sysbios_knl_Task_E_stackOverflow__C)
                  003f4e3e    00000002     app_p28L.o28L (.econst:ti_sysbios_knl_Task_LD_block__C)
                  003f4e40    00000002     app_p28L.o28L (.econst:ti_sysbios_knl_Task_LD_exit__C)
                  003f4e42    00000002     app_p28L.o28L (.econst:ti_sysbios_knl_Task_LD_ready__C)
                  003f4e44    00000002     app_p28L.o28L (.econst:ti_sysbios_knl_Task_LM_sleep__C)
                  003f4e46    00000002     app_p28L.o28L (.econst:ti_sysbios_knl_Task_LM_switch__C)
                  003f4e48    00000002     app_p28L.o28L (.econst:ti_sysbios_knl_Task_Module_State_inactiveQ__O)
                  003f4e4a    00000002     app_p28L.o28L (.econst:ti_sysbios_knl_Task_Module__diagsEnabled__C)
                  003f4e4c    00000002     app_p28L.o28L (.econst:ti_sysbios_knl_Task_Module__diagsIncluded__C)
                  003f4e4e    00000002     app_p28L.o28L (.econst:ti_sysbios_knl_Task_Module__diagsMask__C)
                  003f4e50    00000002     app_p28L.o28L (.econst:ti_sysbios_knl_Task_Module__loggerFxn2__C)
                  003f4e52    00000002     app_p28L.o28L (.econst:ti_sysbios_knl_Task_Module__loggerFxn4__C)
                  003f4e54    00000002     app_p28L.o28L (.econst:ti_sysbios_knl_Task_Module__loggerObj__C)
                  003f4e56    00000002     app_p28L.o28L (.econst:ti_sysbios_knl_Task_allBlockedFunc__C)
                  003f4e58    00000002     app_p28L.o28L (.econst:xdc_runtime_Assert_E_assertFailed__C)
                  003f4e5a    00000002     app_p28L.o28L (.econst:xdc_runtime_Core_A_initializedParams__C)
                  003f4e5c    00000002     app_p28L.o28L (.econst:xdc_runtime_Core_Module__diagsEnabled__C)
                  003f4e5e    00000002     app_p28L.o28L (.econst:xdc_runtime_Core_Module__diagsIncluded__C)
                  003f4e60    00000002     app_p28L.o28L (.econst:xdc_runtime_Core_Module__diagsMask__C)
                  003f4e62    00000002     app_p28L.o28L (.econst:xdc_runtime_Error_E_memory__C)
                  003f4e64    00000002     app_p28L.o28L (.econst:xdc_runtime_Error_Module__diagsEnabled__C)
                  003f4e66    00000002     app_p28L.o28L (.econst:xdc_runtime_Error_Module__diagsIncluded__C)
                  003f4e68    00000002     app_p28L.o28L (.econst:xdc_runtime_Error_Module__diagsMask__C)
                  003f4e6a    00000002     app_p28L.o28L (.econst:xdc_runtime_Error_Module__loggerFxn8__C)
                  003f4e6c    00000002     app_p28L.o28L (.econst:xdc_runtime_Error_Module__loggerObj__C)
                  003f4e6e    00000002     app_p28L.o28L (.econst:xdc_runtime_Error_policyFxn__C)
                  003f4e70    00000002     app_p28L.o28L (.econst:xdc_runtime_Error_raiseHook__C)
                  003f4e72    00000002     app_p28L.o28L (.econst:xdc_runtime_HeapStd_A_align__C)
                  003f4e74    00000002     app_p28L.o28L (.econst:xdc_runtime_HeapStd_A_invalidTotalFreeSize__C)
                  003f4e76    00000002     app_p28L.o28L (.econst:xdc_runtime_HeapStd_A_zeroSize__C)
                  003f4e78    00000002     app_p28L.o28L (.econst:xdc_runtime_HeapStd_E_noRTSMemory__C)
                  003f4e7a    00000002     app_p28L.o28L (.econst:xdc_runtime_HeapStd_Module__diagsEnabled__C)
                  003f4e7c    00000002     app_p28L.o28L (.econst:xdc_runtime_HeapStd_Module__diagsIncluded__C)
                  003f4e7e    00000002     app_p28L.o28L (.econst:xdc_runtime_HeapStd_Module__diagsMask__C)
                  003f4e80    00000002     app_p28L.o28L (.econst:xdc_runtime_IGateProvider_Interface__BASE__C)
                  003f4e82    00000002     app_p28L.o28L (.econst:xdc_runtime_IHeap_Interface__BASE__C)
                  003f4e84    00000002     app_p28L.o28L (.econst:xdc_runtime_IModule_Interface__BASE__C)
                  003f4e86    00000002     app_p28L.o28L (.econst:xdc_runtime_Log_L_error__C)
                  003f4e88    00000002     app_p28L.o28L (.econst:xdc_runtime_Memory_defaultHeapInstance__C)
                  003f4e8a    00000002     app_p28L.o28L (.econst:xdc_runtime_Startup_execImpl__C)
                  003f4e8c    00000002     app_p28L.o28L (.econst:xdc_runtime_Startup_firstFxns__A)
                  003f4e8e    00000002     app_p28L.o28L (.econst:xdc_runtime_Startup_lastFxns__A)
                  003f4e90    00000002     app_p28L.o28L (.econst:xdc_runtime_Startup_sfxnRts__C)
                  003f4e92    00000002     app_p28L.o28L (.econst:xdc_runtime_Startup_sfxnTab__C)
                  003f4e94    00000002     app_p28L.o28L (.econst:xdc_runtime_SysMin_bufSize__C)
                  003f4e96    00000002     app_p28L.o28L (.econst:xdc_runtime_SysMin_outputFunc__C)
                  003f4e98    00000002     app_p28L.o28L (.econst:xdc_runtime_System_Module__gateObj__C)
                  003f4e9a    00000002     app_p28L.o28L (.econst:xdc_runtime_System_abortFxn__C)
                  003f4e9c    00000002     app_p28L.o28L (.econst:xdc_runtime_System_exitFxn__C)
                  003f4e9e    00000002     app_p28L.o28L (.econst:xdc_runtime_System_extendFxn__C)
                  003f4ea0    00000002     app_p28L.o28L (.econst:xdc_runtime_Text_charTab__C)
                  003f4ea2    00000002     app_p28L.o28L (.econst:xdc_runtime_Text_nameEmpty__C)
                  003f4ea4    00000002     app_p28L.o28L (.econst:xdc_runtime_Text_nameStatic__C)
                  003f4ea6    00000002     app_p28L.o28L (.econst:xdc_runtime_Text_nameUnknown__C)
                  003f4ea8    00000002     app_p28L.o28L (.econst:xdc_runtime_Text_nodeTab__C)
                  003f4eaa    00000002     app_p28L.o28L (.econst:xdc_runtime_Text_visitRopeFxn__C)
                  003f4eac    00000001     app_p28L.o28L (.econst:ti_sysbios_family_c28_TimestampProvider_useClockTimer__C)
                  003f4ead    00000001     app_p28L.o28L (.econst:ti_sysbios_gates_GateMutex_Module__id__C)
                  003f4eae    00000001     app_p28L.o28L (.econst:ti_sysbios_hal_Hwi_Module__id__C)
                  003f4eaf    00000001     app_p28L.o28L (.econst:ti_sysbios_knl_Clock_Module__id__C)
                  003f4eb0    00000001     app_p28L.o28L (.econst:ti_sysbios_knl_Clock_Module__loggerDefined__C)
                  003f4eb1    00000001     app_p28L.o28L (.econst:ti_sysbios_knl_Semaphore_Module__id__C)
                  003f4eb2    00000001     app_p28L.o28L (.econst:ti_sysbios_knl_Semaphore_Module__loggerDefined__C)
                  003f4eb3    00000001     app_p28L.o28L (.econst:ti_sysbios_knl_Swi_Module__id__C)
                  003f4eb4    00000001     app_p28L.o28L (.econst:ti_sysbios_knl_Swi_Module__loggerDefined__C)
                  003f4eb5    00000001     app_p28L.o28L (.econst:ti_sysbios_knl_Swi_Object__count__C)
                  003f4eb6    00000001     app_p28L.o28L (.econst:ti_sysbios_knl_Task_Module__id__C)
                  003f4eb7    00000001     app_p28L.o28L (.econst:ti_sysbios_knl_Task_Module__loggerDefined__C)
                  003f4eb8    00000001     app_p28L.o28L (.econst:ti_sysbios_knl_Task_Object__count__C)
                  003f4eb9    00000001     app_p28L.o28L (.econst:ti_sysbios_knl_Task_initStackFlag__C)
                  003f4eba    00000001     app_p28L.o28L (.econst:ti_sysbios_knl_Task_numConstructedTasks__C)
                  003f4ebb    00000001     app_p28L.o28L (.econst:xdc_runtime_Core_Module__id__C)
                  003f4ebc    00000001     app_p28L.o28L (.econst:xdc_runtime_Error_Module__loggerDefined__C)
                  003f4ebd    00000001     app_p28L.o28L (.econst:xdc_runtime_Error_maxDepth__C)
                  003f4ebe    00000001     app_p28L.o28L (.econst:xdc_runtime_Error_policy__C)
                  003f4ebf    00000001     app_p28L.o28L (.econst:xdc_runtime_HeapStd_Module__id__C)
                  003f4ec0    00000001     app_p28L.o28L (.econst:xdc_runtime_LoggerBuf_Object__count__C)
                  003f4ec1    00000001     app_p28L.o28L (.econst:xdc_runtime_Memory_Module__id__C)
                  003f4ec2    00000001     app_p28L.o28L (.econst:xdc_runtime_Startup_maxPasses__C)
                  003f4ec3    00000001     app_p28L.o28L (.econst:xdc_runtime_SysMin_flushAtExit__C)
                  003f4ec4    00000001     app_p28L.o28L (.econst:xdc_runtime_System_maxAtexitHandlers__C)
                  003f4ec5    00000001     app_p28L.o28L (.econst:xdc_runtime_Text_charCnt__C)
                  003f4ec6    00000001     app_p28L.o28L (.econst:xdc_runtime_Text_isLoaded__C)
                  003f4ec7    00000001     app_p28L.o28L (.econst:xdc_runtime_Text_registryModsLastId__C)
                  003f4ec8    00000001     app_p28L.o28L (.econst:xdc_runtime_Text_unnamedModsLastId__C)

.cinit     0    003f4ec9    00000461     
                  003f4ec9    0000042b     app_p28L.o28L (.cinit)
                  003f52f4    00000014     scalar.obj (.cinit)
                  003f5308    0000000a     rts2800_ml.lib : exit.obj (.cinit)
                  003f5312    00000005                    : _lock.obj (.cinit:__lock)
                  003f5317    00000005                    : _lock.obj (.cinit:__unlock)
                  003f531c    00000004     Uart.obj (.cinit)
                  003f5320    00000004     pwm.obj (.cinit)
                  003f5324    00000004     rts2800_ml.lib : errno.obj (.cinit)
                  003f5328    00000002     --HOLE-- [fill = 0]

IQmath     0    003f532a    00000097     
                  003f532a    00000047     IQmath.lib : IQ24div.obj (IQmath)
                  003f5371    00000029                : IQ24sinPU.obj (IQmath)
                  003f539a    00000027                : IQ24cosPU.obj (IQmath)

ramfuncs   0    003f53c1    00000004     RUN ADDR = 00008e26
                  003f53c1    00000004     DSP2802x_usDelay.obj (ramfuncs)

.switch    0    003f53c6    0000001c     
                  003f53c6    0000001c     sysbios.a28L : BIOS.obj (.switch:_ti_sysbios_family_c28_Hwi_clearInterrupt__E)

.ti_catalog_c2800_init_begin 
*          0    003f7ff6    00000002     
                  003f7ff6    00000002     Boot.a28L : Boot_asm.o28L (.ti_catalog_c2800_init_begin)

IQmathTables 
*          0    003fe000    00000b50     NOLOAD SECTION
                  003fe000    00000b50     IQmath.lib : IQmathTables.obj (IQmathTables)

.stack     1    00000000    00000100     UNINITIALIZED
                  00000000    00000100     --HOLE--

DevEmuRegsFile 
*          1    00000880    00000004     UNINITIALIZED
                  00000880    00000004     DSP2802x_GlobalVariableDefs.obj (DevEmuRegsFile)

SysPwrCtrlRegsFile 
*          1    00000985    00000003     UNINITIALIZED
                  00000985    00000003     DSP2802x_GlobalVariableDefs.obj (SysPwrCtrlRegsFile)

FlashRegsFile 
*          1    00000a80    00000008     UNINITIALIZED
                  00000a80    00000008     DSP2802x_GlobalVariableDefs.obj (FlashRegsFile)

CsmRegsFile 
*          1    00000ae0    00000010     UNINITIALIZED
                  00000ae0    00000010     DSP2802x_GlobalVariableDefs.obj (CsmRegsFile)

AdcResultFile 
*          1    00000b00    00000020     UNINITIALIZED
                  00000b00    00000020     DSP2802x_GlobalVariableDefs.obj (AdcResultFile)

CpuTimer0RegsFile 
*          1    00000c00    00000008     UNINITIALIZED
                  00000c00    00000008     DSP2802x_GlobalVariableDefs.obj (CpuTimer0RegsFile)

CpuTimer1RegsFile 
*          1    00000c08    00000008     UNINITIALIZED
                  00000c08    00000008     DSP2802x_GlobalVariableDefs.obj (CpuTimer1RegsFile)

CpuTimer2RegsFile 
*          1    00000c10    00000008     UNINITIALIZED
                  00000c10    00000008     DSP2802x_GlobalVariableDefs.obj (CpuTimer2RegsFile)

PieCtrlRegsFile 
*          1    00000ce0    0000001a     UNINITIALIZED
                  00000ce0    0000001a     DSP2802x_GlobalVariableDefs.obj (PieCtrlRegsFile)

Comp1RegsFile 
*          1    00006400    00000011     UNINITIALIZED
                  00006400    00000011     DSP2802x_GlobalVariableDefs.obj (Comp1RegsFile)

Comp2RegsFile 
*          1    00006420    00000011     UNINITIALIZED
                  00006420    00000011     DSP2802x_GlobalVariableDefs.obj (Comp2RegsFile)

EPwm1RegsFile 
*          1    00006800    0000003a     UNINITIALIZED
                  00006800    0000003a     DSP2802x_GlobalVariableDefs.obj (EPwm1RegsFile)

EPwm2RegsFile 
*          1    00006840    0000003a     UNINITIALIZED
                  00006840    0000003a     DSP2802x_GlobalVariableDefs.obj (EPwm2RegsFile)

EPwm3RegsFile 
*          1    00006880    0000003a     UNINITIALIZED
                  00006880    0000003a     DSP2802x_GlobalVariableDefs.obj (EPwm3RegsFile)

EPwm4RegsFile 
*          1    000068c0    0000003a     UNINITIALIZED
                  000068c0    0000003a     DSP2802x_GlobalVariableDefs.obj (EPwm4RegsFile)

ECap1RegsFile 
*          1    00006a00    00000020     UNINITIALIZED
                  00006a00    00000020     DSP2802x_GlobalVariableDefs.obj (ECap1RegsFile)

GpioCtrlRegsFile 
*          1    00006f80    00000040     UNINITIALIZED
                  00006f80    00000040     DSP2802x_GlobalVariableDefs.obj (GpioCtrlRegsFile)

GpioDataRegsFile 
*          1    00006fc0    00000020     UNINITIALIZED
                  00006fc0    00000020     DSP2802x_GlobalVariableDefs.obj (GpioDataRegsFile)

GpioIntRegsFile 
*          1    00006fe0    0000000a     UNINITIALIZED
                  00006fe0    0000000a     DSP2802x_GlobalVariableDefs.obj (GpioIntRegsFile)

SysCtrlRegsFile 
*          1    00007010    0000001f     UNINITIALIZED
                  00007010    0000001f     DSP2802x_GlobalVariableDefs.obj (SysCtrlRegsFile)

SpiaRegsFile 
*          1    00007040    00000010     UNINITIALIZED
                  00007040    00000010     DSP2802x_GlobalVariableDefs.obj (SpiaRegsFile)

SciaRegsFile 
*          1    00007050    00000010     UNINITIALIZED
                  00007050    00000010     DSP2802x_GlobalVariableDefs.obj (SciaRegsFile)

NmiIntruptRegsFile 
*          1    00007060    00000010     UNINITIALIZED
                  00007060    00000010     DSP2802x_GlobalVariableDefs.obj (NmiIntruptRegsFile)

XIntruptRegsFile 
*          1    00007070    00000010     UNINITIALIZED
                  00007070    00000010     DSP2802x_GlobalVariableDefs.obj (XIntruptRegsFile)

AdcRegsFile 
*          1    00007100    00000050     UNINITIALIZED
                  00007100    00000050     DSP2802x_GlobalVariableDefs.obj (AdcRegsFile)

I2caRegsFile 
*          1    00007900    00000022     UNINITIALIZED
                  00007900    00000022     DSP2802x_GlobalVariableDefs.obj (I2caRegsFile)

.ebss      1    00008000    00000e26     UNINITIALIZED
                  00008000    00000640     app_p28L.o28L (.ebss)
                  00008640    00000440     pwm.obj (.ebss)
                  00008a80    00000300     app_p28L.o28L (.ebss:taskStackSection)
                  00008d80    00000036     system.obj (.ebss)
                  00008db6    00000008     rts2800_ml.lib : trgdrv.obj (.ebss)
                  00008dbe    00000002                    : _lock.obj (.ebss:__lock)
                  00008dc0    00000033     Uart.obj (.ebss)
                  00008df3    00000001     rts2800_ml.lib : errno.obj (.ebss)
                  00008df4    00000004                    : exit.obj (.ebss)
                  00008df8    00000002                    : _lock.obj (.ebss:__unlock)
                  00008dfa    00000006     --HOLE--
                  00008e00    00000018     DSP2802x_CpuTimers.obj (.ebss)
                  00008e18    0000000e     scalar.obj (.ebss)

PartIdRegsFile 
*          1    003d7fff    00000001     UNINITIALIZED
                  003d7fff    00000001     DSP2802x_GlobalVariableDefs.obj (PartIdRegsFile)

CsmPwlFile 
*          1    003f7ff8    00000008     UNINITIALIZED
                  003f7ff8    00000008     DSP2802x_GlobalVariableDefs.obj (CsmPwlFile)

.pinit     0    003f0000    00000000     UNINITIALIZED

.cio       1    00008e40    00000120     UNINITIALIZED
                  00008e40    00000120     rts2800_ml.lib : ankmsg.obj (.cio)

xdc.meta   0    00000000    000000f6     COPY SECTION
                  00000000    000000f6     app_p28L.o28L (xdc.meta)


GLOBAL DATA SYMBOLS: SORTED BY DATA PAGE

address     data page           name
--------    ----------------    ----
00000000       0 (00000000)     ___ISA__
00000000       0 (00000000)     __stack
00000011       0 (00000000)     ___TARG__
00000035       0 (00000000)     ___PLAT__

0000005b       1 (00000040)     ___TRDR__

00000082       2 (00000080)     ___ASM__

00000880      22 (00000880)     _DevEmuRegs

00000985      26 (00000980)     _SysPwrCtrlRegs

00000a80      2a (00000a80)     _FlashRegs

00000ae0      2b (00000ac0)     _CsmRegs

00000b00      2c (00000b00)     _AdcResult

00000c00      30 (00000c00)     _CpuTimer0Regs
00000c08      30 (00000c00)     _CpuTimer1Regs
00000c10      30 (00000c00)     _CpuTimer2Regs

00000ce0      33 (00000cc0)     _PieCtrlRegs

00000d00      34 (00000d00)     _EmuKey
00000d00      34 (00000d00)     _PieVectTable
00000d01      34 (00000d00)     _EmuBMode
00000d02      34 (00000d00)     _Flash_CallbackPtr
00000d04      34 (00000d00)     _Flash_CPUScaleFactor

00006400     190 (00006400)     _Comp1Regs
00006420     190 (00006400)     _Comp2Regs

00006800     1a0 (00006800)     _EPwm1Regs

00006840     1a1 (00006840)     _EPwm2Regs

00006880     1a2 (00006880)     _EPwm3Regs

000068c0     1a3 (000068c0)     _EPwm4Regs

00006a00     1a8 (00006a00)     _ECap1Regs

00006f80     1be (00006f80)     _GpioCtrlRegs

00006fc0     1bf (00006fc0)     _GpioDataRegs
00006fe0     1bf (00006fc0)     _GpioIntRegs

00007010     1c0 (00007000)     _SysCtrlRegs

00007040     1c1 (00007040)     _SpiaRegs
00007050     1c1 (00007040)     _SciaRegs
00007060     1c1 (00007040)     _NmiIntruptRegs
00007070     1c1 (00007040)     _XIntruptRegs

00007100     1c4 (00007100)     _AdcRegs

00007900     1e4 (00007900)     _I2caRegs

00008000     200 (00008000)     _xdc_runtime_Error_Module__state__V
00008002     200 (00008000)     _ti_sysbios_knl_Task_Module_State_0_idleTask__A
00008004     200 (00008000)     ___xdc__init__addr
00008006     200 (00008000)     _xdc_runtime_HeapStd_Module__state__V
00008008     200 (00008000)     _xdc_runtime_Memory_Module__state__V
0000800a     200 (00008000)     _ti_sysbios_gates_GateHwi_Object__table__V
0000800c     200 (00008000)     _xdc_runtime_LoggerBuf_Module__state__V
00008010     200 (00008000)     _ti_sysbios_family_c28_Timer_Module__root__V
00008014     200 (00008000)     _ti_sysbios_hal_Timer_Object__table__V
00008018     200 (00008000)     _ti_sysbios_knl_Semaphore_Module__root__V
0000801c     200 (00008000)     _ti_sysbios_gates_GateMutex_Module__root__V
00008020     200 (00008000)     _ti_sysbios_hal_Timer_Module__root__V
00008024     200 (00008000)     _ti_sysbios_knl_Swi_Module__root__V
00008028     200 (00008000)     _xdc_runtime_Text_Module__state__V
0000802c     200 (00008000)     _ti_sysbios_hal_Hwi_Module__root__V
00008030     200 (00008000)     _ti_sysbios_gates_GateHwi_Module__root__V
00008034     200 (00008000)     _ti_sysbios_family_c28_Hwi_Module__root__V
00008038     200 (00008000)     _ti_sysbios_knl_Clock_Module__root__V
0000803c     200 (00008000)     _ti_sysbios_knl_Task_Module__root__V

00008040     201 (00008040)     _ti_sysbios_family_c28_TimestampProvider_Module__state__V
00008044     201 (00008040)     _xdc_runtime_SysMin_Module__state__V
00008048     201 (00008040)     _xdc_runtime_Startup_Module__state__V
0000804c     201 (00008040)     _xdc_runtime_HeapStd_Module__root__V
00008050     201 (00008040)     _xdc_runtime_Registry_Module__state__V
00008054     201 (00008040)     _ti_sysbios_knl_Queue_Module__root__V
00008058     201 (00008040)     _xdc_runtime_System_Module__state__V
0000805c     201 (00008040)     _xdc_runtime_LoggerBuf_Module__root__V
00008060     201 (00008040)     _xdc_runtime_HeapStd_Object__table__V
00008066     201 (00008040)     _xdc_runtime_System_Module_State_0_atexitHandlers__A
0000806e     201 (00008040)     _ti_sysbios_family_c28_Timer_Module__state__V

00008080     202 (00008080)     _ti_sysbios_knl_Swi_Module__state__V
0000808c     202 (00008080)     _ti_sysbios_hal_Hwi_Object__table__V
00008098     202 (00008080)     _ti_sysbios_gates_GateMutex_Object__table__V
000080a6     202 (00008080)     _ti_sysbios_family_c28_Hwi_Module__state__V

000080c0     203 (000080c0)     _ti_sysbios_BIOS_Module__state__V
000080d2     203 (000080c0)     _ti_sysbios_knl_Swi_Object__table__V
000080e6     203 (000080c0)     _ti_sysbios_knl_Semaphore_Object__table__V

00008100     204 (00008100)     _ti_sysbios_knl_Clock_Module__state__V
00008116     204 (00008100)     _ti_sysbios_knl_Task_Module__state__V

00008140     205 (00008140)     _ti_sysbios_knl_Task_Module_State_0_readyQ__A

00008180     206 (00008180)     _ti_sysbios_knl_Swi_Module_State_0_readyQ__A

000081c0     207 (000081c0)     _ti_sysbios_family_c28_Timer_Object__table__V

00008240     209 (00008240)     _ti_sysbios_family_c28_Hwi_Object__table__V

000082c0     20b (000082c0)     _ti_sysbios_knl_Task_Object__table__V

00008340     20d (00008340)     _ti_sysbios_family_c28_Hwi_Module_State_0_dispatchTable__A

00008440     211 (00008440)     _xdc_runtime_SysMin_Module_State_0_outbuf__A

00008640     219 (00008640)     _debug_i
00008642     219 (00008640)     _pwm

00008680     21a (00008680)     _debug_buffer

00008a80     22a (00008a80)     _ti_sysbios_knl_Task_Instance_State_2_stack__A

00008b80     22e (00008b80)     _ti_sysbios_knl_Task_Instance_State_1_stack__A

00008c80     232 (00008c80)     _ti_sysbios_knl_Task_Instance_State_0_stack__A

00008d80     236 (00008d80)     _system
00008dbe     236 (00008d80)     __lock

00008dc0     237 (00008dc0)     _UartRxLen
00008dc1     237 (00008dc0)     _UartBuffer
00008df3     237 (00008dc0)     _errno
00008df4     237 (00008dc0)     ___TI_cleanup_ptr
00008df6     237 (00008dc0)     ___TI_dtors_ptr
00008df8     237 (00008dc0)     __unlock

00008e00     238 (00008e00)     _CpuTimer1
00008e08     238 (00008e00)     _CpuTimer2
00008e10     238 (00008e00)     _CpuTimer0
00008e1a     238 (00008e00)     _svgen_dq

00008e40     239 (00008e40)     __CIOBUF_

003d7fff    f5ff (003d7fc0)     _PartIdRegs

003f35dc    fcd7 (003f35c0)     _xdc_runtime_Text_charTab__A

003f48a0    fd22 (003f4880)     _Crc16Table

003f49a0    fd26 (003f4980)     _ti_sysbios_family_c28_Hwi_vectors

003f4afd    fd2b (003f4ac0)     _ti_sysbios_family_c28_Hwi_Module__id__C

003f4b56    fd2d (003f4b40)     _xdc_runtime_Text_nodeTab__A

003f4bf3    fd2f (003f4bc0)     _ti_sysbios_family_c28_Hwi_Module__loggerDefined__C

003f4c37    fd30 (003f4c00)     _ti_sysbios_family_c28_Hwi_NUM_INTERRUPTS_ALL__C
003f4c38    fd30 (003f4c00)     _ParametersTable

003f4c9e    fd32 (003f4c80)     _xdc_runtime_Startup_sfxnTab__A
003f4cb4    fd32 (003f4c80)     _xdc_runtime_HeapStd_Module__FXNS__C

003f4cc8    fd33 (003f4cc0)     _ti_sysbios_gates_GateHwi_Module__FXNS__C
003f4cda    fd33 (003f4cc0)     _ti_sysbios_gates_GateMutex_Module__FXNS__C
003f4cfd    fd33 (003f4cc0)     _ti_sysbios_family_c28_Hwi_Object__count__C
003f4cfe    fd33 (003f4cc0)     _modbus_sem

003f4d00    fd34 (003f4d00)     _modbus_timer
003f4d02    fd34 (003f4d00)     _task0
003f4d04    fd34 (003f4d00)     _uart_rx_hwi_handle
003f4d06    fd34 (003f4d00)     _adc_hwi_handle
003f4d08    fd34 (003f4d00)     _calculate_rms_sem
003f4d0a    fd34 (003f4d00)     _drv8301_task_handle
003f4d0c    fd34 (003f4d00)     _epwm1_hwi_handle
003f4d0e    fd34 (003f4d00)     _ti_sysbios_gates_GateHwi_Object__DESC__C
003f4d1e    fd34 (003f4d00)     _ti_sysbios_gates_GateMutex_Object__DESC__C
003f4d2e    fd34 (003f4d00)     _ti_sysbios_knl_Queue_Object__DESC__C
003f4d3e    fd34 (003f4d00)     _ti_sysbios_knl_Semaphore_Object__DESC__C

003f4d4e    fd35 (003f4d40)     _ti_sysbios_knl_Semaphore_Object__PARAMS__C
003f4d5e    fd35 (003f4d40)     _xdc_runtime_HeapStd_Object__DESC__C
003f4d6e    fd35 (003f4d40)     _xdc_runtime_HeapStd_Object__PARAMS__C
003f4d7c    fd35 (003f4d40)     _ti_sysbios_gates_GateHwi_Object__PARAMS__C

003f4d88    fd36 (003f4d80)     _ti_sysbios_gates_GateMutex_Object__PARAMS__C
003f4d94    fd36 (003f4d80)     _ti_sysbios_knl_Queue_Object__PARAMS__C
003f4da0    fd36 (003f4d80)     _xdc_runtime_Startup_sfxnRts__A
003f4dab    fd36 (003f4d80)     _ti_sysbios_family_c28_TaskSupport_Module__id__C
003f4db3    fd36 (003f4d80)     _ti_sysbios_family_c28_Timer_startupNeeded__C
003f4db9    fd36 (003f4d80)     _ti_sysbios_family_c28_TimestampProvider_Module__id__C
003f4dbe    fd36 (003f4d80)     _ti_sysbios_knl_Idle_funcList__C

003f4dc2    fd37 (003f4dc0)     _xdc_runtime_Startup_firstFxns__C
003f4dc6    fd37 (003f4dc0)     _xdc_runtime_Startup_lastFxns__C
003f4dca    fd37 (003f4dc0)     _ti_sysbios_family_c28_Hwi_A_badIntNum__C
003f4dcc    fd37 (003f4dc0)     _ti_sysbios_family_c28_Hwi_A_invalidArg__C
003f4dce    fd37 (003f4dc0)     _ti_sysbios_family_c28_Hwi_E_unpluggedInterrupt__C
003f4dd0    fd37 (003f4dc0)     _ti_sysbios_family_c28_Hwi_LD_end__C
003f4dd2    fd37 (003f4dc0)     _ti_sysbios_family_c28_Hwi_LM_begin__C
003f4dd4    fd37 (003f4dc0)     _ti_sysbios_family_c28_Hwi_Module__diagsEnabled__C
003f4dd6    fd37 (003f4dc0)     _ti_sysbios_family_c28_Hwi_Module__diagsIncluded__C
003f4dd8    fd37 (003f4dc0)     _ti_sysbios_family_c28_Hwi_Module__diagsMask__C
003f4dda    fd37 (003f4dc0)     _ti_sysbios_family_c28_Hwi_Module__loggerFxn1__C
003f4ddc    fd37 (003f4dc0)     _ti_sysbios_family_c28_Hwi_Module__loggerFxn8__C
003f4dde    fd37 (003f4dc0)     _ti_sysbios_family_c28_Hwi_Module__loggerObj__C
003f4de0    fd37 (003f4dc0)     _ti_sysbios_family_c28_TaskSupport_E_invalidStack__C
003f4de2    fd37 (003f4dc0)     _ti_sysbios_family_c28_TimestampProvider_Module__diagsEnabled__C
003f4de4    fd37 (003f4dc0)     _ti_sysbios_family_c28_TimestampProvider_Module__diagsIncluded__C
003f4de6    fd37 (003f4dc0)     _ti_sysbios_family_c28_TimestampProvider_Module__diagsMask__C
003f4de8    fd37 (003f4dc0)     _ti_sysbios_gates_GateMutex_A_badContext__C
003f4dea    fd37 (003f4dc0)     _ti_sysbios_gates_GateMutex_Instance_State_sem__O
003f4dec    fd37 (003f4dc0)     _ti_sysbios_gates_GateMutex_Module__diagsEnabled__C
003f4dee    fd37 (003f4dc0)     _ti_sysbios_gates_GateMutex_Module__diagsIncluded__C
003f4df0    fd37 (003f4dc0)     _ti_sysbios_gates_GateMutex_Module__diagsMask__C
003f4df2    fd37 (003f4dc0)     _ti_sysbios_hal_Hwi_E_stackOverflow__C
003f4df4    fd37 (003f4dc0)     _ti_sysbios_knl_Clock_LM_begin__C
003f4df6    fd37 (003f4dc0)     _ti_sysbios_knl_Clock_LM_tick__C
003f4df8    fd37 (003f4dc0)     _ti_sysbios_knl_Clock_LW_delayed__C
003f4dfa    fd37 (003f4dc0)     _ti_sysbios_knl_Clock_Module_State_clockQ__O
003f4dfc    fd37 (003f4dc0)     _ti_sysbios_knl_Clock_Module__diagsEnabled__C
003f4dfe    fd37 (003f4dc0)     _ti_sysbios_knl_Clock_Module__diagsIncluded__C

003f4e00    fd38 (003f4e00)     _ti_sysbios_knl_Clock_Module__diagsMask__C
003f4e02    fd38 (003f4e00)     _ti_sysbios_knl_Clock_Module__loggerFxn1__C
003f4e04    fd38 (003f4e00)     _ti_sysbios_knl_Clock_Module__loggerFxn2__C
003f4e06    fd38 (003f4e00)     _ti_sysbios_knl_Clock_Module__loggerObj__C
003f4e08    fd38 (003f4e00)     _ti_sysbios_knl_Idle_funcList__A
003f4e0a    fd38 (003f4e00)     _ti_sysbios_knl_Semaphore_A_badContext__C
003f4e0c    fd38 (003f4e00)     _ti_sysbios_knl_Semaphore_A_noEvents__C
003f4e0e    fd38 (003f4e00)     _ti_sysbios_knl_Semaphore_A_overflow__C
003f4e10    fd38 (003f4e00)     _ti_sysbios_knl_Semaphore_A_pendTaskDisabled__C
003f4e12    fd38 (003f4e00)     _ti_sysbios_knl_Semaphore_Instance_State_pendQ__O
003f4e14    fd38 (003f4e00)     _ti_sysbios_knl_Semaphore_LM_pend__C
003f4e16    fd38 (003f4e00)     _ti_sysbios_knl_Semaphore_LM_post__C
003f4e18    fd38 (003f4e00)     _ti_sysbios_knl_Semaphore_Module__diagsEnabled__C
003f4e1a    fd38 (003f4e00)     _ti_sysbios_knl_Semaphore_Module__diagsIncluded__C
003f4e1c    fd38 (003f4e00)     _ti_sysbios_knl_Semaphore_Module__diagsMask__C
003f4e1e    fd38 (003f4e00)     _ti_sysbios_knl_Semaphore_Module__loggerFxn2__C
003f4e20    fd38 (003f4e00)     _ti_sysbios_knl_Semaphore_Module__loggerFxn4__C
003f4e22    fd38 (003f4e00)     _ti_sysbios_knl_Semaphore_Module__loggerObj__C
003f4e24    fd38 (003f4e00)     _ti_sysbios_knl_Swi_LD_end__C
003f4e26    fd38 (003f4e00)     _ti_sysbios_knl_Swi_LM_begin__C
003f4e28    fd38 (003f4e00)     _ti_sysbios_knl_Swi_LM_post__C
003f4e2a    fd38 (003f4e00)     _ti_sysbios_knl_Swi_Module__diagsEnabled__C
003f4e2c    fd38 (003f4e00)     _ti_sysbios_knl_Swi_Module__diagsIncluded__C
003f4e2e    fd38 (003f4e00)     _ti_sysbios_knl_Swi_Module__diagsMask__C
003f4e30    fd38 (003f4e00)     _ti_sysbios_knl_Swi_Module__loggerFxn1__C
003f4e32    fd38 (003f4e00)     _ti_sysbios_knl_Swi_Module__loggerFxn4__C
003f4e34    fd38 (003f4e00)     _ti_sysbios_knl_Swi_Module__loggerObj__C
003f4e36    fd38 (003f4e00)     _ti_sysbios_knl_Task_A_badTimeout__C
003f4e38    fd38 (003f4e00)     _ti_sysbios_knl_Task_A_sleepTaskDisabled__C
003f4e3a    fd38 (003f4e00)     _ti_sysbios_knl_Task_E_spOutOfBounds__C
003f4e3c    fd38 (003f4e00)     _ti_sysbios_knl_Task_E_stackOverflow__C
003f4e3e    fd38 (003f4e00)     _ti_sysbios_knl_Task_LD_block__C

003f4e40    fd39 (003f4e40)     _ti_sysbios_knl_Task_LD_exit__C
003f4e42    fd39 (003f4e40)     _ti_sysbios_knl_Task_LD_ready__C
003f4e44    fd39 (003f4e40)     _ti_sysbios_knl_Task_LM_sleep__C
003f4e46    fd39 (003f4e40)     _ti_sysbios_knl_Task_LM_switch__C
003f4e48    fd39 (003f4e40)     _ti_sysbios_knl_Task_Module_State_inactiveQ__O
003f4e4a    fd39 (003f4e40)     _ti_sysbios_knl_Task_Module__diagsEnabled__C
003f4e4c    fd39 (003f4e40)     _ti_sysbios_knl_Task_Module__diagsIncluded__C
003f4e4e    fd39 (003f4e40)     _ti_sysbios_knl_Task_Module__diagsMask__C
003f4e50    fd39 (003f4e40)     _ti_sysbios_knl_Task_Module__loggerFxn2__C
003f4e52    fd39 (003f4e40)     _ti_sysbios_knl_Task_Module__loggerFxn4__C
003f4e54    fd39 (003f4e40)     _ti_sysbios_knl_Task_Module__loggerObj__C
003f4e56    fd39 (003f4e40)     _ti_sysbios_knl_Task_allBlockedFunc__C
003f4e58    fd39 (003f4e40)     _xdc_runtime_Assert_E_assertFailed__C
003f4e5a    fd39 (003f4e40)     _xdc_runtime_Core_A_initializedParams__C
003f4e5c    fd39 (003f4e40)     _xdc_runtime_Core_Module__diagsEnabled__C
003f4e5e    fd39 (003f4e40)     _xdc_runtime_Core_Module__diagsIncluded__C
003f4e60    fd39 (003f4e40)     _xdc_runtime_Core_Module__diagsMask__C
003f4e62    fd39 (003f4e40)     _xdc_runtime_Error_E_memory__C
003f4e64    fd39 (003f4e40)     _xdc_runtime_Error_Module__diagsEnabled__C
003f4e66    fd39 (003f4e40)     _xdc_runtime_Error_Module__diagsIncluded__C
003f4e68    fd39 (003f4e40)     _xdc_runtime_Error_Module__diagsMask__C
003f4e6a    fd39 (003f4e40)     _xdc_runtime_Error_Module__loggerFxn8__C
003f4e6c    fd39 (003f4e40)     _xdc_runtime_Error_Module__loggerObj__C
003f4e6e    fd39 (003f4e40)     _xdc_runtime_Error_policyFxn__C
003f4e70    fd39 (003f4e40)     _xdc_runtime_Error_raiseHook__C
003f4e72    fd39 (003f4e40)     _xdc_runtime_HeapStd_A_align__C
003f4e74    fd39 (003f4e40)     _xdc_runtime_HeapStd_A_invalidTotalFreeSize__C
003f4e76    fd39 (003f4e40)     _xdc_runtime_HeapStd_A_zeroSize__C
003f4e78    fd39 (003f4e40)     _xdc_runtime_HeapStd_E_noRTSMemory__C
003f4e7a    fd39 (003f4e40)     _xdc_runtime_HeapStd_Module__diagsEnabled__C
003f4e7c    fd39 (003f4e40)     _xdc_runtime_HeapStd_Module__diagsIncluded__C
003f4e7e    fd39 (003f4e40)     _xdc_runtime_HeapStd_Module__diagsMask__C

003f4e80    fd3a (003f4e80)     _xdc_runtime_IGateProvider_Interface__BASE__C
003f4e82    fd3a (003f4e80)     _xdc_runtime_IHeap_Interface__BASE__C
003f4e84    fd3a (003f4e80)     _xdc_runtime_IModule_Interface__BASE__C
003f4e86    fd3a (003f4e80)     _xdc_runtime_Log_L_error__C
003f4e88    fd3a (003f4e80)     _xdc_runtime_Memory_defaultHeapInstance__C
003f4e8a    fd3a (003f4e80)     _xdc_runtime_Startup_execImpl__C
003f4e8c    fd3a (003f4e80)     _xdc_runtime_Startup_firstFxns__A
003f4e8e    fd3a (003f4e80)     _xdc_runtime_Startup_lastFxns__A
003f4e90    fd3a (003f4e80)     _xdc_runtime_Startup_sfxnRts__C
003f4e92    fd3a (003f4e80)     _xdc_runtime_Startup_sfxnTab__C
003f4e94    fd3a (003f4e80)     _xdc_runtime_SysMin_bufSize__C
003f4e96    fd3a (003f4e80)     _xdc_runtime_SysMin_outputFunc__C
003f4e98    fd3a (003f4e80)     _xdc_runtime_System_Module__gateObj__C
003f4e9a    fd3a (003f4e80)     _xdc_runtime_System_abortFxn__C
003f4e9c    fd3a (003f4e80)     _xdc_runtime_System_exitFxn__C
003f4e9e    fd3a (003f4e80)     _xdc_runtime_System_extendFxn__C
003f4ea0    fd3a (003f4e80)     _xdc_runtime_Text_charTab__C
003f4ea2    fd3a (003f4e80)     _xdc_runtime_Text_nameEmpty__C
003f4ea4    fd3a (003f4e80)     _xdc_runtime_Text_nameStatic__C
003f4ea6    fd3a (003f4e80)     _xdc_runtime_Text_nameUnknown__C
003f4ea8    fd3a (003f4e80)     _xdc_runtime_Text_nodeTab__C
003f4eaa    fd3a (003f4e80)     _xdc_runtime_Text_visitRopeFxn__C
003f4eac    fd3a (003f4e80)     _ti_sysbios_family_c28_TimestampProvider_useClockTimer__C
003f4ead    fd3a (003f4e80)     _ti_sysbios_gates_GateMutex_Module__id__C
003f4eae    fd3a (003f4e80)     _ti_sysbios_hal_Hwi_Module__id__C
003f4eaf    fd3a (003f4e80)     _ti_sysbios_knl_Clock_Module__id__C
003f4eb0    fd3a (003f4e80)     _ti_sysbios_knl_Clock_Module__loggerDefined__C
003f4eb1    fd3a (003f4e80)     _ti_sysbios_knl_Semaphore_Module__id__C
003f4eb2    fd3a (003f4e80)     _ti_sysbios_knl_Semaphore_Module__loggerDefined__C
003f4eb3    fd3a (003f4e80)     _ti_sysbios_knl_Swi_Module__id__C
003f4eb4    fd3a (003f4e80)     _ti_sysbios_knl_Swi_Module__loggerDefined__C
003f4eb5    fd3a (003f4e80)     _ti_sysbios_knl_Swi_Object__count__C
003f4eb6    fd3a (003f4e80)     _ti_sysbios_knl_Task_Module__id__C
003f4eb7    fd3a (003f4e80)     _ti_sysbios_knl_Task_Module__loggerDefined__C
003f4eb8    fd3a (003f4e80)     _ti_sysbios_knl_Task_Object__count__C
003f4eb9    fd3a (003f4e80)     _ti_sysbios_knl_Task_initStackFlag__C
003f4eba    fd3a (003f4e80)     _ti_sysbios_knl_Task_numConstructedTasks__C
003f4ebb    fd3a (003f4e80)     _xdc_runtime_Core_Module__id__C
003f4ebc    fd3a (003f4e80)     _xdc_runtime_Error_Module__loggerDefined__C
003f4ebd    fd3a (003f4e80)     _xdc_runtime_Error_maxDepth__C
003f4ebe    fd3a (003f4e80)     _xdc_runtime_Error_policy__C
003f4ebf    fd3a (003f4e80)     _xdc_runtime_HeapStd_Module__id__C

003f4ec0    fd3b (003f4ec0)     _xdc_runtime_LoggerBuf_Object__count__C
003f4ec1    fd3b (003f4ec0)     _xdc_runtime_Memory_Module__id__C
003f4ec2    fd3b (003f4ec0)     _xdc_runtime_Startup_maxPasses__C
003f4ec3    fd3b (003f4ec0)     _xdc_runtime_SysMin_flushAtExit__C
003f4ec4    fd3b (003f4ec0)     _xdc_runtime_System_maxAtexitHandlers__C
003f4ec5    fd3b (003f4ec0)     _xdc_runtime_Text_charCnt__C
003f4ec6    fd3b (003f4ec0)     _xdc_runtime_Text_isLoaded__C
003f4ec7    fd3b (003f4ec0)     _xdc_runtime_Text_registryModsLastId__C
003f4ec8    fd3b (003f4ec0)     _xdc_runtime_Text_unnamedModsLastId__C

003f532a    fd4c (003f5300)     __IQ24div

003f5371    fd4d (003f5340)     __IQ24sinPU

003f539a    fd4e (003f5380)     __IQ24cosPU

003f7ff8    fdff (003f7fc0)     _CsmPwl

003fe000    ff80 (003fe000)     _IQsinTable

003fe100    ff84 (003fe100)     _IQcosTable

003fe400    ff90 (003fe400)     _IQsinTableEnd

003fe502    ff94 (003fe500)     _IQcosTableEnd
003fe502    ff94 (003fe500)     _IQdivRoundSatTable
003fe510    ff94 (003fe500)     _IQdivTable

003fe712    ff9c (003fe700)     _IQdivTableEnd
003fe712    ff9c (003fe700)     _IQisqrtRoundSatTable
003fe712    ff9c (003fe700)     _IQsqrtRoundSatTable
003fe722    ff9c (003fe700)     _IQisqrtTable
003fe722    ff9c (003fe700)     _IQsqrtTable

003fe824    ffa0 (003fe800)     _IQatan2HalfPITable
003fe824    ffa0 (003fe800)     _IQisqrtTableEnd
003fe824    ffa0 (003fe800)     _IQsqrtTableEnd

003fe862    ffa1 (003fe840)     _IQatan2Table

003fe9e8    ffa7 (003fe9c0)     _IQ30mpyRndSatTable
003fe9e8    ffa7 (003fe9c0)     _IQatan2TableEnd
003fe9e8    ffa7 (003fe9c0)     _IQmpyRndSatTable
003fe9f4    ffa7 (003fe9c0)     _IQ29mpyRndSatTable

003fea00    ffa8 (003fea00)     _IQ28mpyRndSatTable
003fea0c    ffa8 (003fea00)     _IQ27mpyRndSatTable
003fea18    ffa8 (003fea00)     _IQ26mpyRndSatTable
003fea24    ffa8 (003fea00)     _IQ25mpyRndSatTable
003fea30    ffa8 (003fea00)     _IQ24mpyRndSatTable
003fea3c    ffa8 (003fea00)     _IQ23mpyRndSatTable

003fea48    ffa9 (003fea40)     _IQ22mpyRndSatTable
003fea54    ffa9 (003fea40)     _IQ21mpyRndSatTable
[...]
0     003f4e48  _ti_sysbios_knl_Task_Module_State_inactiveQ__O                   
0     003f4e4a  _ti_sysbios_knl_Task_Module__diagsEnabled__C                     
0     003f4e4c  _ti_sysbios_knl_Task_Module__diagsIncluded__C                    
0     003f4e4e  _ti_sysbios_knl_Task_Module__diagsMask__C                        
0     003f4e50  _ti_sysbios_knl_Task_Module__loggerFxn2__C                       
0     003f4e52  _ti_sysbios_knl_Task_Module__loggerFxn4__C                       
0     003f4e54  _ti_sysbios_knl_Task_Module__loggerObj__C                        
0     003f4e56  _ti_sysbios_knl_Task_allBlockedFunc__C                           
0     003f4e58  _xdc_runtime_Assert_E_assertFailed__C                            
0     003f4e5a  _xdc_runtime_Core_A_initializedParams__C                         
0     003f4e5c  _xdc_runtime_Core_Module__diagsEnabled__C                        
0     003f4e5e  _xdc_runtime_Core_Module__diagsIncluded__C                       
0     003f4e60  _xdc_runtime_Core_Module__diagsMask__C                           
0     003f4e62  _xdc_runtime_Error_E_memory__C                                   
0     003f4e64  _xdc_runtime_Error_Module__diagsEnabled__C                       
0     003f4e66  _xdc_runtime_Error_Module__diagsIncluded__C                      
0     003f4e68  _xdc_runtime_Error_Module__diagsMask__C                          
0     003f4e6a  _xdc_runtime_Error_Module__loggerFxn8__C                         
0     003f4e6c  _xdc_runtime_Error_Module__loggerObj__C                          
0     003f4e6e  _xdc_runtime_Error_policyFxn__C                                  
0     003f4e70  _xdc_runtime_Error_raiseHook__C                                  
0     003f4e72  _xdc_runtime_HeapStd_A_align__C                                  
0     003f4e74  _xdc_runtime_HeapStd_A_invalidTotalFreeSize__C                   
0     003f4e76  _xdc_runtime_HeapStd_A_zeroSize__C                               
0     003f4e78  _xdc_runtime_HeapStd_E_noRTSMemory__C                            
0     003f4e7a  _xdc_runtime_HeapStd_Module__diagsEnabled__C                     
0     003f4e7c  _xdc_runtime_HeapStd_Module__diagsIncluded__C                    
0     003f4e7e  _xdc_runtime_HeapStd_Module__diagsMask__C                        
0     003f4e80  _xdc_runtime_IGateProvider_Interface__BASE__C                    
0     003f4e82  _xdc_runtime_IHeap_Interface__BASE__C                            
0     003f4e84  _xdc_runtime_IModule_Interface__BASE__C                          
0     003f4e86  _xdc_runtime_Log_L_error__C                                      
0     003f4e88  _xdc_runtime_Memory_defaultHeapInstance__C                       
0     003f4e8a  _xdc_runtime_Startup_execImpl__C                                 
0     003f4e8c  _xdc_runtime_Startup_firstFxns__A                                
0     003f4e8e  _xdc_runtime_Startup_lastFxns__A                                 
0     003f4e90  _xdc_runtime_Startup_sfxnRts__C                                  
0     003f4e92  _xdc_runtime_Startup_sfxnTab__C                                  
0     003f4e94  _xdc_runtime_SysMin_bufSize__C                                   
0     003f4e96  _xdc_runtime_SysMin_outputFunc__C                                
0     003f4e98  _xdc_runtime_System_Module__gateObj__C                           
0     003f4e9a  _xdc_runtime_System_abortFxn__C                                  
0     003f4e9c  _xdc_runtime_System_exitFxn__C                                   
0     003f4e9e  _xdc_runtime_System_extendFxn__C                                 
0     003f4ea0  _xdc_runtime_Text_charTab__C                                     
0     003f4ea2  _xdc_runtime_Text_nameEmpty__C                                   
0     003f4ea4  _xdc_runtime_Text_nameStatic__C                                  
0     003f4ea6  _xdc_runtime_Text_nameUnknown__C                                 
0     003f4ea8  _xdc_runtime_Text_nodeTab__C                                     
0     003f4eaa  _xdc_runtime_Text_visitRopeFxn__C                                
0     003f4eac  _ti_sysbios_family_c28_TimestampProvider_useClockTimer__C        
0     003f4ead  _ti_sysbios_gates_GateMutex_Module__id__C                        
0     003f4eae  _ti_sysbios_hal_Hwi_Module__id__C                                
0     003f4eaf  _ti_sysbios_knl_Clock_Module__id__C                              
0     003f4eb0  _ti_sysbios_knl_Clock_Module__loggerDefined__C                   
0     003f4eb1  _ti_sysbios_knl_Semaphore_Module__id__C                          
0     003f4eb2  _ti_sysbios_knl_Semaphore_Module__loggerDefined__C               
0     003f4eb3  _ti_sysbios_knl_Swi_Module__id__C                                
0     003f4eb4  _ti_sysbios_knl_Swi_Module__loggerDefined__C                     
0     003f4eb5  _ti_sysbios_knl_Swi_Object__count__C                             
0     003f4eb6  _ti_sysbios_knl_Task_Module__id__C                               
0     003f4eb7  _ti_sysbios_knl_Task_Module__loggerDefined__C                    
0     003f4eb8  _ti_sysbios_knl_Task_Object__count__C                            
0     003f4eb9  _ti_sysbios_knl_Task_initStackFlag__C                            
0     003f4eba  _ti_sysbios_knl_Task_numConstructedTasks__C                      
0     003f4ebb  _xdc_runtime_Core_Module__id__C                                  
0     003f4ebc  _xdc_runtime_Error_Module__loggerDefined__C                      
0     003f4ebd  _xdc_runtime_Error_maxDepth__C                                   
0     003f4ebe  _xdc_runtime_Error_policy__C                                     
0     003f4ebf  _xdc_runtime_HeapStd_Module__id__C                               
0     003f4ec0  _xdc_runtime_LoggerBuf_Object__count__C                          
0     003f4ec1  _xdc_runtime_Memory_Module__id__C                                
0     003f4ec2  _xdc_runtime_Startup_maxPasses__C                                
0     003f4ec3  _xdc_runtime_SysMin_flushAtExit__C                               
0     003f4ec4  _xdc_runtime_System_maxAtexitHandlers__C                         
0     003f4ec5  _xdc_runtime_Text_charCnt__C                                     
0     003f4ec6  _xdc_runtime_Text_isLoaded__C                                    
0     003f4ec7  _xdc_runtime_Text_registryModsLastId__C                          
0     003f4ec8  _xdc_runtime_Text_unnamedModsLastId__C                           
0     003f4ec9  ___cinit__                                                       
0     003f4ec9  cinit                                                            
0     003f532a  __IQ24div                                                        
0     003f5371  __IQ24sinPU                                                      
0     003f539a  __IQ24cosPU                                                      
0     003f53c1  _RamfuncsLoadStart                                               
0     003f53c5  _RamfuncsLoadEnd                                                 
0     003f7ff6  _ti_catalog_c2800_init_Boot_entry                                
0     003fe000  _IQsinTable                                                      
0     003fe100  _IQcosTable                                                      
0     003fe400  _IQsinTableEnd                                                   
0     003fe502  _IQcosTableEnd                                                   
0     003fe502  _IQdivRoundSatTable                                              
0     003fe510  _IQdivTable                                                      
0     003fe712  _IQdivTableEnd                                                   
0     003fe712  _IQisqrtRoundSatTable                                            
0     003fe712  _IQsqrtRoundSatTable                                             
0     003fe722  _IQisqrtTable                                                    
0     003fe722  _IQsqrtTable                                                     
0     003fe824  _IQatan2HalfPITable                                              
0     003fe824  _IQisqrtTableEnd                                                 
0     003fe824  _IQsqrtTableEnd                                                  
0     003fe862  _IQatan2Table                                                    
0     003fe9e8  _IQ30mpyRndSatTable                                              
0     003fe9e8  _IQatan2TableEnd                                                 
0     003fe9e8  _IQmpyRndSatTable                                                
0     003fe9f4  _IQ29mpyRndSatTable                                              
0     003fea00  _IQ28mpyRndSatTable                                              
0     003fea0c  _IQ27mpyRndSatTable                                              
0     003fea18  _IQ26mpyRndSatTable                                              
0     003fea24  _IQ25mpyRndSatTable                                              
0     003fea30  _IQ24mpyRndSatTable                                              
0     003fea3c  _IQ23mpyRndSatTable                                              
0     003fea48  _IQ22mpyRndSatTable                                              
0     003fea54  _IQ21mpyRndSatTable                                              
0     003fea60  _IQ20mpyRndSatTable                                              
0     003fea6c  _IQ19mpyRndSatTable                                              
0     003fea78  _IQ18mpyRndSatTable                                              
0     003fea84  _IQ17mpyRndSatTable                                              
0     003fea90  _IQ16mpyRndSatTable                                              
0     003fea9c  _IQ15mpyRndSatTable                                              
0     003feaa8  _IQ14mpyRndSatTable                                              
0     003feab4  _IQ13mpyRndSatTable                                              
0     003feac0  _IQ12mpyRndSatTable                                              
0     003feacc  _IQ11mpyRndSatTable                                              
0     003fead8  _IQ10mpyRndSatTable                                              
0     003feae4  _IQ9mpyRndSatTable                                               
0     003feaf0  _IQ8mpyRndSatTable                                               
0     003feafc  _IQ7mpyRndSatTable                                               
0     003feb08  _IQ6mpyRndSatTable                                               
0     003feb14  _IQ5mpyRndSatTable                                               
0     003feb20  _IQ4mpyRndSatTable                                               
0     003feb2c  _IQ3mpyRndSatTable                                               
0     003feb38  _IQ2mpyRndSatTable                                               
0     003feb44  _IQ1mpyRndSatTable                                               
0     003feb50  _IQmpyRndSatTableEnd                                             
1     00000000  __stack                                                          
1     00000100  __STACK_END                                                      
1     00000880  _DevEmuRegs                                                      
1     00000985  _SysPwrCtrlRegs                                                  
1     00000a80  _FlashRegs                                                       
1     00000ae0  _CsmRegs                                                         
1     00000b00  _AdcResult                                                       
1     00000c00  _CpuTimer0Regs                                                   
1     00000c08  _CpuTimer1Regs                                                   
1     00000c10  _CpuTimer2Regs                                                   
1     00000ce0  _PieCtrlRegs                                                     
1     00006400  _Comp1Regs                                                       
1     00006420  _Comp2Regs                                                       
1     00006800  _EPwm1Regs                                                       
1     00006840  _EPwm2Regs                                                       
1     00006880  _EPwm3Regs                                                       
1     000068c0  _EPwm4Regs                                                       
1     00006a00  _ECap1Regs                                                       
1     00006f80  _GpioCtrlRegs                                                    
1     00006fc0  _GpioDataRegs                                                    
1     00006fe0  _GpioIntRegs                                                     
1     00007010  _SysCtrlRegs                                                     
1     00007040  _SpiaRegs                                                        
1     00007050  _SciaRegs                                                        
1     00007060  _NmiIntruptRegs                                                  
1     00007070  _XIntruptRegs                                                    
1     00007100  _AdcRegs                                                         
1     00007900  _I2caRegs                                                        
1     00008000  _xdc_runtime_Error_Module__state__V                              
1     00008002  _ti_sysbios_knl_Task_Module_State_0_idleTask__A                  
1     00008004  ___xdc__init__addr                                               
1     00008006  _xdc_runtime_HeapStd_Module__state__V                            
1     00008008  _xdc_runtime_Memory_Module__state__V                             
1     0000800a  _ti_sysbios_gates_GateHwi_Object__table__V                       
1     0000800c  _xdc_runtime_LoggerBuf_Module__state__V                          
1     00008010  _ti_sysbios_family_c28_Timer_Module__root__V                     
1     00008014  _ti_sysbios_hal_Timer_Object__table__V                           
1     00008018  _ti_sysbios_knl_Semaphore_Module__root__V                        
1     0000801c  _ti_sysbios_gates_GateMutex_Module__root__V                      
1     00008020  _ti_sysbios_hal_Timer_Module__root__V                            
1     00008024  _ti_sysbios_knl_Swi_Module__root__V                              
1     00008028  _xdc_runtime_Text_Module__state__V                               
1     0000802c  _ti_sysbios_hal_Hwi_Module__root__V                              
1     00008030  _ti_sysbios_gates_GateHwi_Module__root__V                        
1     00008034  _ti_sysbios_family_c28_Hwi_Module__root__V                       
1     00008038  _ti_sysbios_knl_Clock_Module__root__V                            
1     0000803c  _ti_sysbios_knl_Task_Module__root__V                             
1     00008040  _ti_sysbios_family_c28_TimestampProvider_Module__state__V        
1     00008044  _xdc_runtime_SysMin_Module__state__V                             
1     00008048  _xdc_runtime_Startup_Module__state__V                            
1     0000804c  _xdc_runtime_HeapStd_Module__root__V                             
1     00008050  _xdc_runtime_Registry_Module__state__V                           
1     00008054  _ti_sysbios_knl_Queue_Module__root__V                            
1     00008058  _xdc_runtime_System_Module__state__V                             
1     0000805c  _xdc_runtime_LoggerBuf_Module__root__V                           
1     00008060  _xdc_runtime_HeapStd_Object__table__V                            
1     00008066  _xdc_runtime_System_Module_State_0_atexitHandlers__A             
1     0000806e  _ti_sysbios_family_c28_Timer_Module__state__V                    
1     00008080  _ti_sysbios_knl_Swi_Module__state__V                             
1     0000808c  _ti_sysbios_hal_Hwi_Object__table__V                             
1     00008098  _ti_sysbios_gates_GateMutex_Object__table__V                     
1     000080a6  _ti_sysbios_family_c28_Hwi_Module__state__V                      
1     000080c0  _ti_sysbios_BIOS_Module__state__V                                
1     000080d2  _ti_sysbios_knl_Swi_Object__table__V                             
1     000080e6  _ti_sysbios_knl_Semaphore_Object__table__V                       
1     00008100  _ti_sysbios_knl_Clock_Module__state__V                           
1     00008116  _ti_sysbios_knl_Task_Module__state__V                            
1     00008140  _ti_sysbios_knl_Task_Module_State_0_readyQ__A                    
1     00008180  _ti_sysbios_knl_Swi_Module_State_0_readyQ__A                     
1     000081c0  _ti_sysbios_family_c28_Timer_Object__table__V                    
1     00008240  _ti_sysbios_family_c28_Hwi_Object__table__V                      
1     000082c0  _ti_sysbios_knl_Task_Object__table__V                            
1     00008304  _TSK_idle                                                        
1     00008340  _ti_sysbios_family_c28_Hwi_Module_State_0_dispatchTable__A       
1     00008440  _xdc_runtime_SysMin_Module_State_0_outbuf__A                     
1     00008640  _debug_i                                                         
1     00008642  _pwm                                                             
1     00008680  _debug_buffer                                                    
1     00008a80  _ti_sysbios_knl_Task_Instance_State_2_stack__A                   
1     00008b80  _ti_sysbios_knl_Task_Instance_State_1_stack__A                   
1     00008c80  _ti_sysbios_knl_Task_Instance_State_0_stack__A                   
1     00008d80  _system                                                          
1     00008dbe  __lock                                                           
1     00008dc0  _UartRxLen                                                       
1     00008dc1  _UartBuffer                                                      
1     00008df3  _errno                                                           
1     00008df4  ___TI_cleanup_ptr                                                
1     00008df6  ___TI_dtors_ptr                                                  
1     00008df8  __unlock                                                         
1     00008e00  _CpuTimer1                                                       
1     00008e08  _CpuTimer2                                                       
1     00008e10  _CpuTimer0                                                       
1     00008e1a  _svgen_dq                                                        
1     00008e40  __CIOBUF_                                                        
1     003d7fff  _PartIdRegs                                                      
1     003f7ff8  _CsmPwl                                                          
abs   00000001  _xdc_runtime_Startup__EXECFXN__C                                 
abs   00000001  _xdc_runtime_Startup__RESETFXN__C                                
abs   00000004  _RamfuncsLoadSize                                                
abs   00000100  __STACK_SIZE                                                     
abs   ffffffff  ___binit__                                                       
abs   ffffffff  ___c_args__                                                      
abs   ffffffff  ___pinit__                                                       
abs   ffffffff  binit                                                            
abs   ffffffff  pinit                                                            

[705 symbols]
