<?xml version="1.0"?>
<link_info>
   <banner>TMS320C2000 Linker PC v6.4.6</banner>
   <copyright>Copyright (c) 1996-2015 Texas Instruments Incorporated</copyright>
   <link_time>0x560922c1</link_time>
   <link_errors>0x0</link_errors>
   <output_file>tms320_ti_rtos.out</output_file>
   <entry_point>
      <name>_c_int00</name>
      <address>0x3f2025</address>
   </entry_point>
   <input_file_list>
      <input_file id="fl-2">
         <path>.\</path>
         <kind>object</kind>
         <file>Uart.obj</file>
         <name>Uart.obj</name>
      </input_file>
      <input_file id="fl-3">
         <path>.\</path>
         <kind>object</kind>
         <file>adc.obj</file>
         <name>adc.obj</name>
      </input_file>
      <input_file id="fl-4">
         <path>.\</path>
         <kind>object</kind>
         <file>crc16.obj</file>
         <name>crc16.obj</name>
      </input_file>
      <input_file id="fl-5">
         <path>.\</path>
         <kind>object</kind>
         <file>drv8301.obj</file>
         <name>drv8301.obj</name>
      </input_file>
      <input_file id="fl-6">
         <path>.\</path>
         <kind>object</kind>
         <file>fails_control.obj</file>
         <name>fails_control.obj</name>
      </input_file>
      <input_file id="fl-7">
         <path>.\</path>
         <kind>object</kind>
         <file>main.obj</file>
         <name>main.obj</name>
      </input_file>
      <input_file id="fl-8">
         <path>.\</path>
         <kind>object</kind>
         <file>modbus_slave.obj</file>
         <name>modbus_slave.obj</name>
      </input_file>
      <input_file id="fl-9">
         <path>.\</path>
         <kind>object</kind>
         <file>pwm.obj</file>
         <name>pwm.obj</name>
      </input_file>
      <input_file id="fl-a">
         <path>.\</path>
         <kind>object</kind>
         <file>scalar.obj</file>
         <name>scalar.obj</name>
      </input_file>
      <input_file id="fl-b">
         <path>.\</path>
         <kind>object</kind>
         <file>svgen_dq.obj</file>
         <name>svgen_dq.obj</name>
      </input_file>
      <input_file id="fl-c">
         <path>.\</path>
         <kind>object</kind>
         <file>system.obj</file>
         <name>system.obj</name>
      </input_file>
      <input_file id="fl-d">
         <path>.\DSP2802x\src\</path>
         <kind>object</kind>
         <file>DSP2802x_Adc.obj</file>
         <name>DSP2802x_Adc.obj</name>
      </input_file>
      <input_file id="fl-e">
         <path>.\DSP2802x\src\</path>
         <kind>object</kind>
         <file>DSP2802x_GlobalVariableDefs.obj</file>
         <name>DSP2802x_GlobalVariableDefs.obj</name>
      </input_file>
      <input_file id="fl-f">
         <path>.\DSP2802x\src\</path>
         <kind>object</kind>
         <file>DSP2802x_MemCopy.obj</file>
         <name>DSP2802x_MemCopy.obj</name>
      </input_file>
      <input_file id="fl-10">
         <path>.\DSP2802x\src\</path>
         <kind>object</kind>
         <file>DSP2802x_PieCtrl.obj</file>
         <name>DSP2802x_PieCtrl.obj</name>
      </input_file>
      <input_file id="fl-11">
         <path>.\DSP2802x\src\</path>
         <kind>object</kind>
         <file>DSP2802x_SysCtrl.obj</file>
         <name>DSP2802x_SysCtrl.obj</name>
      </input_file>
      <input_file id="fl-12">
         <path>.\DSP2802x\src\</path>
         <kind>object</kind>
         <file>DSP2802x_usDelay.obj</file>
         <name>DSP2802x_usDelay.obj</name>
      </input_file>
      <input_file id="fl-13">
         <path>.\DSP2802x\inc\</path>
         <kind>object</kind>
         <file>DSP2802x_CpuTimers.obj</file>
         <name>DSP2802x_CpuTimers.obj</name>
      </input_file>
      <input_file id="fl-18">
         <path>C:\Documents and Settings\salnikov\workspace_v6_1\tms320_ti_rtos\Debug\configPkg\package\cfg\</path>
         <kind>object</kind>
         <file>app_p28L.o28L</file>
         <name>app_p28L.o28L</name>
      </input_file>
      <input_file id="fl-21">
         <path>..\iqmath\lib\</path>
         <kind>archive</kind>
         <file>IQmath.lib</file>
         <name>IQ24cosPU.obj</name>
      </input_file>
      <input_file id="fl-22">
         <path>..\iqmath\lib\</path>
         <kind>archive</kind>
         <file>IQmath.lib</file>
         <name>IQ24div.obj</name>
      </input_file>
      <input_file id="fl-23">
         <path>..\iqmath\lib\</path>
         <kind>archive</kind>
         <file>IQmath.lib</file>
         <name>IQ24sinPU.obj</name>
      </input_file>
      <input_file id="fl-24">
         <path>..\iqmath\lib\</path>
         <kind>archive</kind>
         <file>IQmath.lib</file>
         <name>IQmathTables.obj</name>
      </input_file>
      <input_file id="fl-25">
         <path>C:\Documents and Settings\salnikov\workspace_v6_1\tms320_ti_rtos\src\sysbios\</path>
         <kind>archive</kind>
         <file>sysbios.a28L</file>
         <name>BIOS.obj</name>
      </input_file>
      <input_file id="fl-26">
         <path>C:\Documents and Settings\salnikov\workspace_v6_1\tms320_ti_rtos\src\sysbios\</path>
         <kind>archive</kind>
         <file>sysbios.a28L</file>
         <name>c28_Hwi_asm.obj</name>
      </input_file>
      <input_file id="fl-27">
         <path>C:\Documents and Settings\salnikov\workspace_v6_1\tms320_ti_rtos\src\sysbios\</path>
         <kind>archive</kind>
         <file>sysbios.a28L</file>
         <name>c28_Hwi_disp.obj</name>
      </input_file>
      <input_file id="fl-28">
         <path>C:\Documents and Settings\salnikov\workspace_v6_1\tms320_ti_rtos\src\sysbios\</path>
         <kind>archive</kind>
         <file>sysbios.a28L</file>
         <name>c28_IntrinsicsSupport_asm.obj</name>
      </input_file>
      <input_file id="fl-29">
         <path>C:\Documents and Settings\salnikov\workspace_v6_1\tms320_ti_rtos\src\sysbios\</path>
         <kind>archive</kind>
         <file>sysbios.a28L</file>
         <name>c28_TaskSupport_asm.obj</name>
      </input_file>
      <input_file id="fl-2a">
         <path>C:\ti\tirtos_c2000_2_10_01_38\products\bios_6_41_00_26\packages\ti\catalog\c2800\init\lib\</path>
         <kind>archive</kind>
         <file>Boot.a28L</file>
         <name>Boot.o28L</name>
      </input_file>
      <input_file id="fl-2b">
         <path>C:\ti\tirtos_c2000_2_10_01_38\products\bios_6_41_00_26\packages\ti\catalog\c2800\init\lib\</path>
         <kind>archive</kind>
         <file>Boot.a28L</file>
         <name>Boot_asm.o28L</name>
      </input_file>
      <input_file id="fl-2c">
         <path>C:\ti\tirtos_c2000_2_10_01_38\products\bios_6_41_00_26\packages\ti\targets\rts2800\lib\</path>
         <kind>archive</kind>
         <file>ti.targets.rts2800.a28L</file>
         <name>Assert.o28L</name>
      </input_file>
      <input_file id="fl-2d">
         <path>C:\ti\tirtos_c2000_2_10_01_38\products\bios_6_41_00_26\packages\ti\targets\rts2800\lib\</path>
         <kind>archive</kind>
         <file>ti.targets.rts2800.a28L</file>
         <name>Core-mem.o28L</name>
      </input_file>
      <input_file id="fl-2e">
         <path>C:\ti\tirtos_c2000_2_10_01_38\products\bios_6_41_00_26\packages\ti\targets\rts2800\lib\</path>
         <kind>archive</kind>
         <file>ti.targets.rts2800.a28L</file>
         <name>Core-smem.o28L</name>
      </input_file>
      <input_file id="fl-2f">
         <path>C:\ti\tirtos_c2000_2_10_01_38\products\bios_6_41_00_26\packages\ti\targets\rts2800\lib\</path>
         <kind>archive</kind>
         <file>ti.targets.rts2800.a28L</file>
         <name>Core-label.o28L</name>
      </input_file>
      <input_file id="fl-30">
         <path>C:\ti\tirtos_c2000_2_10_01_38\products\bios_6_41_00_26\packages\ti\targets\rts2800\lib\</path>
         <kind>archive</kind>
         <file>ti.targets.rts2800.a28L</file>
         <name>Core-params.o28L</name>
      </input_file>
      <input_file id="fl-31">
         <path>C:\ti\tirtos_c2000_2_10_01_38\products\bios_6_41_00_26\packages\ti\targets\rts2800\lib\</path>
         <kind>archive</kind>
         <file>ti.targets.rts2800.a28L</file>
         <name>Error.o28L</name>
      </input_file>
      <input_file id="fl-32">
         <path>C:\ti\tirtos_c2000_2_10_01_38\products\bios_6_41_00_26\packages\ti\targets\rts2800\lib\</path>
         <kind>archive</kind>
         <file>ti.targets.rts2800.a28L</file>
         <name>Gate.o28L</name>
      </input_file>
      <input_file id="fl-33">
         <path>C:\ti\tirtos_c2000_2_10_01_38\products\bios_6_41_00_26\packages\ti\targets\rts2800\lib\</path>
         <kind>archive</kind>
         <file>ti.targets.rts2800.a28L</file>
         <name>HeapStd.o28L</name>
      </input_file>
      <input_file id="fl-34">
         <path>C:\ti\tirtos_c2000_2_10_01_38\products\bios_6_41_00_26\packages\ti\targets\rts2800\lib\</path>
         <kind>archive</kind>
         <file>ti.targets.rts2800.a28L</file>
         <name>LoggerBuf.o28L</name>
      </input_file>
      <input_file id="fl-35">
         <path>C:\ti\tirtos_c2000_2_10_01_38\products\bios_6_41_00_26\packages\ti\targets\rts2800\lib\</path>
         <kind>archive</kind>
         <file>ti.targets.rts2800.a28L</file>
         <name>Memory.o28L</name>
      </input_file>
      <input_file id="fl-36">
         <path>C:\ti\tirtos_c2000_2_10_01_38\products\bios_6_41_00_26\packages\ti\targets\rts2800\lib\</path>
         <kind>archive</kind>
         <file>ti.targets.rts2800.a28L</file>
         <name>Startup.o28L</name>
      </input_file>
      <input_file id="fl-37">
         <path>C:\ti\tirtos_c2000_2_10_01_38\products\bios_6_41_00_26\packages\ti\targets\rts2800\lib\</path>
         <kind>archive</kind>
         <file>ti.targets.rts2800.a28L</file>
         <name>System.o28L</name>
      </input_file>
      <input_file id="fl-38">
         <path>C:\ti\tirtos_c2000_2_10_01_38\products\bios_6_41_00_26\packages\ti\targets\rts2800\lib\</path>
         <kind>archive</kind>
         <file>ti.targets.rts2800.a28L</file>
         <name>SysMin.o28L</name>
      </input_file>
      <input_file id="fl-39">
         <path>C:\ti\tirtos_c2000_2_10_01_38\products\bios_6_41_00_26\packages\ti\targets\rts2800\lib\</path>
         <kind>archive</kind>
         <file>ti.targets.rts2800.a28L</file>
         <name>Text.o28L</name>
      </input_file>
      <input_file id="fl-3a">
         <path>C:\ti\tirtos_c2000_2_10_01_38\products\bios_6_41_00_26\packages\ti\targets\rts2800\lib\</path>
         <kind>archive</kind>
         <file>ti.targets.rts2800.a28L</file>
         <name>xdc_noinit.o28L</name>
      </input_file>
      <input_file id="fl-3b">
         <path>C:\ti\tirtos_c2000_2_10_01_38\products\bios_6_41_00_26\packages\ti\targets\rts2800\lib\</path>
         <kind>archive</kind>
         <file>ti.targets.rts2800.a28L</file>
         <name>Log.o28L</name>
      </input_file>
      <input_file id="fl-3c">
         <path>C:\ti\tirtos_c2000_2_10_01_38\products\bios_6_41_00_26\packages\ti\targets\rts2800\lib\</path>
         <kind>archive</kind>
         <file>ti.targets.rts2800.a28L</file>
         <name>Registry.o28L</name>
      </input_file>
      <input_file id="fl-3d">
         <path>C:\ti\tirtos_c2000_2_10_01_38\products\bios_6_41_00_26\packages\ti\targets\rts2800\lib\</path>
         <kind>archive</kind>
         <file>boot.a28L</file>
         <name>boot_cg.o28L</name>
      </input_file>
      <input_file id="fl-43">
         <path>C:\ti\ccsv6\tools\compiler\ti-cgt-c2000_6.4.6\lib\</path>
         <kind>archive</kind>
         <file>rts2800_ml.lib</file>
         <name>_lock.obj</name>
      </input_file>
      <input_file id="fl-44">
         <path>C:\ti\ccsv6\tools\compiler\ti-cgt-c2000_6.4.6\lib\</path>
         <kind>archive</kind>
         <file>rts2800_ml.lib</file>
         <name>args_main.obj</name>
      </input_file>
      <input_file id="fl-45">
         <path>C:\ti\ccsv6\tools\compiler\ti-cgt-c2000_6.4.6\lib\</path>
         <kind>archive</kind>
         <file>rts2800_ml.lib</file>
         <name>cpy_tbl.obj</name>
      </input_file>
      <input_file id="fl-46">
         <path>C:\ti\ccsv6\tools\compiler\ti-cgt-c2000_6.4.6\lib\</path>
         <kind>archive</kind>
         <file>rts2800_ml.lib</file>
         <name>cpy_utils.obj</name>
      </input_file>
      <input_file id="fl-47">
         <path>C:\ti\ccsv6\tools\compiler\ti-cgt-c2000_6.4.6\lib\</path>
         <kind>archive</kind>
         <file>rts2800_ml.lib</file>
         <name>exit.obj</name>
      </input_file>
      <input_file id="fl-48">
         <path>C:\ti\ccsv6\tools\compiler\ti-cgt-c2000_6.4.6\lib\</path>
         <kind>archive</kind>
         <file>rts2800_ml.lib</file>
         <name>fs_mpy.obj</name>
      </input_file>
      <input_file id="fl-49">
         <path>C:\ti\ccsv6\tools\compiler\ti-cgt-c2000_6.4.6\lib\</path>
         <kind>archive</kind>
         <file>rts2800_ml.lib</file>
         <name>fs_tol.obj</name>
      </input_file>
      <input_file id="fl-4a">
         <path>C:\ti\ccsv6\tools\compiler\ti-cgt-c2000_6.4.6\lib\</path>
         <kind>archive</kind>
         <file>rts2800_ml.lib</file>
         <name>ll_div.obj</name>
      </input_file>
      <input_file id="fl-4b">
         <path>C:\ti\ccsv6\tools\compiler\ti-cgt-c2000_6.4.6\lib\</path>
         <kind>archive</kind>
         <file>rts2800_ml.lib</file>
         <name>memcpy.obj</name>
      </input_file>
      <input_file id="fl-4c">
         <path>C:\ti\ccsv6\tools\compiler\ti-cgt-c2000_6.4.6\lib\</path>
         <kind>archive</kind>
         <file>rts2800_ml.lib</file>
         <name>memset.obj</name>
      </input_file>
      <input_file id="fl-4d">
         <path>C:\ti\ccsv6\tools\compiler\ti-cgt-c2000_6.4.6\lib\</path>
         <kind>archive</kind>
         <file>rts2800_ml.lib</file>
         <name>strcmp.obj</name>
      </input_file>
      <input_file id="fl-4e">
         <path>C:\ti\ccsv6\tools\compiler\ti-cgt-c2000_6.4.6\lib\</path>
         <kind>archive</kind>
         <file>rts2800_ml.lib</file>
         <name>strlen.obj</name>
      </input_file>
      <input_file id="fl-4f">
         <path>C:\ti\ccsv6\tools\compiler\ti-cgt-c2000_6.4.6\lib\</path>
         <kind>archive</kind>
         <file>rts2800_ml.lib</file>
         <name>trgdrv.obj</name>
      </input_file>
      <input_file id="fl-50">
         <path>C:\ti\ccsv6\tools\compiler\ti-cgt-c2000_6.4.6\lib\</path>
         <kind>archive</kind>
         <file>rts2800_ml.lib</file>
         <name>ankmsg.obj</name>
      </input_file>
      <input_file id="fl-51">
         <path>C:\ti\ccsv6\tools\compiler\ti-cgt-c2000_6.4.6\lib\</path>
         <kind>archive</kind>
         <file>rts2800_ml.lib</file>
         <name>strcpy.obj</name>
      </input_file>
   </input_file_list>
   <object_component_list>
      <object_component id="oc-a1">
         <name>PieVectTableFile</name>
         <uninitialized>true</uninitialized>
         <run_address>0xd00</run_address>
         <size>0x100</size>
         <input_file_ref idref="fl-e"/>
      </object_component>
      <object_component id="oc-81">
         <name>EmuKeyVar</name>
         <uninitialized>true</uninitialized>
         <run_address>0xd00</run_address>
         <size>0x1</size>
         <input_file_ref idref="fl-e"/>
      </object_component>
      <object_component id="oc-83">
         <name>EmuBModeVar</name>
         <uninitialized>true</uninitialized>
         <run_address>0xd01</run_address>
         <size>0x1</size>
         <input_file_ref idref="fl-e"/>
      </object_component>
      <object_component id="oc-85">
         <name>FlashCallbackVar</name>
         <uninitialized>true</uninitialized>
         <run_address>0xd02</run_address>
         <size>0x2</size>
         <input_file_ref idref="fl-e"/>
      </object_component>
      <object_component id="oc-84">
         <name>FlashScalingVar</name>
         <uninitialized>true</uninitialized>
         <run_address>0xd04</run_address>
         <size>0x2</size>
         <input_file_ref idref="fl-e"/>
      </object_component>
      <object_component id="oc-87">
         <name>DevEmuRegsFile</name>
         <uninitialized>true</uninitialized>
         <run_address>0x880</run_address>
         <size>0x4</size>
         <input_file_ref idref="fl-e"/>
      </object_component>
      <object_component id="oc-86">
         <name>SysPwrCtrlRegsFile</name>
         <uninitialized>true</uninitialized>
         <run_address>0x985</run_address>
         <size>0x3</size>
         <input_file_ref idref="fl-e"/>
      </object_component>
      <object_component id="oc-88">
         <name>FlashRegsFile</name>
         <uninitialized>true</uninitialized>
         <run_address>0xa80</run_address>
         <size>0x8</size>
         <input_file_ref idref="fl-e"/>
      </object_component>
      <object_component id="oc-91">
         <name>CsmRegsFile</name>
         <uninitialized>true</uninitialized>
         <run_address>0xae0</run_address>
         <size>0x10</size>
         <input_file_ref idref="fl-e"/>
      </object_component>
      <object_component id="oc-99">
         <name>AdcResultFile</name>
         <uninitialized>true</uninitialized>
         <run_address>0xb00</run_address>
         <size>0x20</size>
         <input_file_ref idref="fl-e"/>
      </object_component>
      <object_component id="oc-89">
         <name>CpuTimer0RegsFile</name>
         <uninitialized>true</uninitialized>
         <run_address>0xc00</run_address>
         <size>0x8</size>
         <input_file_ref idref="fl-e"/>
      </object_component>
      <object_component id="oc-8a">
         <name>CpuTimer1RegsFile</name>
         <uninitialized>true</uninitialized>
         <run_address>0xc08</run_address>
         <size>0x8</size>
         <input_file_ref idref="fl-e"/>
      </object_component>
      <object_component id="oc-8b">
         <name>CpuTimer2RegsFile</name>
         <uninitialized>true</uninitialized>
         <run_address>0xc10</run_address>
         <size>0x8</size>
         <input_file_ref idref="fl-e"/>
      </object_component>
      <object_component id="oc-95">
         <name>PieCtrlRegsFile</name>
         <uninitialized>true</uninitialized>
         <run_address>0xce0</run_address>
         <size>0x1a</size>
         <input_file_ref idref="fl-e"/>
      </object_component>
      <object_component id="oc-98">
         <name>ECap1RegsFile</name>
         <uninitialized>true</uninitialized>
         <run_address>0x6a00</run_address>
         <size>0x20</size>
         <input_file_ref idref="fl-e"/>
      </object_component>
      <object_component id="oc-9f">
         <name>GpioCtrlRegsFile</name>
         <uninitialized>true</uninitialized>
         <run_address>0x6f80</run_address>
         <size>0x40</size>
         <input_file_ref idref="fl-e"/>
      </object_component>
      <object_component id="oc-97">
         <name>GpioDataRegsFile</name>
         <uninitialized>true</uninitialized>
         <run_address>0x6fc0</run_address>
         <size>0x20</size>
         <input_file_ref idref="fl-e"/>
      </object_component>
      <object_component id="oc-8d">
         <name>GpioIntRegsFile</name>
         <uninitialized>true</uninitialized>
         <run_address>0x6fe0</run_address>
         <size>0xa</size>
         <input_file_ref idref="fl-e"/>
      </object_component>
      <object_component id="oc-96">
         <name>SysCtrlRegsFile</name>
         <uninitialized>true</uninitialized>
         <run_address>0x7010</run_address>
         <size>0x1f</size>
         <input_file_ref idref="fl-e"/>
      </object_component>
      <object_component id="oc-8e">
         <name>SpiaRegsFile</name>
         <uninitialized>true</uninitialized>
         <run_address>0x7040</run_address>
         <size>0x10</size>
         <input_file_ref idref="fl-e"/>
      </object_component>
      <object_component id="oc-8f">
         <name>SciaRegsFile</name>
         <uninitialized>true</uninitialized>
         <run_address>0x7050</run_address>
         <size>0x10</size>
         <input_file_ref idref="fl-e"/>
      </object_component>
      <object_component id="oc-90">
         <name>NmiIntruptRegsFile</name>
         <uninitialized>true</uninitialized>
         <run_address>0x7060</run_address>
         <size>0x10</size>
         <input_file_ref idref="fl-e"/>
      </object_component>
      <object_component id="oc-92">
         <name>XIntruptRegsFile</name>
         <uninitialized>true</uninitialized>
         <run_address>0x7070</run_address>
         <size>0x10</size>
         <input_file_ref idref="fl-e"/>
      </object_component>
      <object_component id="oc-a0">
         <name>AdcRegsFile</name>
         <uninitialized>true</uninitialized>
         <run_address>0x7100</run_address>
         <size>0x50</size>
         <input_file_ref idref="fl-e"/>
      </object_component>
      <object_component id="oc-9a">
         <name>I2caRegsFile</name>
         <uninitialized>true</uninitialized>
         <run_address>0x7900</run_address>
         <size>0x22</size>
         <input_file_ref idref="fl-e"/>
      </object_component>
      <object_component id="oc-94">
         <name>Comp1RegsFile</name>
         <uninitialized>true</uninitialized>
         <run_address>0x6400</run_address>
         <size>0x11</size>
         <input_file_ref idref="fl-e"/>
      </object_component>
      <object_component id="oc-93">
         <name>Comp2RegsFile</name>
         <uninitialized>true</uninitialized>
         <run_address>0x6420</run_address>
         <size>0x11</size>
         <input_file_ref idref="fl-e"/>
      </object_component>
      <object_component id="oc-9e">
         <name>EPwm1RegsFile</name>
         <uninitialized>true</uninitialized>
         <run_address>0x6800</run_address>
         <size>0x3a</size>
         <input_file_ref idref="fl-e"/>
      </object_component>
      <object_component id="oc-9c">
         <name>EPwm2RegsFile</name>
         <uninitialized>true</uninitialized>
         <run_address>0x6840</run_address>
         <size>0x3a</size>
         <input_file_ref idref="fl-e"/>
      </object_component>
      <object_component id="oc-9b">
         <name>EPwm3RegsFile</name>
         <uninitialized>true</uninitialized>
         <run_address>0x6880</run_address>
         <size>0x3a</size>
         <input_file_ref idref="fl-e"/>
      </object_component>
      <object_component id="oc-9d">
         <name>EPwm4RegsFile</name>
         <uninitialized>true</uninitialized>
         <run_address>0x68c0</run_address>
         <size>0x3a</size>
         <input_file_ref idref="fl-e"/>
      </object_component>
      <object_component id="oc-8c">
         <name>CsmPwlFile</name>
         <uninitialized>true</uninitialized>
         <run_address>0x3f7ff8</run_address>
         <size>0x8</size>
         <input_file_ref idref="fl-e"/>
      </object_component>
      <object_component id="oc-82">
         <name>PartIdRegsFile</name>
         <uninitialized>true</uninitialized>
         <run_address>0x3d7fff</run_address>
         <size>0x1</size>
         <input_file_ref idref="fl-e"/>
      </object_component>
      <object_component id="oc-be">
         <name>.cinit</name>
         <load_address>0x3f4a4e</load_address>
         <run_address>0x3f4a4e</run_address>
         <size>0x417</size>
         <input_file_ref idref="fl-18"/>
      </object_component>
      <object_component id="oc-6a">
         <name>.cinit</name>
         <load_address>0x3f4e65</load_address>
         <run_address>0x3f4e65</run_address>
         <size>0x14</size>
         <input_file_ref idref="fl-a"/>
      </object_component>
      <object_component id="oc-14c">
         <name>.cinit</name>
         <load_address>0x3f4e79</load_address>
         <run_address>0x3f4e79</run_address>
         <size>0xa</size>
         <input_file_ref idref="fl-47"/>
      </object_component>
      <object_component id="oc-208">
         <name>.cinit:__lock</name>
         <load_address>0x3f4e83</load_address>
         <run_address>0x3f4e83</run_address>
         <size>0x5</size>
         <input_file_ref idref="fl-43"/>
      </object_component>
      <object_component id="oc-207">
         <name>.cinit:__unlock</name>
         <load_address>0x3f4e88</load_address>
         <run_address>0x3f4e88</run_address>
         <size>0x5</size>
         <input_file_ref idref="fl-43"/>
      </object_component>
      <object_component id="oc-3b">
         <name>.cinit</name>
         <load_address>0x3f4e8d</load_address>
         <run_address>0x3f4e8d</run_address>
         <size>0x4</size>
         <input_file_ref idref="fl-2"/>
      </object_component>
      <object_component id="oc-42">
         <name>.cinit</name>
         <load_address>0x3f4e91</load_address>
         <run_address>0x3f4e91</run_address>
         <size>0x4</size>
         <input_file_ref idref="fl-3"/>
      </object_component>
      <object_component id="oc-62">
         <name>.cinit</name>
         <load_address>0x3f4e95</load_address>
         <run_address>0x3f4e95</run_address>
         <size>0x4</size>
         <input_file_ref idref="fl-9"/>
      </object_component>
      <object_component id="oc-305">
         <name>.text:_xdc_runtime_System_doPrint__I</name>
         <load_address>0x3f0000</load_address>
         <run_address>0x3f0000</run_address>
         <size>0x21d</size>
         <input_file_ref idref="fl-37"/>
      </object_component>
      <object_component id="oc-22e">
         <name>.text</name>
         <load_address>0x3f021d</load_address>
         <run_address>0x3f021d</run_address>
         <size>0x207</size>
         <input_file_ref idref="fl-d"/>
      </object_component>
      <object_component id="oc-2e9">
         <name>.text</name>
         <load_address>0x3f0424</load_address>
         <run_address>0x3f0424</run_address>
         <size>0x1f7</size>
         <input_file_ref idref="fl-4f"/>
      </object_component>
      <object_component id="oc-1db">
         <name>.text:_ti_sysbios_knl_Semaphore_pend__E</name>
         <load_address>0x3f061b</load_address>
         <run_address>0x3f061b</run_address>
         <size>0x1e1</size>
         <input_file_ref idref="fl-25"/>
      </object_component>
      <object_component id="oc-18b">
         <name>.text</name>
         <load_address>0x3f07fc</load_address>
         <run_address>0x3f07fc</run_address>
         <size>0x18d</size>
         <input_file_ref idref="fl-b"/>
      </object_component>
      <object_component id="oc-1da">
         <name>.text</name>
         <load_address>0x3f0989</load_address>
         <run_address>0x3f0989</run_address>
         <size>0x151</size>
         <input_file_ref idref="fl-9"/>
      </object_component>
      <object_component id="oc-1d4">
         <name>.text:_ti_sysbios_knl_Task_sleep__E</name>
         <load_address>0x3f0ada</load_address>
         <run_address>0x3f0ada</run_address>
         <size>0x138</size>
         <input_file_ref idref="fl-25"/>
      </object_component>
      <object_component id="oc-1d6">
         <name>.text</name>
         <load_address>0x3f0c12</load_address>
         <run_address>0x3f0c12</run_address>
         <size>0x130</size>
         <input_file_ref idref="fl-11"/>
      </object_component>
      <object_component id="oc-15c">
         <name>.text</name>
         <load_address>0x3f0d42</load_address>
         <run_address>0x3f0d42</run_address>
         <size>0x107</size>
         <input_file_ref idref="fl-4a"/>
      </object_component>
      <object_component id="oc-1ae">
         <name>.text:_xdc_runtime_HeapStd_alloc__E</name>
         <load_address>0x3f0e49</load_address>
         <run_address>0x3f0e49</run_address>
         <size>0x102</size>
         <input_file_ref idref="fl-33"/>
      </object_component>
      <object_component id="oc-266">
         <name>.text:_ti_sysbios_family_c28_Hwi_clearInterrupt__E</name>
         <load_address>0x3f0f4b</load_address>
         <run_address>0x3f0f4b</run_address>
         <size>0xe9</size>
         <input_file_ref idref="fl-25"/>
      </object_component>
      <object_component id="oc-19a">
         <name>.text</name>
         <load_address>0x3f1034</load_address>
         <run_address>0x3f1034</run_address>
         <size>0xe2</size>
         <input_file_ref idref="fl-5"/>
      </object_component>
      <object_component id="oc-1cf">
         <name>.text</name>
         <load_address>0x3f1116</load_address>
         <run_address>0x3f1116</run_address>
         <size>0xc8</size>
         <input_file_ref idref="fl-8"/>
      </object_component>
      <object_component id="oc-31b">
         <name>.text:_ti_sysbios_family_c28_Hwi_dispatchCore__I</name>
         <load_address>0x3f11de</load_address>
         <run_address>0x3f11de</run_address>
         <size>0xbe</size>
         <input_file_ref idref="fl-25"/>
      </object_component>
      <object_component id="oc-200">
         <name>.text:_ti_sysbios_knl_Semaphore_post__E</name>
         <load_address>0x3f129c</load_address>
         <run_address>0x3f129c</run_address>
         <size>0xba</size>
         <input_file_ref idref="fl-25"/>
      </object_component>
      <object_component id="oc-1e7">
         <name>.text:_xdc_runtime_Core_createObject__I</name>
         <load_address>0x3f1356</load_address>
         <run_address>0x3f1356</run_address>
         <size>0xb7</size>
         <input_file_ref idref="fl-2d"/>
      </object_component>
      <object_component id="oc-318">
         <name>.text:_xdc_runtime_System_printfExtend__I</name>
         <load_address>0x3f140d</load_address>
         <run_address>0x3f140d</run_address>
         <size>0xb6</size>
         <input_file_ref idref="fl-18"/>
      </object_component>
      <object_component id="oc-1d8">
         <name>.text</name>
         <load_address>0x3f14c3</load_address>
         <run_address>0x3f14c3</run_address>
         <size>0xb4</size>
         <input_file_ref idref="fl-3"/>
      </object_component>
      <object_component id="oc-194">
         <name>.text:_ti_sysbios_knl_Clock_workFunc__E</name>
         <load_address>0x3f1577</load_address>
         <run_address>0x3f1577</run_address>
         <size>0xab</size>
         <input_file_ref idref="fl-25"/>
      </object_component>
      <object_component id="oc-2a3">
         <name>.text:_ti_sysbios_knl_Swi_run__I</name>
         <load_address>0x3f1622</load_address>
         <run_address>0x3f1622</run_address>
         <size>0xa6</size>
         <input_file_ref idref="fl-25"/>
      </object_component>
      <object_component id="oc-195">
         <name>.text</name>
         <load_address>0x3f16c8</load_address>
         <run_address>0x3f16c8</run_address>
         <size>0xa2</size>
         <input_file_ref idref="fl-2"/>
      </object_component>
      <object_component id="oc-267">
         <name>.text:_ti_sysbios_family_c28_Hwi_enableInterrupt__E</name>
         <load_address>0x3f176a</load_address>
         <run_address>0x3f176a</run_address>
         <size>0x96</size>
         <input_file_ref idref="fl-25"/>
      </object_component>
      <object_component id="oc-2fc">
         <name>.text</name>
         <load_address>0x3f1800</load_address>
         <run_address>0x3f1800</run_address>
         <size>0x94</size>
         <input_file_ref idref="fl-50"/>
      </object_component>
      <object_component id="oc-28f">
         <name>.text:_xdc_runtime_Core_constructObject__I</name>
         <load_address>0x3f1894</load_address>
         <run_address>0x3f1894</run_address>
         <size>0x91</size>
         <input_file_ref idref="fl-2e"/>
      </object_component>
      <object_component id="oc-23c">
         <name>.text:_xdc_runtime_Error_policyDefault__E</name>
         <load_address>0x3f1925</load_address>
         <run_address>0x3f1925</run_address>
         <size>0x8c</size>
         <input_file_ref idref="fl-31"/>
      </object_component>
      <object_component id="oc-1f8">
         <name>.text:_xdc_runtime_HeapStd_Instance_init__E</name>
         <load_address>0x3f19b1</load_address>
         <run_address>0x3f19b1</run_address>
         <size>0x89</size>
         <input_file_ref idref="fl-33"/>
      </object_component>
      <object_component id="oc-307">
         <name>.text:_ti_sysbios_family_c28_Hwi_disableInterrupt__E</name>
         <load_address>0x3f1a3a</load_address>
         <run_address>0x3f1a3a</run_address>
         <size>0x88</size>
         <input_file_ref idref="fl-25"/>
      </object_component>
      <object_component id="oc-29a">
         <name>.text:_ti_sysbios_family_c28_Hwi_disablePIEIER__E</name>
         <load_address>0x3f1ac2</load_address>
         <run_address>0x3f1ac2</run_address>
         <size>0x85</size>
         <input_file_ref idref="fl-25"/>
      </object_component>
      <object_component id="oc-2f1">
         <name>.text:_ti_sysbios_family_c28_Hwi_dispatch</name>
         <load_address>0x3f1b47</load_address>
         <run_address>0x3f1b47</run_address>
         <size>0x82</size>
         <input_file_ref idref="fl-27"/>
      </object_component>
      <object_component id="oc-299">
         <name>.text:_ti_sysbios_family_c28_Hwi_enablePIEIER__E</name>
         <load_address>0x3f1bc9</load_address>
         <run_address>0x3f1bc9</run_address>
         <size>0x80</size>
         <input_file_ref idref="fl-25"/>
      </object_component>
      <object_component id="oc-26a">
         <name>.text:_ti_sysbios_knl_Task_checkStacks__E</name>
         <load_address>0x3f1c49</load_address>
         <run_address>0x3f1c49</run_address>
         <size>0x75</size>
         <input_file_ref idref="fl-25"/>
      </object_component>
      <object_component id="oc-240">
         <name>.text:_xdc_runtime_Startup_startMods__I</name>
         <load_address>0x3f1cbe</load_address>
         <run_address>0x3f1cbe</run_address>
         <size>0x75</size>
         <input_file_ref idref="fl-36"/>
      </object_component>
      <object_component id="oc-1b6">
         <name>.text:_ti_sysbios_gates_GateMutex_enter__E</name>
         <load_address>0x3f1d33</load_address>
         <run_address>0x3f1d33</run_address>
         <size>0x72</size>
         <input_file_ref idref="fl-25"/>
      </object_component>
      <object_component id="oc-210">
         <name>.text:_ti_sysbios_knl_Task_startCore__E</name>
         <load_address>0x3f1da5</load_address>
         <run_address>0x3f1da5</run_address>
         <size>0x70</size>
         <input_file_ref idref="fl-25"/>
      </object_component>
      <object_component id="oc-1af">
         <name>.text:_xdc_runtime_HeapStd_free__E</name>
         <load_address>0x3f1e15</load_address>
         <run_address>0x3f1e15</run_address>
         <size>0x70</size>
         <input_file_ref idref="fl-33"/>
      </object_component>
      <object_component id="oc-290">
         <name>.text:_ti_sysbios_knl_Semaphore_Instance_init__E</name>
         <load_address>0x3f1e85</load_address>
         <run_address>0x3f1e85</run_address>
         <size>0x6c</size>
         <input_file_ref idref="fl-25"/>
      </object_component>
      <object_component id="oc-274">
         <name>.text:_ti_sysbios_knl_Task_schedule__I</name>
         <load_address>0x3f1ef1</load_address>
         <run_address>0x3f1ef1</run_address>
         <size>0x6c</size>
         <input_file_ref idref="fl-25"/>
      </object_component>
      <object_component id="oc-2f2">
         <name>.text:_ti_sysbios_family_c28_Timer_stopAndClear__I</name>
         <load_address>0x3f1f5d</load_address>
         <run_address>0x3f1f5d</run_address>
         <size>0x66</size>
         <input_file_ref idref="fl-25"/>
      </object_component>
      <object_component id="oc-2cf">
         <name>.text:_xdc_runtime_Text_putSite__E</name>
         <load_address>0x3f1fc3</load_address>
         <run_address>0x3f1fc3</run_address>
         <size>0x62</size>
         <input_file_ref idref="fl-39"/>
      </object_component>
      <object_component id="oc-38">
         <name>.text</name>
         <load_address>0x3f2025</load_address>
         <run_address>0x3f2025</run_address>
         <size>0x61</size>
         <input_file_ref idref="fl-3d"/>
      </object_component>
      <object_component id="oc-228">
         <name>.text:_ti_sysbios_knl_Task_blockI__E</name>
         <load_address>0x3f2086</load_address>
         <run_address>0x3f2086</run_address>
         <size>0x60</size>
         <input_file_ref idref="fl-25"/>
      </object_component>
      <object_component id="oc-1d3">
         <name>.text:_ti_sysbios_knl_Swi_post__E</name>
         <load_address>0x3f20e6</load_address>
         <run_address>0x3f20e6</run_address>
         <size>0x5e</size>
         <input_file_ref idref="fl-25"/>
      </object_component>
      <object_component id="oc-152">
         <name>.text</name>
         <load_address>0x3f2144</load_address>
         <run_address>0x3f2144</run_address>
         <size>0x5a</size>
         <input_file_ref idref="fl-48"/>
      </object_component>
      <object_component id="oc-2f6">
         <name>.text:_ti_sysbios_knl_Task_exit__E</name>
         <load_address>0x3f219e</load_address>
         <run_address>0x3f219e</run_address>
         <size>0x57</size>
         <input_file_ref idref="fl-25"/>
      </object_component>
      <object_component id="oc-25d">
         <name>.text:_ti_sysbios_knl_Task_unblockI__E</name>
         <load_address>0x3f21f5</load_address>
         <run_address>0x3f21f5</run_address>
         <size>0x51</size>
         <input_file_ref idref="fl-25"/>
      </object_component>
      <object_component id="oc-2e6">
         <name>.text:_ti_sysbios_knl_Task_postInit__I</name>
         <load_address>0x3f2246</load_address>
         <run_address>0x3f2246</run_address>
         <size>0x4d</size>
         <input_file_ref idref="fl-25"/>
      </object_component>
      <object_component id="oc-2c0">
         <name>.text:_ti_sysbios_family_c28_Hwi_Module_startup__E</name>
         <load_address>0x3f2293</load_address>
         <run_address>0x3f2293</run_address>
         <size>0x48</size>
         <input_file_ref idref="fl-25"/>
      </object_component>
      <object_component id="oc-187">
         <name>.text</name>
         <load_address>0x3f22db</load_address>
         <run_address>0x3f22db</run_address>
         <size>0x47</size>
         <input_file_ref idref="fl-45"/>
      </object_component>
      <object_component id="oc-31e">
         <name>.text:_xdc_runtime_Text_putLab__E</name>
         <load_address>0x3f2322</load_address>
         <run_address>0x3f2322</run_address>
         <size>0x40</size>
         <input_file_ref idref="fl-39"/>
      </object_component>
      <object_component id="oc-2ad">
         <name>.text:_xdc_runtime_Memory_alloc__E</name>
         <load_address>0x3f2362</load_address>
         <run_address>0x3f2362</run_address>
         <size>0x3e</size>
         <input_file_ref idref="fl-35"/>
      </object_component>
      <object_component id="oc-30a">
         <name>.text:_ti_sysbios_family_c28_TaskSupport_start__E</name>
         <load_address>0x3f23a0</load_address>
         <run_address>0x3f23a0</run_address>
         <size>0x3d</size>
         <input_file_ref idref="fl-25"/>
      </object_component>
      <object_component id="oc-1e9">
         <name>.text:_xdc_runtime_Core_deleteObject__I</name>
         <load_address>0x3f23dd</load_address>
         <run_address>0x3f23dd</run_address>
         <size>0x3d</size>
         <input_file_ref idref="fl-2d"/>
      </object_component>
      <object_component id="oc-2de">
         <name>.text:_ti_sysbios_family_c28_Timer_postInit__I</name>
         <load_address>0x3f241a</load_address>
         <run_address>0x3f241a</run_address>
         <size>0x3c</size>
         <input_file_ref idref="fl-25"/>
      </object_component>
      <object_component id="oc-30e">
         <name>.text:_xdc_runtime_System_formatNum__I</name>
         <load_address>0x3f2456</load_address>
         <run_address>0x3f2456</run_address>
         <size>0x3b</size>
         <input_file_ref idref="fl-37"/>
      </object_component>
      <object_component id="oc-2ec">
         <name>.text:_xdc_runtime_Text_putMod__E</name>
         <load_address>0x3f2491</load_address>
         <run_address>0x3f2491</run_address>
         <size>0x38</size>
         <input_file_ref idref="fl-39"/>
      </object_component>
      <object_component id="oc-1b2">
         <name>.text:_xdc_runtime_HeapStd_Object__create__S</name>
         <load_address>0x3f24c9</load_address>
         <run_address>0x3f24c9</run_address>
         <size>0x37</size>
         <input_file_ref idref="fl-18"/>
      </object_component>
      <object_component id="oc-2bf">
         <name>.text:_ti_sysbios_family_c28_TimestampProvider_Module_startup__E</name>
         <load_address>0x3f2500</load_address>
         <run_address>0x3f2500</run_address>
         <size>0x36</size>
         <input_file_ref idref="fl-25"/>
      </object_component>
      <object_component id="oc-1d1">
         <name>.text:_ti_sysbios_knl_Clock_logTick__E</name>
         <load_address>0x3f2536</load_address>
         <run_address>0x3f2536</run_address>
         <size>0x36</size>
         <input_file_ref idref="fl-25"/>
      </object_component>
      <object_component id="oc-325">
         <name>.text:_ti_sysbios_knl_Swi_restoreHwi__E</name>
         <load_address>0x3f256c</load_address>
         <run_address>0x3f256c</run_address>
         <size>0x36</size>
         <input_file_ref idref="fl-25"/>
      </object_component>
      <object_component id="oc-2c4">
         <name>.text:_ti_sysbios_knl_Task_Module_startup__E</name>
         <load_address>0x3f25a2</load_address>
         <run_address>0x3f25a2</run_address>
         <size>0x33</size>
         <input_file_ref idref="fl-25"/>
      </object_component>
      <object_component id="oc-2b9">
         <name>.text:_xdc_runtime_Error_print__E</name>
         <load_address>0x3f25d5</load_address>
         <run_address>0x3f25d5</run_address>
         <size>0x32</size>
         <input_file_ref idref="fl-31"/>
      </object_component>
      <object_component id="oc-188">
         <name>.text:_xdc_runtime_Startup_exec__E</name>
         <load_address>0x3f2607</load_address>
         <run_address>0x3f2607</run_address>
         <size>0x31</size>
         <input_file_ref idref="fl-36"/>
      </object_component>
      <object_component id="oc-317">
         <name>.text:_xdc_runtime_Text_visitRope2__I</name>
         <load_address>0x3f2638</load_address>
         <run_address>0x3f2638</run_address>
         <size>0x30</size>
         <input_file_ref idref="fl-39"/>
      </object_component>
      <object_component id="oc-26f">
         <name>.text:_ti_sysbios_knl_Swi_runLoop__I</name>
         <load_address>0x3f2668</load_address>
         <run_address>0x3f2668</run_address>
         <size>0x2f</size>
         <input_file_ref idref="fl-25"/>
      </object_component>
      <object_component id="oc-21e">
         <name>.text:_ti_sysbios_knl_Swi_schedule__I</name>
         <load_address>0x3f2697</load_address>
         <run_address>0x3f2697</run_address>
         <size>0x2f</size>
         <input_file_ref idref="fl-25"/>
      </object_component>
      <object_component id="oc-1f0">
         <name>.text:_xdc_runtime_Assert_raise__I</name>
         <load_address>0x3f26c6</load_address>
         <run_address>0x3f26c6</run_address>
         <size>0x2f</size>
         <input_file_ref idref="fl-2c"/>
      </object_component>
      <object_component id="oc-24c">
         <name>.text:_xdc_runtime_Core_assignParams__I</name>
         <load_address>0x3f26f5</load_address>
         <run_address>0x3f26f5</run_address>
         <size>0x2f</size>
         <input_file_ref idref="fl-30"/>
      </object_component>
      <object_component id="oc-1a0">
         <name>.text:.bootCodeSection:_ti_catalog_c2800_init_Boot_configurePll2802x</name>
         <load_address>0x3f2724</load_address>
         <run_address>0x3f2724</run_address>
         <size>0x2e</size>
         <input_file_ref idref="fl-2a"/>
      </object_component>
      <object_component id="oc-20d">
         <name>.text:_ti_sysbios_family_c28_Timer_start__E</name>
         <load_address>0x3f2752</load_address>
         <run_address>0x3f2752</run_address>
         <size>0x2c</size>
         <input_file_ref idref="fl-25"/>
      </object_component>
      <object_component id="oc-276">
         <name>.text:_xdc_runtime_Error_setX__E</name>
         <load_address>0x3f277e</load_address>
         <run_address>0x3f277e</run_address>
         <size>0x2c</size>
         <input_file_ref idref="fl-31"/>
      </object_component>
      <object_component id="oc-2a9">
         <name>.text:_ti_sysbios_family_c28_Hwi_getStackInfo__E</name>
         <load_address>0x3f27aa</load_address>
         <run_address>0x3f27aa</run_address>
         <size>0x2a</size>
         <input_file_ref idref="fl-25"/>
      </object_component>
      <object_component id="oc-cd">
         <name>.text:_ti_sysbios_family_c28_Hwi_unPluggedInterrupt__I</name>
         <load_address>0x3f27d4</load_address>
         <run_address>0x3f27d4</run_address>
         <size>0x29</size>
         <input_file_ref idref="fl-25"/>
      </object_component>
      <object_component id="oc-157">
         <name>.text</name>
         <load_address>0x3f27fd</load_address>
         <run_address>0x3f27fd</run_address>
         <size>0x29</size>
         <input_file_ref idref="fl-49"/>
      </object_component>
      <object_component id="oc-1d7">
         <name>.text</name>
         <load_address>0x3f2826</load_address>
         <run_address>0x3f2826</run_address>
         <size>0x28</size>
         <input_file_ref idref="fl-10"/>
      </object_component>
      <object_component id="oc-2ed">
         <name>.text:_xdc_runtime_Text_xprintf__I</name>
         <load_address>0x3f284e</load_address>
         <run_address>0x3f284e</run_address>
         <size>0x27</size>
         <input_file_ref idref="fl-39"/>
      </object_component>
      <object_component id="oc-287">
         <name>.text:_xdc_runtime_SysMin_flush__E</name>
         <load_address>0x3f2875</load_address>
         <run_address>0x3f2875</run_address>
         <size>0x26</size>
         <input_file_ref idref="fl-38"/>
      </object_component>
      <object_component id="oc-199">
         <name>.text</name>
         <load_address>0x3f289b</load_address>
         <run_address>0x3f289b</run_address>
         <size>0x25</size>
         <input_file_ref idref="fl-7"/>
      </object_component>
      <object_component id="oc-1a4">
         <name>.text:_xdc_runtime_System_processAtExit__E</name>
         <load_address>0x3f28c0</load_address>
         <run_address>0x3f28c0</run_address>
         <size>0x24</size>
         <input_file_ref idref="fl-37"/>
      </object_component>
      <object_component id="oc-2f4">
         <name>.text:_ti_sysbios_family_c28_Timer_setPrescale__E</name>
         <load_address>0x3f28e4</load_address>
         <run_address>0x3f28e4</run_address>
         <size>0x20</size>
         <input_file_ref idref="fl-25"/>
      </object_component>
      <object_component id="oc-268">
         <name>.text:_ti_sysbios_knl_Task_allBlockedFunction__I</name>
         <load_address>0x3f2904</load_address>
         <run_address>0x3f2904</run_address>
         <size>0x20</size>
         <input_file_ref idref="fl-25"/>
      </object_component>
      <object_component id="oc-1bc">
         <name>.text:_xdc_runtime_System_atexit__E</name>
         <load_address>0x3f2924</load_address>
         <run_address>0x3f2924</run_address>
         <size>0x1f</size>
         <input_file_ref idref="fl-37"/>
      </object_component>
      <object_component id="oc-1aa">
         <name>.text:_ti_sysbios_gates_GateHwi_Object__create__S</name>
         <load_address>0x3f2943</load_address>
         <run_address>0x3f2943</run_address>
         <size>0x1e</size>
         <input_file_ref idref="fl-18"/>
      </object_component>
      <object_component id="oc-1b8">
         <name>.text:_ti_sysbios_gates_GateMutex_Object__create__S</name>
         <load_address>0x3f2961</load_address>
         <run_address>0x3f2961</run_address>
         <size>0x1e</size>
         <input_file_ref idref="fl-18"/>
      </object_component>
      <object_component id="oc-316">
         <name>.text:_ti_sysbios_family_c28_TaskSupport_buildTaskStack</name>
         <load_address>0x3f297f</load_address>
         <run_address>0x3f297f</run_address>
         <size>0x1d</size>
         <input_file_ref idref="fl-29"/>
      </object_component>
      <object_component id="oc-260">
         <name>.text:_ti_sysbios_knl_Semaphore_construct</name>
         <load_address>0x3f299c</load_address>
         <run_address>0x3f299c</run_address>
         <size>0x1d</size>
         <input_file_ref idref="fl-18"/>
      </object_component>
      <object_component id="oc-2c7">
         <name>.text:_xdc_runtime_SysMin_output__I</name>
         <load_address>0x3f29b9</load_address>
         <run_address>0x3f29b9</run_address>
         <size>0x1d</size>
         <input_file_ref idref="fl-18"/>
      </object_component>
      <object_component id="oc-246">
         <name>.text</name>
         <load_address>0x3f29d6</load_address>
         <run_address>0x3f29d6</run_address>
         <size>0x1d</size>
         <input_file_ref idref="fl-4b"/>
      </object_component>
      <object_component id="oc-2d2">
         <name>.text:_xdc_runtime_SysMin_putch__E</name>
         <load_address>0x3f29f3</load_address>
         <run_address>0x3f29f3</run_address>
         <size>0x1c</size>
         <input_file_ref idref="fl-38"/>
      </object_component>
      <object_component id="oc-310">
         <name>.text:_ti_sysbios_family_c28_Hwi_switchAndDispatch__I</name>
         <load_address>0x3f2a0f</load_address>
         <run_address>0x3f2a0f</run_address>
         <size>0x1b</size>
         <input_file_ref idref="fl-26"/>
      </object_component>
      <object_component id="oc-2a4">
         <name>.text:_ti_sysbios_hal_Hwi_checkStack</name>
         <load_address>0x3f2a2a</load_address>
         <run_address>0x3f2a2a</run_address>
         <size>0x1b</size>
         <input_file_ref idref="fl-25"/>
      </object_component>
      <object_component id="oc-23f">
         <name>.text:_ti_sysbios_hal_Hwi_initStack</name>
         <load_address>0x3f2a45</load_address>
         <run_address>0x3f2a45</run_address>
         <size>0x1b</size>
         <input_file_ref idref="fl-25"/>
      </object_component>
      <object_component id="oc-309">
         <name>.text:_ti_sysbios_knl_Task_processVitalTaskFlag__I</name>
         <load_address>0x3f2a60</load_address>
         <run_address>0x3f2a60</run_address>
         <size>0x1b</size>
         <input_file_ref idref="fl-25"/>
      </object_component>
      <object_component id="oc-1ea">
         <name>.text:_xdc_runtime_Core_assignLabel__I</name>
         <load_address>0x3f2a7b</load_address>
         <run_address>0x3f2a7b</run_address>
         <size>0x1a</size>
         <input_file_ref idref="fl-2f"/>
      </object_component>
      <object_component id="oc-146">
         <name>.text</name>
         <load_address>0x3f2a95</load_address>
         <run_address>0x3f2a95</run_address>
         <size>0x1a</size>
         <input_file_ref idref="fl-46"/>
      </object_component>
      <object_component id="oc-2b0">
         <name>.text:_ti_sysbios_knl_Queue_construct</name>
         <load_address>0x3f2aaf</load_address>
         <run_address>0x3f2aaf</run_address>
         <size>0x19</size>
         <input_file_ref idref="fl-18"/>
      </object_component>
      <object_component id="oc-237">
         <name>.text:_ti_sysbios_knl_Semaphore_pendTimeout__I</name>
         <load_address>0x3f2ac8</load_address>
         <run_address>0x3f2ac8</run_address>
         <size>0x19</size>
         <input_file_ref idref="fl-25"/>
      </object_component>
      <object_component id="oc-20f">
         <name>.text:_ti_sysbios_knl_Swi_restore__E</name>
         <load_address>0x3f2ae1</load_address>
         <run_address>0x3f2ae1</run_address>
         <size>0x19</size>
         <input_file_ref idref="fl-25"/>
      </object_component>
      <object_component id="oc-2ef">
         <name>.text:_xdc_runtime_System_avprintf__E</name>
         <load_address>0x3f2afa</load_address>
         <run_address>0x3f2afa</run_address>
         <size>0x19</size>
         <input_file_ref idref="fl-37"/>
      </object_component>
      <object_component id="oc-30f">
         <name>.text:_xdc_runtime_System_putchar__I</name>
         <load_address>0x3f2b13</load_address>
         <run_address>0x3f2b13</run_address>
         <size>0x19</size>
         <input_file_ref idref="fl-37"/>
      </object_component>
      <object_component id="oc-212">
         <name>.text</name>
         <load_address>0x3f2b2c</load_address>
         <run_address>0x3f2b2c</run_address>
         <size>0x19</size>
         <input_file_ref idref="fl-4"/>
      </object_component>
      <object_component id="oc-189">
         <name>.text</name>
         <load_address>0x3f2b45</load_address>
         <run_address>0x3f2b45</run_address>
         <size>0x19</size>
         <input_file_ref idref="fl-44"/>
      </object_component>
      <object_component id="oc-244">
         <name>.text</name>
         <load_address>0x3f2b5e</load_address>
         <run_address>0x3f2b5e</run_address>
         <size>0x19</size>
         <input_file_ref idref="fl-47"/>
      </object_component>
      <object_component id="oc-270">
         <name>.text:_ti_sysbios_family_xxx_Hwi_switchAndRunFunc</name>
         <load_address>0x3f2b77</load_address>
         <run_address>0x3f2b77</run_address>
         <size>0x18</size>
         <input_file_ref idref="fl-26"/>
      </object_component>
      <object_component id="oc-288">
         <name>.text:_xdc_runtime_Memory_valloc__E</name>
         <load_address>0x3f2b8f</load_address>
         <run_address>0x3f2b8f</run_address>
         <size>0x18</size>
         <input_file_ref idref="fl-35"/>
      </object_component>
      <object_component id="oc-2f0">
         <name>.text:_xdc_runtime_System_vprintf__E</name>
         <load_address>0x3f2ba7</load_address>
         <run_address>0x3f2ba7</run_address>
         <size>0x18</size>
         <input_file_ref idref="fl-37"/>
      </object_component>
      <object_component id="oc-302">
         <name>.text:_xdc_runtime_Text_printVisFxn__I</name>
         <load_address>0x3f2bbf</load_address>
         <run_address>0x3f2bbf</run_address>
         <size>0x18</size>
         <input_file_ref idref="fl-39"/>
      </object_component>
      <object_component id="oc-1be">
         <name>.text:_ti_sysbios_family_c28_Timer_startup__E</name>
         <load_address>0x3f2bd7</load_address>
         <run_address>0x3f2bd7</run_address>
         <size>0x17</size>
         <input_file_ref idref="fl-25"/>
      </object_component>
      <object_component id="oc-225">
         <name>.text:_ti_sysbios_knl_Clock_addI__E</name>
         <load_address>0x3f2bee</load_address>
         <run_address>0x3f2bee</run_address>
         <size>0x17</size>
         <input_file_ref idref="fl-25"/>
      </object_component>
      <object_component id="oc-197">
         <name>.text:_ti_sysbios_knl_Clock_doTick__I</name>
         <load_address>0x3f2c05</load_address>
         <run_address>0x3f2c05</run_address>
         <size>0x17</size>
         <input_file_ref idref="fl-18"/>
      </object_component>
      <object_component id="oc-2bc">
         <name>.text:_xdc_runtime_LoggerBuf_Module_startup__E</name>
         <load_address>0x3f2c1c</load_address>
         <run_address>0x3f2c1c</run_address>
         <size>0x17</size>
         <input_file_ref idref="fl-34"/>
      </object_component>
      <object_component id="oc-1bb">
         <name>.text:_ti_sysbios_BIOS_atExitFunc__I</name>
         <load_address>0x3f2c33</load_address>
         <run_address>0x3f2c33</run_address>
         <size>0x16</size>
         <input_file_ref idref="fl-18"/>
      </object_component>
      <object_component id="oc-2c1">
         <name>.text:_ti_sysbios_family_c28_Timer_Module_startup__E</name>
         <load_address>0x3f2c49</load_address>
         <run_address>0x3f2c49</run_address>
         <size>0x16</size>
         <input_file_ref idref="fl-25"/>
      </object_component>
      <object_component id="oc-2c3">
         <name>.text:_ti_sysbios_knl_Swi_Module_startup__E</name>
         <load_address>0x3f2c5f</load_address>
         <run_address>0x3f2c5f</run_address>
         <size>0x16</size>
         <input_file_ref idref="fl-25"/>
      </object_component>
      <object_component id="oc-22d">
         <name>.text:_ti_sysbios_knl_Task_restore__E</name>
         <load_address>0x3f2c75</load_address>
         <run_address>0x3f2c75</run_address>
         <size>0x16</size>
         <input_file_ref idref="fl-25"/>
      </object_component>
      <object_component id="oc-2d5">
         <name>.text:_xdc_runtime_LoggerBuf_reset__E</name>
         <load_address>0x3f2c8b</load_address>
         <run_address>0x3f2c8b</run_address>
         <size>0x16</size>
         <input_file_ref idref="fl-34"/>
      </object_component>
      <object_component id="oc-2ba">
         <name>.text:_xdc_runtime_SysMin_abort__E</name>
         <load_address>0x3f2ca1</load_address>
         <run_address>0x3f2ca1</run_address>
         <size>0x16</size>
         <input_file_ref idref="fl-38"/>
      </object_component>
      <object_component id="oc-1d5">
         <name>.text</name>
         <load_address>0x3f2cb7</load_address>
         <run_address>0x3f2cb7</run_address>
         <size>0x15</size>
         <input_file_ref idref="fl-f"/>
      </object_component>
      <object_component id="oc-1dc">
         <name>.text:_ti_sysbios_knl_Idle_run__E</name>
         <load_address>0x3f2ccc</load_address>
         <run_address>0x3f2ccc</run_address>
         <size>0x15</size>
         <input_file_ref idref="fl-25"/>
      </object_component>
      <object_component id="oc-1b9">
         <name>.text:_ti_sysbios_gates_GateMutex_Object__delete__S</name>
         <load_address>0x3f2ce1</load_address>
         <run_address>0x3f2ce1</run_address>
         <size>0x13</size>
         <input_file_ref idref="fl-18"/>
      </object_component>
      <object_component id="oc-1ab">
         <name>.text:_ti_sysbios_gates_GateHwi_Object__delete__S</name>
         <load_address>0x3f2cf4</load_address>
         <run_address>0x3f2cf4</run_address>
         <size>0x12</size>
         <input_file_ref idref="fl-18"/>
      </object_component>
      <object_component id="oc-2c2">
         <name>.text:_ti_sysbios_knl_Clock_Module_startup__E</name>
         <load_address>0x3f2d06</load_address>
         <run_address>0x3f2d06</run_address>
         <size>0x12</size>
         <input_file_ref idref="fl-25"/>
      </object_component>
      <object_component id="oc-250">
         <name>.text:_xdc_runtime_Text_cordText__E</name>
         <load_address>0x3f2d18</load_address>
         <run_address>0x3f2d18</run_address>
         <size>0x12</size>
         <input_file_ref idref="fl-39"/>
      </object_component>
      <object_component id="oc-1b3">
         <name>.text:_xdc_runtime_HeapStd_Object__delete__S</name>
         <load_address>0x3f2d2a</load_address>
         <run_address>0x3f2d2a</run_address>
         <size>0x11</size>
         <input_file_ref idref="fl-18"/>
      </object_component>
      <object_component id="oc-2a6">
         <name>.text:_ti_sysbios_BIOS_errorRaiseHook__I</name>
         <load_address>0x3f2d3b</load_address>
         <run_address>0x3f2d3b</run_address>
         <size>0x10</size>
         <input_file_ref idref="fl-18"/>
      </object_component>
      <object_component id="oc-2f3">
         <name>.text:_ti_sysbios_family_c28_Timer_stop__E</name>
         <load_address>0x3f2d4b</load_address>
         <run_address>0x3f2d4b</run_address>
         <size>0x10</size>
         <input_file_ref idref="fl-25"/>
      </object_component>
      <object_component id="oc-311">
         <name>.text:_ti_sysbios_knl_Task_restoreHwi__E</name>
         <load_address>0x3f2d5b</load_address>
         <run_address>0x3f2d5b</run_address>
         <size>0x10</size>
         <input_file_ref idref="fl-25"/>
      </object_component>
      <object_component id="oc-2be">
         <name>.text:_xdc_runtime_SysMin_Module_startup__E</name>
         <load_address>0x3f2d6b</load_address>
         <run_address>0x3f2d6b</run_address>
         <size>0x10</size>
         <input_file_ref idref="fl-38"/>
      </object_component>
      <object_component id="oc-19f">
         <name>.text:.bootCodeSection:_ti_catalog_c2800_init_Boot_disableWatchdog</name>
         <load_address>0x3f2d7b</load_address>
         <run_address>0x3f2d7b</run_address>
         <size>0xf</size>
         <input_file_ref idref="fl-2a"/>
      </object_component>
      <object_component id="oc-1c2">
         <name>.text:_ti_sysbios_BIOS_removeRTSLock__I</name>
         <load_address>0x3f2d8a</load_address>
         <run_address>0x3f2d8a</run_address>
         <size>0xf</size>
         <input_file_ref idref="fl-18"/>
      </object_component>
      <object_component id="oc-192">
         <name>.text:_ti_sysbios_BIOS_startFunc__I</name>
         <load_address>0x3f2d99</load_address>
         <run_address>0x3f2d99</run_address>
         <size>0xf</size>
         <input_file_ref idref="fl-18"/>
      </object_component>
      <object_component id="oc-202">
         <name>.text:_ti_sysbios_gates_GateMutex_Instance_init__E</name>
         <load_address>0x3f2da8</load_address>
         <run_address>0x3f2da8</run_address>
         <size>0xf</size>
         <input_file_ref idref="fl-25"/>
      </object_component>
      <object_component id="oc-19e">
         <name>.text:_xdc_runtime_Error_raiseX__E</name>
         <load_address>0x3f2db7</load_address>
         <run_address>0x3f2db7</run_address>
         <size>0xf</size>
         <input_file_ref idref="fl-31"/>
      </object_component>
      <object_component id="oc-300">
         <name>.text:_xdc_runtime_Registry_findById__E</name>
         <load_address>0x3f2dc6</load_address>
         <run_address>0x3f2dc6</run_address>
         <size>0xf</size>
         <input_file_ref idref="fl-3c"/>
      </object_component>
      <object_component id="oc-291">
         <name>.text:_ti_sysbios_knl_Semaphore_Object__destruct__S</name>
         <load_address>0x3f2dd5</load_address>
         <run_address>0x3f2dd5</run_address>
         <size>0xe</size>
         <input_file_ref idref="fl-18"/>
      </object_component>
      <object_component id="oc-2e2">
         <name>.text:_ti_sysbios_knl_Swi_Object__get__S</name>
         <load_address>0x3f2de3</load_address>
         <run_address>0x3f2de3</run_address>
         <size>0xe</size>
         <input_file_ref idref="fl-18"/>
      </object_component>
      <object_component id="oc-2e5">
         <name>.text:_ti_sysbios_knl_Task_Object__get__S</name>
         <load_address>0x3f2df1</load_address>
         <run_address>0x3f2df1</run_address>
         <size>0xe</size>
         <input_file_ref idref="fl-18"/>
      </object_component>
      <object_component id="oc-1bd">
         <name>.text:_ti_sysbios_BIOS_registerRTSLock__I</name>
         <load_address>0x3f2dff</load_address>
         <run_address>0x3f2dff</run_address>
         <size>0xd</size>
         <input_file_ref idref="fl-18"/>
      </object_component>
      <object_component id="oc-20a">
         <name>.text:_ti_sysbios_BIOS_rtsLock__I</name>
         <load_address>0x3f2e0c</load_address>
         <run_address>0x3f2e0c</run_address>
         <size>0xd</size>
         <input_file_ref idref="fl-18"/>
      </object_component>
      <object_component id="oc-306">
         <name>.text:_ti_sysbios_family_c28_Hwi_dispatchC__I</name>
         <load_address>0x3f2e19</load_address>
         <run_address>0x3f2e19</run_address>
         <size>0xd</size>
         <input_file_ref idref="fl-25"/>
      </object_component>
      <object_component id="oc-2b3">
         <name>.text:_ti_sysbios_family_c28_TaskSupport_checkStack__E</name>
         <load_address>0x3f2e26</load_address>
         <run_address>0x3f2e26</run_address>
         <size>0xd</size>
         <input_file_ref idref="fl-25"/>
      </object_component>
      <object_component id="oc-2a2">
         <name>.text:_ti_sysbios_family_c28_TaskSupport_swap__E</name>
         <load_address>0x3f2e33</load_address>
         <run_address>0x3f2e33</run_address>
         <size>0xd</size>
         <input_file_ref idref="fl-29"/>
      </object_component>
      <object_component id="oc-1ac">
         <name>.text:_ti_sysbios_gates_GateHwi_Handle__label__S</name>
         <load_address>0x3f2e40</load_address>
         <run_address>0x3f2e40</run_address>
         <size>0xd</size>
         <input_file_ref idref="fl-18"/>
      </object_component>
      <object_component id="oc-1ba">
         <name>.text:_ti_sysbios_gates_GateMutex_Handle__label__S</name>
         <load_address>0x3f2e4d</load_address>
         <run_address>0x3f2e4d</run_address>
         <size>0xd</size>
         <input_file_ref idref="fl-18"/>
      </object_component>
      <object_component id="oc-2eb">
         <name>.text:_ti_sysbios_knl_Queue_Object__destruct__S</name>
         <load_address>0x3f2e5a</load_address>
         <run_address>0x3f2e5a</run_address>
         <size>0xd</size>
         <input_file_ref idref="fl-18"/>
      </object_component>
      <object_component id="oc-2f7">
         <name>.text:_ti_sysbios_knl_Task_enter__I</name>
         <load_address>0x3f2e67</load_address>
         <run_address>0x3f2e67</run_address>
         <size>0xd</size>
         <input_file_ref idref="fl-25"/>
      </object_component>
      <object_component id="oc-224">
         <name>.text:_ti_sysbios_knl_Task_sleepTimeout__I</name>
         <load_address>0x3f2e74</load_address>
         <run_address>0x3f2e74</run_address>
         <size>0xd</size>
         <input_file_ref idref="fl-25"/>
      </object_component>
      <object_component id="oc-1b4">
         <name>.text:_xdc_runtime_HeapStd_Handle__label__S</name>
         <load_address>0x3f2e81</load_address>
         <run_address>0x3f2e81</run_address>
         <size>0xd</size>
         <input_file_ref idref="fl-18"/>
      </object_component>
      <object_component id="oc-280">
         <name>.text:_xdc_runtime_System_abort__E</name>
         <load_address>0x3f2e8e</load_address>
         <run_address>0x3f2e8e</run_address>
         <size>0xd</size>
         <input_file_ref idref="fl-37"/>
      </object_component>
      <object_component id="oc-193">
         <name>.text:_ti_sysbios_BIOS_exitFunc__I</name>
         <load_address>0x3f2e9b</load_address>
         <run_address>0x3f2e9b</run_address>
         <size>0xc</size>
         <input_file_ref idref="fl-18"/>
      </object_component>
      <object_component id="oc-312">
         <name>.text:_ti_sysbios_family_c28_Hwi_disableIER__E</name>
         <load_address>0x3f2ea7</load_address>
         <run_address>0x3f2ea7</run_address>
         <size>0xc</size>
         <input_file_ref idref="fl-18"/>
      </object_component>
      <object_component id="oc-1b7">
         <name>.text:_ti_sysbios_gates_GateMutex_leave__E</name>
         <load_address>0x3f2eb3</load_address>
         <run_address>0x3f2eb3</run_address>
         <size>0xc</size>
         <input_file_ref idref="fl-25"/>
      </object_component>
      <object_component id="oc-271">
         <name>.text:_ti_sysbios_knl_Queue_put__E</name>
         <load_address>0x3f2ebf</load_address>
         <run_address>0x3f2ebf</run_address>
         <size>0xc</size>
         <input_file_ref idref="fl-25"/>
      </object_component>
      <object_component id="oc-1f9">
         <name>.text:_xdc_runtime_Error_check__E</name>
         <load_address>0x3f2ecb</load_address>
         <run_address>0x3f2ecb</run_address>
         <size>0xc</size>
         <input_file_ref idref="fl-31"/>
      </object_component>
      <object_component id="oc-24e">
         <name>.text</name>
         <load_address>0x3f2ed7</load_address>
         <run_address>0x3f2ed7</run_address>
         <size>0xc</size>
         <input_file_ref idref="fl-4c"/>
      </object_component>
      <object_component id="oc-2e8">
         <name>.text:_ti_sysbios_family_c28_Hwi_Module__startupDone__F</name>
         <load_address>0x3f2ee3</load_address>
         <run_address>0x3f2ee3</run_address>
         <size>0xb</size>
         <input_file_ref idref="fl-18"/>
      </object_component>
      <object_component id="oc-2dd">
         <name>.text:_ti_sysbios_family_c28_Hwi_Object__get__S</name>
         <load_address>0x3f2eee</load_address>
         <run_address>0x3f2eee</run_address>
         <size>0xb</size>
         <input_file_ref idref="fl-18"/>
      </object_component>
      <object_component id="oc-297">
         <name>.text:_ti_sysbios_family_c28_Hwi_enableIER__E</name>
         <load_address>0x3f2ef9</load_address>
         <run_address>0x3f2ef9</run_address>
         <size>0xb</size>
         <input_file_ref idref="fl-18"/>
      </object_component>
      <object_component id="oc-2df">
         <name>.text:_ti_sysbios_family_c28_Timer_Module__startupDone__F</name>
         <load_address>0x3f2f04</load_address>
         <run_address>0x3f2f04</run_address>
         <size>0xb</size>
         <input_file_ref idref="fl-18"/>
      </object_component>
      <object_component id="oc-2f9">
         <name>.text:_ti_sysbios_knl_Queue_Object__get__S</name>
         <load_address>0x3f2f0f</load_address>
         <run_address>0x3f2f0f</run_address>
         <size>0xb</size>
         <input_file_ref idref="fl-18"/>
      </object_component>
      <object_component id="oc-227">
         <name>.text:_ti_sysbios_knl_Task_enabled__E</name>
         <load_address>0x3f2f1a</load_address>
         <run_address>0x3f2f1a</run_address>
         <size>0xb</size>
         <input_file_ref idref="fl-25"/>
      </object_component>
      <object_component id="oc-2fa">
         <name>.text:_ti_sysbios_knl_Task_unblock__E</name>
         <load_address>0x3f2f25</load_address>
         <run_address>0x3f2f25</run_address>
         <size>0xb</size>
         <input_file_ref idref="fl-25"/>
      </object_component>
      <object_component id="oc-243">
         <name>.text:_xdc_runtime_SysMin_exit__E</name>
         <load_address>0x3f2f30</load_address>
         <run_address>0x3f2f30</run_address>
         <size>0xb</size>
         <input_file_ref idref="fl-38"/>
      </object_component>
      <object_component id="oc-18a">
         <name>.text:_xdc_runtime_System_exit__E</name>
         <load_address>0x3f2f3b</load_address>
         <run_address>0x3f2f3b</run_address>
         <size>0xb</size>
         <input_file_ref idref="fl-37"/>
      </object_component>
      <object_component id="oc-255">
         <name>.text:_xdc_runtime_Text_ropeText__E</name>
         <load_address>0x3f2f46</load_address>
         <run_address>0x3f2f46</run_address>
         <size>0xb</size>
         <input_file_ref idref="fl-39"/>
      </object_component>
      <object_component id="oc-2d4">
         <name>.text:_xdc_runtime_LoggerBuf_Object__get__S</name>
         <load_address>0x3f2f51</load_address>
         <run_address>0x3f2f51</run_address>
         <size>0xa</size>
         <input_file_ref idref="fl-18"/>
      </object_component>
      <object_component id="oc-24f">
         <name>.text:_xdc_runtime_Memory_free__E</name>
         <load_address>0x3f2f5b</load_address>
         <run_address>0x3f2f5b</run_address>
         <size>0xa</size>
         <input_file_ref idref="fl-35"/>
      </object_component>
      <object_component id="oc-20b">
         <name>.text:_ti_sysbios_BIOS_rtsUnlock__I</name>
         <load_address>0x3f2f65</load_address>
         <run_address>0x3f2f65</run_address>
         <size>0x9</size>
         <input_file_ref idref="fl-18"/>
      </object_component>
      <object_component id="oc-29b">
         <name>.text:_ti_sysbios_family_c28_Hwi_restoreIER__E</name>
         <load_address>0x3f2f6e</load_address>
         <run_address>0x3f2f6e</run_address>
         <size>0x9</size>
         <input_file_ref idref="fl-18"/>
      </object_component>
      <object_component id="oc-31c">
         <name>.text:_ti_sysbios_family_c28_TaskSupport_glue</name>
         <load_address>0x3f2f77</load_address>
         <run_address>0x3f2f77</run_address>
         <size>0x9</size>
         <input_file_ref idref="fl-29"/>
      </object_component>
      <object_component id="oc-2c5">
         <name>.text:_ti_sysbios_hal_Hwi_Module_startup__E</name>
         <load_address>0x3f2f80</load_address>
         <run_address>0x3f2f80</run_address>
         <size>0x9</size>
         <input_file_ref idref="fl-25"/>
      </object_component>
      <object_component id="oc-2c6">
         <name>.text:_ti_sysbios_hal_Timer_Module_startup__E</name>
         <load_address>0x3f2f89</load_address>
         <run_address>0x3f2f89</run_address>
         <size>0x9</size>
         <input_file_ref idref="fl-25"/>
      </object_component>
      <object_component id="oc-2f8">
         <name>.text:_ti_sysbios_knl_Task_SupportProxy_start__E</name>
         <load_address>0x3f2f92</load_address>
         <run_address>0x3f2f92</run_address>
         <size>0x9</size>
         <input_file_ref idref="fl-18"/>
      </object_component>
      <object_component id="oc-1e1">
         <name>.text:_xdc_runtime_Startup_exec__I</name>
         <load_address>0x3f2f9b</load_address>
         <run_address>0x3f2f9b</run_address>
         <size>0x9</size>
         <input_file_ref idref="fl-18"/>
      </object_component>
      <object_component id="oc-303">
         <name>.text:_xdc_runtime_System_vsnprintf__E</name>
         <load_address>0x3f2fa4</load_address>
         <run_address>0x3f2fa4</run_address>
         <size>0x9</size>
         <input_file_ref idref="fl-37"/>
      </object_component>
      <object_component id="oc-30b">
         <name>.text:_xdc_runtime_Text_visitRope__I</name>
         <load_address>0x3f2fad</load_address>
         <run_address>0x3f2fad</run_address>
         <size>0x9</size>
         <input_file_ref idref="fl-18"/>
      </object_component>
      <object_component id="oc-206">
         <name>.text</name>
         <load_address>0x3f2fb6</load_address>
         <run_address>0x3f2fb6</run_address>
         <size>0x9</size>
         <input_file_ref idref="fl-43"/>
      </object_component>
      <object_component id="oc-1c3">
         <name>.text:_ti_sysbios_BIOS_setThreadType__E</name>
         <load_address>0x3f2fbf</load_address>
         <run_address>0x3f2fbf</run_address>
         <size>0x8</size>
         <input_file_ref idref="fl-25"/>
      </object_component>
      <object_component id="oc-203">
         <name>.text:_ti_sysbios_gates_GateMutex_Instance_finalize__E</name>
         <load_address>0x3f2fc7</load_address>
         <run_address>0x3f2fc7</run_address>
         <size>0x8</size>
         <input_file_ref idref="fl-25"/>
      </object_component>
      <object_component id="oc-2b1">
         <name>.text:_ti_sysbios_knl_Semaphore_Instance_finalize__E</name>
         <load_address>0x3f2fcf</load_address>
         <run_address>0x3f2fcf</run_address>
         <size>0x8</size>
         <input_file_ref idref="fl-25"/>
      </object_component>
      <object_component id="oc-2c8">
         <name>.text:_xdc_runtime_IHeap_alloc</name>
         <load_address>0x3f2fd7</load_address>
         <run_address>0x3f2fd7</run_address>
         <size>0x8</size>
         <input_file_ref idref="fl-18"/>
      </object_component>
      <object_component id="oc-24d">
         <name>.text:_xdc_runtime_Memory_calloc__E</name>
         <load_address>0x3f2fdf</load_address>
         <run_address>0x3f2fdf</run_address>
         <size>0x8</size>
         <input_file_ref idref="fl-35"/>
      </object_component>
      <object_component id="oc-30c">
         <name>.text:_xdc_runtime_SysMin_ready__E</name>
         <load_address>0x3f2fe7</load_address>
         <run_address>0x3f2fe7</run_address>
         <size>0x8</size>
         <input_file_ref idref="fl-38"/>
      </object_component>
      <object_component id="oc-2ee">
         <name>.text</name>
         <load_address>0x3f2fef</load_address>
         <run_address>0x3f2fef</run_address>
         <size>0x8</size>
         <input_file_ref idref="fl-4e"/>
      </object_component>
      <object_component id="oc-186">
         <name>.text:.bootCodeSection:_ti_catalog_c2800_init_Boot_init</name>
         <load_address>0x3f2ff7</load_address>
         <run_address>0x3f2ff7</run_address>
         <size>0x7</size>
         <input_file_ref idref="fl-18"/>
      </object_component>
      <object_component id="oc-1d2">
         <name>.text:_ti_sysbios_knl_Queue_empty__E</name>
         <load_address>0x3f2ffe</load_address>
         <run_address>0x3f2ffe</run_address>
         <size>0x7</size>
         <input_file_ref idref="fl-25"/>
      </object_component>
      <object_component id="oc-1b1">
         <name>.text:_xdc_runtime_HeapStd_getStats__E</name>
         <load_address>0x3f3005</load_address>
         <run_address>0x3f3005</run_address>
         <size>0x7</size>
         <input_file_ref idref="fl-33"/>
      </object_component>
      <object_component id="oc-2d0">
         <name>.text:_xdc_runtime_System_aprintf__E</name>
         <load_address>0x3f300c</load_address>
         <run_address>0x3f300c</run_address>
         <size>0x7</size>
         <input_file_ref idref="fl-18"/>
      </object_component>
      <object_component id="oc-2d1">
         <name>.text:_xdc_runtime_System_printf__E</name>
[...]
         <value>0x3f1b47</value>
         <object_component_ref idref="oc-2f1"/>
      </symbol>
      <symbol id="sm-9ac">
         <name>_ti_sysbios_family_c28_Hwi_dispatchPie</name>
         <value>0x3f1ba4</value>
         <object_component_ref idref="oc-2f1"/>
      </symbol>
      <symbol id="sm-9b8">
         <name>_ti_sysbios_family_c28_IntrinsicsSupport_maxbit__E</name>
         <value>0x3f3020</value>
         <object_component_ref idref="oc-269"/>
      </symbol>
      <symbol id="sm-9c8">
         <name>_ti_sysbios_family_c28_TaskSupport_buildTaskStack</name>
         <value>0x3f297f</value>
         <object_component_ref idref="oc-316"/>
      </symbol>
      <symbol id="sm-9c9">
         <name>_ti_sysbios_family_c28_TaskSupport_swap__E</name>
         <value>0x3f2e33</value>
         <object_component_ref idref="oc-2a2"/>
      </symbol>
      <symbol id="sm-9ca">
         <name>_ti_sysbios_family_c28_TaskSupport_glue</name>
         <value>0x3f2f77</value>
         <object_component_ref idref="oc-31c"/>
      </symbol>
      <symbol id="sm-9dc">
         <name>_ti_catalog_c2800_init_Boot_configurePll2802x</name>
         <value>0x3f2724</value>
         <object_component_ref idref="oc-1a0"/>
      </symbol>
      <symbol id="sm-9dd">
         <name>_ti_catalog_c2800_init_Boot_disableWatchdog</name>
         <value>0x3f2d7b</value>
         <object_component_ref idref="oc-19f"/>
      </symbol>
      <symbol id="sm-9de">
         <name>_ti_catalog_c2800_init_Boot_defaultLimpAbortFunction</name>
         <value>0x3f30c2</value>
         <object_component_ref idref="oc-23d"/>
      </symbol>
      <symbol id="sm-9e6">
         <name>_ti_catalog_c2800_init_Boot_entry</name>
         <value>0x3f7ff6</value>
         <object_component_ref idref="oc-39"/>
      </symbol>
      <symbol id="sm-9f9">
         <name>_xdc_runtime_Assert_raise__I</name>
         <value>0x3f26c6</value>
         <object_component_ref idref="oc-1f0"/>
      </symbol>
      <symbol id="sm-a1a">
         <name>_xdc_runtime_Core_deleteObject__I</name>
         <value>0x3f23dd</value>
         <object_component_ref idref="oc-1e9"/>
      </symbol>
      <symbol id="sm-a1b">
         <name>_xdc_runtime_Core_createObject__I</name>
         <value>0x3f1356</value>
         <object_component_ref idref="oc-1e7"/>
      </symbol>
      <symbol id="sm-a32">
         <name>_xdc_runtime_Core_constructObject__I</name>
         <value>0x3f1894</value>
         <object_component_ref idref="oc-28f"/>
      </symbol>
      <symbol id="sm-a40">
         <name>_xdc_runtime_Core_assignLabel__I</name>
         <value>0x3f2a7b</value>
         <object_component_ref idref="oc-1ea"/>
      </symbol>
      <symbol id="sm-a4e">
         <name>_xdc_runtime_Core_assignParams__I</name>
         <value>0x3f26f5</value>
         <object_component_ref idref="oc-24c"/>
      </symbol>
      <symbol id="sm-a78">
         <name>_xdc_runtime_Error_getSite__E</name>
         <value>0x3f30cc</value>
         <object_component_ref idref="oc-2ce"/>
      </symbol>
      <symbol id="sm-a79">
         <name>_xdc_runtime_Error_print__E</name>
         <value>0x3f25d5</value>
         <object_component_ref idref="oc-2b9"/>
      </symbol>
      <symbol id="sm-a7a">
         <name>_xdc_runtime_Error_policyDefault__E</name>
         <value>0x3f1925</value>
         <object_component_ref idref="oc-23c"/>
      </symbol>
      <symbol id="sm-a7b">
         <name>_xdc_runtime_Error_init__E</name>
         <value>0x3f3054</value>
         <object_component_ref idref="oc-2a5"/>
      </symbol>
      <symbol id="sm-a7c">
         <name>_xdc_runtime_Error_raiseX__E</name>
         <value>0x3f2db7</value>
         <object_component_ref idref="oc-19e"/>
      </symbol>
      <symbol id="sm-a7d">
         <name>_xdc_runtime_Error_check__E</name>
         <value>0x3f2ecb</value>
         <object_component_ref idref="oc-1f9"/>
      </symbol>
      <symbol id="sm-a7e">
         <name>_xdc_runtime_Error_setX__E</name>
         <value>0x3f277e</value>
         <object_component_ref idref="oc-276"/>
      </symbol>
      <symbol id="sm-a8b">
         <name>_xdc_runtime_Gate_leaveSystem__E</name>
         <value>0x3f3044</value>
         <object_component_ref idref="oc-1f3"/>
      </symbol>
      <symbol id="sm-a8c">
         <name>_xdc_runtime_Gate_enterSystem__E</name>
         <value>0x3f303e</value>
         <object_component_ref idref="oc-1e2"/>
      </symbol>
      <symbol id="sm-acb">
         <name>_xdc_runtime_HeapStd_isBlocking__E</name>
         <value>0x3f30ce</value>
         <object_component_ref idref="oc-1b0"/>
      </symbol>
      <symbol id="sm-acc">
         <name>_xdc_runtime_HeapStd_getStats__E</name>
         <value>0x3f3005</value>
         <object_component_ref idref="oc-1b1"/>
      </symbol>
      <symbol id="sm-acd">
         <name>_xdc_runtime_HeapStd_free__E</name>
         <value>0x3f1e15</value>
         <object_component_ref idref="oc-1af"/>
      </symbol>
      <symbol id="sm-ace">
         <name>_xdc_runtime_HeapStd_Instance_init__E</name>
         <value>0x3f19b1</value>
         <object_component_ref idref="oc-1f8"/>
      </symbol>
      <symbol id="sm-acf">
         <name>_xdc_runtime_HeapStd_alloc__E</name>
         <value>0x3f0e49</value>
         <object_component_ref idref="oc-1ae"/>
      </symbol>
      <symbol id="sm-ade">
         <name>_xdc_runtime_LoggerBuf_Module_startup__E</name>
         <value>0x3f2c1c</value>
         <object_component_ref idref="oc-2bc"/>
      </symbol>
      <symbol id="sm-adf">
         <name>_xdc_runtime_LoggerBuf_reset__E</name>
         <value>0x3f2c8b</value>
         <object_component_ref idref="oc-2d5"/>
      </symbol>
      <symbol id="sm-ae0">
         <name>_LoggerBuf_instanceStartup</name>
         <value>0x3f2c8b</value>
         <object_component_ref idref="oc-2d5"/>
      </symbol>
      <symbol id="sm-afa">
         <name>_xdc_runtime_Memory_calloc__E</name>
         <value>0x3f2fdf</value>
         <object_component_ref idref="oc-24d"/>
      </symbol>
      <symbol id="sm-afb">
         <name>_xdc_runtime_Memory_free__E</name>
         <value>0x3f2f5b</value>
         <object_component_ref idref="oc-24f"/>
      </symbol>
      <symbol id="sm-afc">
         <name>_xdc_runtime_Memory_valloc__E</name>
         <value>0x3f2b8f</value>
         <object_component_ref idref="oc-288"/>
      </symbol>
      <symbol id="sm-afd">
         <name>_xdc_runtime_Memory_alloc__E</name>
         <value>0x3f2362</value>
         <object_component_ref idref="oc-2ad"/>
      </symbol>
      <symbol id="sm-afe">
         <name>_xdc_runtime_Memory_getMaxDefaultTypeAlign__E</name>
         <value>0x3f306e</value>
         <object_component_ref idref="oc-1f2"/>
      </symbol>
      <symbol id="sm-b1e">
         <name>_xdc_runtime_Startup_startMods__I</name>
         <value>0x3f1cbe</value>
         <object_component_ref idref="oc-240"/>
      </symbol>
      <symbol id="sm-b1f">
         <name>_xdc_runtime_Startup_exec__E</name>
         <value>0x3f2607</value>
         <object_component_ref idref="oc-188"/>
      </symbol>
      <symbol id="sm-ba9">
         <name>_xdc_runtime_System_formatNum__I</name>
         <value>0x3f2456</value>
         <object_component_ref idref="oc-30e"/>
      </symbol>
      <symbol id="sm-baa">
         <name>_xdc_runtime_System_exit__E</name>
         <value>0x3f2f3b</value>
         <object_component_ref idref="oc-18a"/>
      </symbol>
      <symbol id="sm-bab">
         <name>_xdc_runtime_System_exitStd__E</name>
         <value>0x3f30bd</value>
         <object_component_ref idref="oc-1e4"/>
      </symbol>
      <symbol id="sm-bac">
         <name>_xdc_runtime_System_printf_va__F</name>
         <value>0x3f2ba7</value>
         <object_component_ref idref="oc-2f0"/>
      </symbol>
      <symbol id="sm-bad">
         <name>_xdc_runtime_System_atexit__E</name>
         <value>0x3f2924</value>
         <object_component_ref idref="oc-1bc"/>
      </symbol>
      <symbol id="sm-bae">
         <name>_xdc_runtime_System_abortStd__E</name>
         <value>0x3f30ba</value>
         <object_component_ref idref="oc-2bb"/>
      </symbol>
      <symbol id="sm-baf">
         <name>_xdc_runtime_System_putchar__I</name>
         <value>0x3f2b13</value>
         <object_component_ref idref="oc-30f"/>
      </symbol>
      <symbol id="sm-bb0">
         <name>_xdc_runtime_System_snprintf_va__F</name>
         <value>0x3f2fa4</value>
         <object_component_ref idref="oc-303"/>
      </symbol>
      <symbol id="sm-bb1">
         <name>_xdc_runtime_System_Module_startup__E</name>
         <value>0x3f30ab</value>
         <object_component_ref idref="oc-2bd"/>
      </symbol>
      <symbol id="sm-bb2">
         <name>_xdc_runtime_System_avprintf__E</name>
         <value>0x3f2afa</value>
         <object_component_ref idref="oc-2ef"/>
      </symbol>
      <symbol id="sm-bb3">
         <name>_xdc_runtime_System_vprintf__E</name>
         <value>0x3f2ba7</value>
         <object_component_ref idref="oc-2f0"/>
      </symbol>
      <symbol id="sm-bb4">
         <name>_xdc_runtime_System_aprintf_va__F</name>
         <value>0x3f2afa</value>
         <object_component_ref idref="oc-2ef"/>
      </symbol>
      <symbol id="sm-bb5">
         <name>_xdc_runtime_System_doPrint__I</name>
         <value>0x3f0000</value>
         <object_component_ref idref="oc-305"/>
      </symbol>
      <symbol id="sm-bb6">
         <name>_xdc_runtime_System_processAtExit__E</name>
         <value>0x3f28c0</value>
         <object_component_ref idref="oc-1a4"/>
      </symbol>
      <symbol id="sm-bb7">
         <name>_xdc_runtime_System_vsnprintf__E</name>
         <value>0x3f2fa4</value>
         <object_component_ref idref="oc-303"/>
      </symbol>
      <symbol id="sm-bb8">
         <name>_xdc_runtime_System_abort__E</name>
         <value>0x3f2e8e</value>
         <object_component_ref idref="oc-280"/>
      </symbol>
      <symbol id="sm-bd6">
         <name>_xdc_runtime_SysMin_abort__E</name>
         <value>0x3f2ca1</value>
         <object_component_ref idref="oc-2ba"/>
      </symbol>
      <symbol id="sm-bd7">
         <name>_xdc_runtime_SysMin_ready__E</name>
         <value>0x3f2fe7</value>
         <object_component_ref idref="oc-30c"/>
      </symbol>
      <symbol id="sm-bd8">
         <name>_xdc_runtime_SysMin_flush__E</name>
         <value>0x3f2875</value>
         <object_component_ref idref="oc-287"/>
      </symbol>
      <symbol id="sm-bd9">
         <name>_xdc_runtime_SysMin_Module_startup__E</name>
         <value>0x3f2d6b</value>
         <object_component_ref idref="oc-2be"/>
      </symbol>
      <symbol id="sm-bda">
         <name>_xdc_runtime_SysMin_putch__E</name>
         <value>0x3f29f3</value>
         <object_component_ref idref="oc-2d2"/>
      </symbol>
      <symbol id="sm-bdb">
         <name>_xdc_runtime_SysMin_exit__E</name>
         <value>0x3f2f30</value>
         <object_component_ref idref="oc-243"/>
      </symbol>
      <symbol id="sm-c1f">
         <name>_xdc_runtime_Text_putLab__E</name>
         <value>0x3f2322</value>
         <object_component_ref idref="oc-31e"/>
      </symbol>
      <symbol id="sm-c20">
         <name>_xdc_runtime_Text_printVisFxn__I</name>
         <value>0x3f2bbf</value>
         <object_component_ref idref="oc-302"/>
      </symbol>
      <symbol id="sm-c21">
         <name>_xdc_runtime_Text_putMod__E</name>
         <value>0x3f2491</value>
         <object_component_ref idref="oc-2ec"/>
      </symbol>
      <symbol id="sm-c22">
         <name>_xdc_runtime_Text_cordText__E</name>
         <value>0x3f2d18</value>
         <object_component_ref idref="oc-250"/>
      </symbol>
      <symbol id="sm-c23">
         <name>_xdc_runtime_Text_xprintf__I</name>
         <value>0x3f284e</value>
         <object_component_ref idref="oc-2ed"/>
      </symbol>
      <symbol id="sm-c24">
         <name>_xdc_runtime_Text_visitRope2__I</name>
         <value>0x3f2638</value>
         <object_component_ref idref="oc-317"/>
      </symbol>
      <symbol id="sm-c25">
         <name>_xdc_runtime_Text_ropeText__E</name>
         <value>0x3f2f46</value>
         <object_component_ref idref="oc-255"/>
      </symbol>
      <symbol id="sm-c26">
         <name>_xdc_runtime_Text_putSite__E</name>
         <value>0x3f1fc3</value>
         <object_component_ref idref="oc-2cf"/>
      </symbol>
      <symbol id="sm-c31">
         <name>___xdc__init</name>
         <value>0x3f3072</value>
         <object_component_ref idref="oc-18c"/>
      </symbol>
      <symbol id="sm-c4f">
         <name>_xdc_runtime_Registry_findById__E</name>
         <value>0x3f2dc6</value>
         <object_component_ref idref="oc-300"/>
      </symbol>
      <symbol id="sm-c65">
         <name>_c_int00</name>
         <value>0x3f2025</value>
         <object_component_ref idref="oc-38"/>
      </symbol>
      <symbol id="sm-c66">
         <name>__stack</name>
         <value>0x120</value>
         <object_component_ref idref="oc-133"/>
      </symbol>
      <symbol id="sm-c7b">
         <name>__unlock</name>
         <value>0x8dfe</value>
         <object_component_ref idref="oc-262"/>
      </symbol>
      <symbol id="sm-c7c">
         <name>__lock</name>
         <value>0x8dfc</value>
         <object_component_ref idref="oc-263"/>
      </symbol>
      <symbol id="sm-c7d">
         <name>__register_lock</name>
         <value>0x3f2fba</value>
         <object_component_ref idref="oc-206"/>
      </symbol>
      <symbol id="sm-c7e">
         <name>__nop</name>
         <value>0x3f2fbe</value>
         <object_component_ref idref="oc-206"/>
      </symbol>
      <symbol id="sm-c7f">
         <name>__register_unlock</name>
         <value>0x3f2fb6</value>
         <object_component_ref idref="oc-206"/>
      </symbol>
      <symbol id="sm-c8f">
         <name>__args_main</name>
         <value>0x3f2b45</value>
         <object_component_ref idref="oc-189"/>
      </symbol>
      <symbol id="sm-ca5">
         <name>_copy_in</name>
         <value>0x3f22db</value>
         <object_component_ref idref="oc-187"/>
      </symbol>
      <symbol id="sm-cb4">
         <name>_ppcopy</name>
         <value>0x3f2a95</value>
         <object_component_ref idref="oc-146"/>
      </symbol>
      <symbol id="sm-cb5">
         <name>_dpcopy</name>
         <value>0x3f2a95</value>
         <object_component_ref idref="oc-146"/>
      </symbol>
      <symbol id="sm-cb6">
         <name>_pdcopy</name>
         <value>0x3f2a95</value>
         <object_component_ref idref="oc-146"/>
      </symbol>
      <symbol id="sm-cb7">
         <name>_ddcopy</name>
         <value>0x3f2a95</value>
         <object_component_ref idref="oc-146"/>
      </symbol>
      <symbol id="sm-ccb">
         <name>C$$EXIT</name>
         <value>0x3f2b5e</value>
         <object_component_ref idref="oc-244"/>
      </symbol>
      <symbol id="sm-ccc">
         <name>_exit</name>
         <value>0x3f2b60</value>
         <object_component_ref idref="oc-244"/>
      </symbol>
      <symbol id="sm-ccd">
         <name>___TI_cleanup_ptr</name>
         <value>0x8dbc</value>
         <object_component_ref idref="oc-14d"/>
      </symbol>
      <symbol id="sm-cce">
         <name>_abort</name>
         <value>0x3f2b5e</value>
         <object_component_ref idref="oc-244"/>
      </symbol>
      <symbol id="sm-ccf">
         <name>___TI_dtors_ptr</name>
         <value>0x8dbe</value>
         <object_component_ref idref="oc-14d"/>
      </symbol>
      <symbol id="sm-ce0">
         <name>FS$$MPY</name>
         <value>0x3f2144</value>
         <object_component_ref idref="oc-152"/>
      </symbol>
      <symbol id="sm-cf3">
         <name>FS$$TOL</name>
         <value>0x3f27fd</value>
         <object_component_ref idref="oc-157"/>
      </symbol>
      <symbol id="sm-d1f">
         <name>ULL$$MOD</name>
         <value>0x3f0de7</value>
         <object_component_ref idref="oc-15c"/>
      </symbol>
      <symbol id="sm-d20">
         <name>ULL$$DIV</name>
         <value>0x3f0db8</value>
         <object_component_ref idref="oc-15c"/>
      </symbol>
      <symbol id="sm-d21">
         <name>LL$$MOD</name>
         <value>0x3f0d7e</value>
         <object_component_ref idref="oc-15c"/>
      </symbol>
      <symbol id="sm-d22">
         <name>LL$$DIV</name>
         <value>0x3f0d42</value>
         <object_component_ref idref="oc-15c"/>
      </symbol>
      <symbol id="sm-d34">
         <name>_memcpy</name>
         <value>0x3f29d6</value>
         <object_component_ref idref="oc-246"/>
      </symbol>
      <symbol id="sm-d43">
         <name>_memset</name>
         <value>0x3f2ed7</value>
         <object_component_ref idref="oc-24e"/>
      </symbol>
      <symbol id="sm-d5b">
         <name>_strlen</name>
         <value>0x3f2fef</value>
         <object_component_ref idref="oc-2ee"/>
      </symbol>
      <symbol id="sm-d6f">
         <name>_HOSTopen</name>
         <value>0x3f0523</value>
         <object_component_ref idref="oc-2e9"/>
      </symbol>
      <symbol id="sm-d70">
         <name>_HOSTread</name>
         <value>0x3f04eb</value>
         <object_component_ref idref="oc-2e9"/>
      </symbol>
      <symbol id="sm-d71">
         <name>_HOSTgetenv</name>
         <value>0x3f05a2</value>
         <object_component_ref idref="oc-2e9"/>
      </symbol>
      <symbol id="sm-d72">
         <name>_HOSTtime</name>
         <value>0x3f0482</value>
         <object_component_ref idref="oc-2e9"/>
      </symbol>
      <symbol id="sm-d73">
         <name>_HOSTrename</name>
         <value>0x3f04ab</value>
         <object_component_ref idref="oc-2e9"/>
      </symbol>
      <symbol id="sm-d74">
         <name>_HOSTclock</name>
         <value>0x3f05f2</value>
         <object_component_ref idref="oc-2e9"/>
      </symbol>
      <symbol id="sm-d75">
         <name>_HOSTwrite</name>
         <value>0x3f0424</value>
         <object_component_ref idref="oc-2e9"/>
      </symbol>
      <symbol id="sm-d76">
         <name>_HOSTlseek</name>
         <value>0x3f055c</value>
         <object_component_ref idref="oc-2e9"/>
      </symbol>
      <symbol id="sm-d77">
         <name>_HOSTunlink</name>
         <value>0x3f045c</value>
         <object_component_ref idref="oc-2e9"/>
      </symbol>
      <symbol id="sm-d78">
         <name>_HOSTclose</name>
         <value>0x3f05ca</value>
         <object_component_ref idref="oc-2e9"/>
      </symbol>
      <symbol id="sm-d91">
         <name>___TI_readmsg</name>
         <value>0x3f1858</value>
         <object_component_ref idref="oc-2fc"/>
      </symbol>
      <symbol id="sm-d92">
         <name>C$$IO$$</name>
         <value>0x3f1853</value>
         <object_component_ref idref="oc-2fc"/>
      </symbol>
      <symbol id="sm-d93">
         <name>__CIOBUF_</name>
         <value>0x0</value>
         <object_component_ref idref="oc-17c"/>
      </symbol>
      <symbol id="sm-d94">
         <name>___TI_writemsg</name>
         <value>0x3f1800</value>
         <object_component_ref idref="oc-2fc"/>
      </symbol>
      <symbol id="sm-da2">
         <name>_strcpy</name>
         <value>0x3f3059</value>
         <object_component_ref idref="oc-2fd"/>
      </symbol>
   </symbol_table>
   <title>Link successful</title>
</link_info>
