******************************************************************************
             TMS320C2000 Linker PC v6.4.6                      
******************************************************************************
>> Linked Mon Sep 21 18:08:49 2015

OUTPUT FILE NAME:   <tms320_ti_rtos.out>
ENTRY POINT SYMBOL: "_c_int00"  address: 003f1fdf


MEMORY CONFIGURATION

         name            origin    length      used     unused   attr    fill
----------------------  --------  ---------  --------  --------  ----  --------
PAGE 0:
  OTP                   003d7800   00000400  00000000  00000400  RWIX
  FLASH                 003f0000   00007f80  00004ec6  000030ba  RWIX
  CSM_RSVD              003f7f80   00000076  00000000  00000076  RWIX
  BEGIN                 003f7ff6   00000002  00000002  00000000  RWIX
  CSM_PWL               003f7ff8   00000008  00000000  00000008  RWIX
  IQTABLES              003fe000   00000b50  00000b50  00000000  RWIX
  IQTABLES2             003feb50   0000008c  00000000  0000008c  RWIX
  IQTABLES3             003febdc   000000aa  00000000  000000aa  RWIX
  ROM                   003ff27c   00000d44  00000000  00000d44  RWIX
  RESET                 003fffc0   00000002  00000000  00000002  RWIX
  VECTORS               003fffc2   0000003e  00000000  0000003e  RWIX

PAGE 1:
  M01SARAM              00000000   00000800  00000100  00000700  RWIX
  DEV_EMU               00000880   00000105  00000004  00000101  RWIX
  SYS_PWR_CTL           00000985   00000003  00000003  00000000  RWIX
  FLASH_REGS            00000a80   00000060  00000008  00000058  RWIX
  CSM                   00000ae0   00000010  00000010  00000000  RWIX
  ADC_RESULT            00000b00   00000020  00000020  00000000  RWIX
  CPU_TIMER0            00000c00   00000008  00000008  00000000  RWIX
  CPU_TIMER1            00000c08   00000008  00000008  00000000  RWIX
  CPU_TIMER2            00000c10   00000008  00000008  00000000  RWIX
  PIE_CTRL              00000ce0   00000020  0000001a  00000006  RWIX
  PIEVECT               00000d00   00000100  00000000  00000100  RWIX
  COMP1                 00006400   00000020  00000011  0000000f  RWIX
  COMP2                 00006420   00000020  00000011  0000000f  RWIX
  EPWM1                 00006800   00000040  0000003a  00000006  RWIX
  EPWM2                 00006840   00000040  0000003a  00000006  RWIX
  EPWM3                 00006880   00000040  0000003a  00000006  RWIX
  EPWM4                 000068c0   00000040  0000003a  00000006  RWIX
  ECAP1                 00006a00   00000020  00000020  00000000  RWIX
  GPIOCTRL              00006f80   00000040  00000040  00000000  RWIX
  GPIODAT               00006fc0   00000020  00000020  00000000  RWIX
  GPIOINT               00006fe0   00000020  0000000a  00000016  RWIX
  SYSTEM                00007010   00000020  0000001f  00000001  RWIX
  SPIA                  00007040   00000010  00000010  00000000  RWIX
  SCIA                  00007050   00000010  00000010  00000000  RWIX
  NMIINTRUPT            00007060   00000010  00000010  00000000  RWIX
  XINTRUPT              00007070   00000010  00000010  00000000  RWIX
  ADC                   00007100   00000080  00000050  00000030  RWIX
  I2CA                  00007900   00000040  00000022  0000001e  RWIX
  L0SARAM               00008000   00001000  00000b37  000004c9  RWIX
  PARTID                003d7fff   00000001  00000001  00000000  RWIX
  CSM_PWL               003f7ff8   00000008  00000008  00000000  RWIX


SECTION ALLOCATION MAP

 output                                  attributes/
section   page    origin      length       input sections
--------  ----  ----------  ----------   ----------------
PieVectTableFile 
*          0    00000d00    00000100     DSECT
                  00000d00    00000100     DSP2802x_GlobalVariableDefs.obj (PieVectTableFile)

EmuKeyVar 
*          0    00000d00    00000001     DSECT
                  00000d00    00000001     DSP2802x_GlobalVariableDefs.obj (EmuKeyVar)

EmuBModeVar 
*          0    00000d01    00000001     DSECT
                  00000d01    00000001     DSP2802x_GlobalVariableDefs.obj (EmuBModeVar)

FlashCallbackVar 
*          0    00000d02    00000002     DSECT
                  00000d02    00000002     DSP2802x_GlobalVariableDefs.obj (FlashCallbackVar)

FlashScalingVar 
*          0    00000d04    00000002     DSECT
                  00000d04    00000002     DSP2802x_GlobalVariableDefs.obj (FlashScalingVar)

.text      0    003f0000    000030ce     
                  003f0000    0000021d     ti.targets.rts2800.a28L : System.o28L (.text:_xdc_runtime_System_doPrint__I)
                  003f021d    00000207     DSP2802x_Adc.obj (.text)
                  003f0424    000001f7     rts2800_ml.lib : trgdrv.obj (.text)
                  003f061b    000001e1     sysbios.a28L : BIOS.obj (.text:_ti_sysbios_knl_Semaphore_pend__E)
                  003f07fc    0000018d     svgen_dq.obj (.text)
                  003f0989    00000138     sysbios.a28L : BIOS.obj (.text:_ti_sysbios_knl_Task_sleep__E)
                  003f0ac1    00000130     DSP2802x_SysCtrl.obj (.text)
                  003f0bf1    00000114     pwm.obj (.text)
                  003f0d05    00000107     rts2800_ml.lib : ll_div.obj (.text)
                  003f0e0c    00000102     ti.targets.rts2800.a28L : HeapStd.o28L (.text:_xdc_runtime_HeapStd_alloc__E)
                  003f0f0e    000000e9     sysbios.a28L : BIOS.obj (.text:_ti_sysbios_family_c28_Hwi_clearInterrupt__E)
                  003f0ff7    000000d9     drv8301.obj (.text)
                  003f10d0    000000c8     modbus_slave.obj (.text)
                  003f1198    000000be     sysbios.a28L : BIOS.obj (.text:_ti_sysbios_family_c28_Hwi_dispatchCore__I)
                  003f1256    000000ba                  : BIOS.obj (.text:_ti_sysbios_knl_Semaphore_post__E)
                  003f1310    000000b7     ti.targets.rts2800.a28L : Core-mem.o28L (.text:_xdc_runtime_Core_createObject__I)
                  003f13c7    000000b6     app_p28L.o28L (.text:_xdc_runtime_System_printfExtend__I)
                  003f147d    000000b4     adc.obj (.text)
                  003f1531    000000ab     sysbios.a28L : BIOS.obj (.text:_ti_sysbios_knl_Clock_workFunc__E)
                  003f15dc    000000a6                  : BIOS.obj (.text:_ti_sysbios_knl_Swi_run__I)
                  003f1682    000000a2     Uart.obj (.text)
                  003f1724    00000096     sysbios.a28L : BIOS.obj (.text:_ti_sysbios_family_c28_Hwi_enableInterrupt__E)
                  003f17ba    00000094     rts2800_ml.lib : ankmsg.obj (.text)
                  003f184e    00000091     ti.targets.rts2800.a28L : Core-smem.o28L (.text:_xdc_runtime_Core_constructObject__I)
                  003f18df    0000008c                             : Error.o28L (.text:_xdc_runtime_Error_policyDefault__E)
                  003f196b    00000089                             : HeapStd.o28L (.text:_xdc_runtime_HeapStd_Instance_init__E)
                  003f19f4    00000088     sysbios.a28L : BIOS.obj (.text:_ti_sysbios_family_c28_Hwi_disableInterrupt__E)
                  003f1a7c    00000085                  : BIOS.obj (.text:_ti_sysbios_family_c28_Hwi_disablePIEIER__E)
                  003f1b01    00000082                  : c28_Hwi_disp.obj (.text:_ti_sysbios_family_c28_Hwi_dispatch)
                  003f1b83    00000080                  : BIOS.obj (.text:_ti_sysbios_family_c28_Hwi_enablePIEIER__E)
                  003f1c03    00000075                  : BIOS.obj (.text:_ti_sysbios_knl_Task_checkStacks__E)
                  003f1c78    00000075     ti.targets.rts2800.a28L : Startup.o28L (.text:_xdc_runtime_Startup_startMods__I)
                  003f1ced    00000072     sysbios.a28L : BIOS.obj (.text:_ti_sysbios_gates_GateMutex_enter__E)
                  003f1d5f    00000070                  : BIOS.obj (.text:_ti_sysbios_knl_Task_startCore__E)
                  003f1dcf    00000070     ti.targets.rts2800.a28L : HeapStd.o28L (.text:_xdc_runtime_HeapStd_free__E)
                  003f1e3f    0000006c     sysbios.a28L : BIOS.obj (.text:_ti_sysbios_knl_Semaphore_Instance_init__E)
                  003f1eab    0000006c                  : BIOS.obj (.text:_ti_sysbios_knl_Task_schedule__I)
                  003f1f17    00000066                  : BIOS.obj (.text:_ti_sysbios_family_c28_Timer_stopAndClear__I)
                  003f1f7d    00000062     ti.targets.rts2800.a28L : Text.o28L (.text:_xdc_runtime_Text_putSite__E)
                  003f1fdf    00000061     boot.a28L : boot_cg.o28L (.text)
                  003f2040    00000060     sysbios.a28L : BIOS.obj (.text:_ti_sysbios_knl_Task_blockI__E)
                  003f20a0    0000005e                  : BIOS.obj (.text:_ti_sysbios_knl_Swi_post__E)
                  003f20fe    0000005a     rts2800_ml.lib : fs_mpy.obj (.text)
                  003f2158    00000057     sysbios.a28L : BIOS.obj (.text:_ti_sysbios_knl_Task_exit__E)
                  003f21af    00000051                  : BIOS.obj (.text:_ti_sysbios_knl_Task_unblockI__E)
                  003f2200    0000004d                  : BIOS.obj (.text:_ti_sysbios_knl_Task_postInit__I)
                  003f224d    00000048                  : BIOS.obj (.text:_ti_sysbios_family_c28_Hwi_Module_startup__E)
                  003f2295    00000047     rts2800_ml.lib : cpy_tbl.obj (.text)
                  003f22dc    00000040     ti.targets.rts2800.a28L : Text.o28L (.text:_xdc_runtime_Text_putLab__E)
                  003f231c    00000040     scalar.obj (.text)
                  003f235c    0000003e     ti.targets.rts2800.a28L : Memory.o28L (.text:_xdc_runtime_Memory_alloc__E)
                  003f239a    0000003d     sysbios.a28L : BIOS.obj (.text:_ti_sysbios_family_c28_TaskSupport_start__E)
                  003f23d7    0000003d     ti.targets.rts2800.a28L : Core-mem.o28L (.text:_xdc_runtime_Core_deleteObject__I)
                  003f2414    0000003c     sysbios.a28L : BIOS.obj (.text:_ti_sysbios_family_c28_Timer_postInit__I)
                  003f2450    0000003b     ti.targets.rts2800.a28L : System.o28L (.text:_xdc_runtime_System_formatNum__I)
                  003f248b    00000038                             : Text.o28L (.text:_xdc_runtime_Text_putMod__E)
                  003f24c3    00000037     app_p28L.o28L (.text:_xdc_runtime_HeapStd_Object__create__S)
                  003f24fa    00000036     sysbios.a28L : BIOS.obj (.text:_ti_sysbios_family_c28_TimestampProvider_Module_startup__E)
                  003f2530    00000036                  : BIOS.obj (.text:_ti_sysbios_knl_Clock_logTick__E)
                  003f2566    00000036                  : BIOS.obj (.text:_ti_sysbios_knl_Swi_restoreHwi__E)
                  003f259c    00000033                  : BIOS.obj (.text:_ti_sysbios_knl_Task_Module_startup__E)
                  003f25cf    00000032     ti.targets.rts2800.a28L : Error.o28L (.text:_xdc_runtime_Error_print__E)
                  003f2601    00000031                             : Startup.o28L (.text:_xdc_runtime_Startup_exec__E)
                  003f2632    00000030                             : Text.o28L (.text:_xdc_runtime_Text_visitRope2__I)
                  003f2662    0000002f     sysbios.a28L : BIOS.obj (.text:_ti_sysbios_knl_Swi_runLoop__I)
                  003f2691    0000002f                  : BIOS.obj (.text:_ti_sysbios_knl_Swi_schedule__I)
                  003f26c0    0000002f     ti.targets.rts2800.a28L : Assert.o28L (.text:_xdc_runtime_Assert_raise__I)
                  003f26ef    0000002f                             : Core-params.o28L (.text:_xdc_runtime_Core_assignParams__I)
                  003f271e    0000002e     Boot.a28L : Boot.o28L (.text:.bootCodeSection:_ti_catalog_c2800_init_Boot_configurePll2802x)
                  003f274c    0000002c     sysbios.a28L : BIOS.obj (.text:_ti_sysbios_family_c28_Timer_start__E)
                  003f2778    0000002c     ti.targets.rts2800.a28L : Error.o28L (.text:_xdc_runtime_Error_setX__E)
                  003f27a4    0000002a     sysbios.a28L : BIOS.obj (.text:_ti_sysbios_family_c28_Hwi_getStackInfo__E)
                  003f27ce    00000029                  : BIOS.obj (.text:_ti_sysbios_family_c28_Hwi_unPluggedInterrupt__I)
                  003f27f7    00000029     rts2800_ml.lib : fs_tol.obj (.text)
                  003f2820    00000028     DSP2802x_PieCtrl.obj (.text)
                  003f2848    00000027     ti.targets.rts2800.a28L : Text.o28L (.text:_xdc_runtime_Text_xprintf__I)
                  003f286f    00000026                             : SysMin.o28L (.text:_xdc_runtime_SysMin_flush__E)
                  003f2895    00000025     main.obj (.text)
                  003f28ba    00000024     ti.targets.rts2800.a28L : System.o28L (.text:_xdc_runtime_System_processAtExit__E)
                  003f28de    00000020     sysbios.a28L : BIOS.obj (.text:_ti_sysbios_family_c28_Timer_setPrescale__E)
                  003f28fe    00000020                  : BIOS.obj (.text:_ti_sysbios_knl_Task_allBlockedFunction__I)
                  003f291e    0000001f     ti.targets.rts2800.a28L : System.o28L (.text:_xdc_runtime_System_atexit__E)
                  003f293d    0000001e     app_p28L.o28L (.text:_ti_sysbios_gates_GateHwi_Object__create__S)
                  003f295b    0000001e     app_p28L.o28L (.text:_ti_sysbios_gates_GateMutex_Object__create__S)
                  003f2979    0000001d     sysbios.a28L : c28_TaskSupport_asm.obj (.text:_ti_sysbios_family_c28_TaskSupport_buildTaskStack)
                  003f2996    0000001d     app_p28L.o28L (.text:_ti_sysbios_knl_Semaphore_construct)
                  003f29b3    0000001d     app_p28L.o28L (.text:_xdc_runtime_SysMin_output__I)
                  003f29d0    0000001d     rts2800_ml.lib : memcpy.obj (.text)
                  003f29ed    0000001c     ti.targets.rts2800.a28L : SysMin.o28L (.text:_xdc_runtime_SysMin_putch__E)
                  003f2a09    0000001b     sysbios.a28L : c28_Hwi_asm.obj (.text:_ti_sysbios_family_c28_Hwi_switchAndDispatch__I)
                  003f2a24    0000001b                  : BIOS.obj (.text:_ti_sysbios_hal_Hwi_checkStack)
                  003f2a3f    0000001b                  : BIOS.obj (.text:_ti_sysbios_hal_Hwi_initStack)
                  003f2a5a    0000001b                  : BIOS.obj (.text:_ti_sysbios_knl_Task_processVitalTaskFlag__I)
                  003f2a75    0000001a     ti.targets.rts2800.a28L : Core-label.o28L (.text:_xdc_runtime_Core_assignLabel__I)
                  003f2a8f    0000001a     rts2800_ml.lib : cpy_utils.obj (.text)
                  003f2aa9    00000019     app_p28L.o28L (.text:_ti_sysbios_knl_Queue_construct)
                  003f2ac2    00000019     sysbios.a28L : BIOS.obj (.text:_ti_sysbios_knl_Semaphore_pendTimeout__I)
                  003f2adb    00000019                  : BIOS.obj (.text:_ti_sysbios_knl_Swi_restore__E)
                  003f2af4    00000019     ti.targets.rts2800.a28L : System.o28L (.text:_xdc_runtime_System_avprintf__E)
                  003f2b0d    00000019                             : System.o28L (.text:_xdc_runtime_System_putchar__I)
                  003f2b26    00000019     crc16.obj (.text)
                  003f2b3f    00000019     rts2800_ml.lib : args_main.obj (.text)
                  003f2b58    00000019                    : exit.obj (.text)
                  003f2b71    00000018     sysbios.a28L : c28_Hwi_asm.obj (.text:_ti_sysbios_family_xxx_Hwi_switchAndRunFunc)
                  003f2b89    00000018     ti.targets.rts2800.a28L : Memory.o28L (.text:_xdc_runtime_Memory_valloc__E)
                  003f2ba1    00000018                             : System.o28L (.text:_xdc_runtime_System_vprintf__E)
                  003f2bb9    00000018                             : Text.o28L (.text:_xdc_runtime_Text_printVisFxn__I)
                  003f2bd1    00000017     sysbios.a28L : BIOS.obj (.text:_ti_sysbios_family_c28_Timer_startup__E)
                  003f2be8    00000017                  : BIOS.obj (.text:_ti_sysbios_knl_Clock_addI__E)
                  003f2bff    00000017     app_p28L.o28L (.text:_ti_sysbios_knl_Clock_doTick__I)
                  003f2c16    00000017     ti.targets.rts2800.a28L : LoggerBuf.o28L (.text:_xdc_runtime_LoggerBuf_Module_startup__E)
                  003f2c2d    00000016     app_p28L.o28L (.text:_ti_sysbios_BIOS_atExitFunc__I)
                  003f2c43    00000016     sysbios.a28L : BIOS.obj (.text:_ti_sysbios_family_c28_Timer_Module_startup__E)
                  003f2c59    00000016                  : BIOS.obj (.text:_ti_sysbios_knl_Swi_Module_startup__E)
                  003f2c6f    00000016                  : BIOS.obj (.text:_ti_sysbios_knl_Task_restore__E)
                  003f2c85    00000016     ti.targets.rts2800.a28L : LoggerBuf.o28L (.text:_xdc_runtime_LoggerBuf_reset__E)
                  003f2c9b    00000016                             : SysMin.o28L (.text:_xdc_runtime_SysMin_abort__E)
                  003f2cb1    00000015     DSP2802x_MemCopy.obj (.text)
                  003f2cc6    00000015     sysbios.a28L : BIOS.obj (.text:_ti_sysbios_knl_Idle_run__E)
                  003f2cdb    00000013     app_p28L.o28L (.text:_ti_sysbios_gates_GateMutex_Object__delete__S)
                  003f2cee    00000012     app_p28L.o28L (.text:_ti_sysbios_gates_GateHwi_Object__delete__S)
                  003f2d00    00000012     sysbios.a28L : BIOS.obj (.text:_ti_sysbios_knl_Clock_Module_startup__E)
                  003f2d12    00000012     ti.targets.rts2800.a28L : Text.o28L (.text:_xdc_runtime_Text_cordText__E)
                  003f2d24    00000011     app_p28L.o28L (.text:_xdc_runtime_HeapStd_Object__delete__S)
                  003f2d35    00000010     app_p28L.o28L (.text:_ti_sysbios_BIOS_errorRaiseHook__I)
                  003f2d45    00000010     sysbios.a28L : BIOS.obj (.text:_ti_sysbios_family_c28_Timer_stop__E)
                  003f2d55    00000010                  : BIOS.obj (.text:_ti_sysbios_knl_Task_restoreHwi__E)
                  003f2d65    00000010     ti.targets.rts2800.a28L : SysMin.o28L (.text:_xdc_runtime_SysMin_Module_startup__E)
                  003f2d75    0000000f     Boot.a28L : Boot.o28L (.text:.bootCodeSection:_ti_catalog_c2800_init_Boot_disableWatchdog)
                  003f2d84    0000000f     app_p28L.o28L (.text:_ti_sysbios_BIOS_removeRTSLock__I)
                  003f2d93    0000000f     app_p28L.o28L (.text:_ti_sysbios_BIOS_startFunc__I)
                  003f2da2    0000000f     sysbios.a28L : BIOS.obj (.text:_ti_sysbios_gates_GateMutex_Instance_init__E)
                  003f2db1    0000000f     ti.targets.rts2800.a28L : Error.o28L (.text:_xdc_runtime_Error_raiseX__E)
                  003f2dc0    0000000f                             : Registry.o28L (.text:_xdc_runtime_Registry_findById__E)
                  003f2dcf    0000000e     app_p28L.o28L (.text:_ti_sysbios_knl_Semaphore_Object__destruct__S)
                  003f2ddd    0000000e     app_p28L.o28L (.text:_ti_sysbios_knl_Swi_Object__get__S)
                  003f2deb    0000000e     app_p28L.o28L (.text:_ti_sysbios_knl_Task_Object__get__S)
                  003f2df9    0000000d     app_p28L.o28L (.text:_ti_sysbios_BIOS_registerRTSLock__I)
                  003f2e06    0000000d     app_p28L.o28L (.text:_ti_sysbios_BIOS_rtsLock__I)
                  003f2e13    0000000d     sysbios.a28L : BIOS.obj (.text:_ti_sysbios_family_c28_Hwi_dispatchC__I)
                  003f2e20    0000000d                  : BIOS.obj (.text:_ti_sysbios_family_c28_TaskSupport_checkStack__E)
                  003f2e2d    0000000d                  : c28_TaskSupport_asm.obj (.text:_ti_sysbios_family_c28_TaskSupport_swap__E)
                  003f2e3a    0000000d     app_p28L.o28L (.text:_ti_sysbios_gates_GateHwi_Handle__label__S)
                  003f2e47    0000000d     app_p28L.o28L (.text:_ti_sysbios_gates_GateMutex_Handle__label__S)
                  003f2e54    0000000d     app_p28L.o28L (.text:_ti_sysbios_knl_Queue_Object__destruct__S)
                  003f2e61    0000000d     sysbios.a28L : BIOS.obj (.text:_ti_sysbios_knl_Task_enter__I)
                  003f2e6e    0000000d                  : BIOS.obj (.text:_ti_sysbios_knl_Task_sleepTimeout__I)
                  003f2e7b    0000000d     app_p28L.o28L (.text:_xdc_runtime_HeapStd_Handle__label__S)
                  003f2e88    0000000d     ti.targets.rts2800.a28L : System.o28L (.text:_xdc_runtime_System_abort__E)
                  003f2e95    0000000c     app_p28L.o28L (.text:_ti_sysbios_BIOS_exitFunc__I)
                  003f2ea1    0000000c     app_p28L.o28L (.text:_ti_sysbios_family_c28_Hwi_disableIER__E)
                  003f2ead    0000000c     sysbios.a28L : BIOS.obj (.text:_ti_sysbios_gates_GateMutex_leave__E)
                  003f2eb9    0000000c                  : BIOS.obj (.text:_ti_sysbios_knl_Queue_put__E)
                  003f2ec5    0000000c     ti.targets.rts2800.a28L : Error.o28L (.text:_xdc_runtime_Error_check__E)
                  003f2ed1    0000000c     rts2800_ml.lib : memset.obj (.text)
                  003f2edd    0000000b     app_p28L.o28L (.text:_ti_sysbios_family_c28_Hwi_Module__startupDone__F)
                  003f2ee8    0000000b     app_p28L.o28L (.text:_ti_sysbios_family_c28_Hwi_Object__get__S)
                  003f2ef3    0000000b     app_p28L.o28L (.text:_ti_sysbios_family_c28_Hwi_enableIER__E)
                  003f2efe    0000000b     app_p28L.o28L (.text:_ti_sysbios_family_c28_Timer_Module__startupDone__F)
                  003f2f09    0000000b     app_p28L.o28L (.text:_ti_sysbios_knl_Queue_Object__get__S)
                  003f2f14    0000000b     sysbios.a28L : BIOS.obj (.text:_ti_sysbios_knl_Task_enabled__E)
                  003f2f1f    0000000b                  : BIOS.obj (.text:_ti_sysbios_knl_Task_unblock__E)
                  003f2f2a    0000000b     ti.targets.rts2800.a28L : SysMin.o28L (.text:_xdc_runtime_SysMin_exit__E)
                  003f2f35    0000000b                             : System.o28L (.text:_xdc_runtime_System_exit__E)
                  003f2f40    0000000b                             : Text.o28L (.text:_xdc_runtime_Text_ropeText__E)
                  003f2f4b    0000000a     app_p28L.o28L (.text:_xdc_runtime_LoggerBuf_Object__get__S)
                  003f2f55    0000000a     ti.targets.rts2800.a28L : Memory.o28L (.text:_xdc_runtime_Memory_free__E)
                  003f2f5f    00000009     app_p28L.o28L (.text:_ti_sysbios_BIOS_rtsUnlock__I)
                  003f2f68    00000009     app_p28L.o28L (.text:_ti_sysbios_family_c28_Hwi_restoreIER__E)
                  003f2f71    00000009     sysbios.a28L : c28_TaskSupport_asm.obj (.text:_ti_sysbios_family_c28_TaskSupport_glue)
                  003f2f7a    00000009                  : BIOS.obj (.text:_ti_sysbios_hal_Hwi_Module_startup__E)
                  003f2f83    00000009                  : BIOS.obj (.text:_ti_sysbios_hal_Timer_Module_startup__E)
                  003f2f8c    00000009     app_p28L.o28L (.text:_ti_sysbios_knl_Task_SupportProxy_start__E)
                  003f2f95    00000009     app_p28L.o28L (.text:_xdc_runtime_Startup_exec__I)
                  003f2f9e    00000009     ti.targets.rts2800.a28L : System.o28L (.text:_xdc_runtime_System_vsnprintf__E)
                  003f2fa7    00000009     app_p28L.o28L (.text:_xdc_runtime_Text_visitRope__I)
                  003f2fb0    00000009     rts2800_ml.lib : _lock.obj (.text)
                  003f2fb9    00000008     sysbios.a28L : BIOS.obj (.text:_ti_sysbios_BIOS_setThreadType__E)
                  003f2fc1    00000008                  : BIOS.obj (.text:_ti_sysbios_gates_GateMutex_Instance_finalize__E)
                  003f2fc9    00000008                  : BIOS.obj (.text:_ti_sysbios_knl_Semaphore_Instance_finalize__E)
                  003f2fd1    00000008     app_p28L.o28L (.text:_xdc_runtime_IHeap_alloc)
                  003f2fd9    00000008     ti.targets.rts2800.a28L : Memory.o28L (.text:_xdc_runtime_Memory_calloc__E)
                  003f2fe1    00000008                             : SysMin.o28L (.text:_xdc_runtime_SysMin_ready__E)
                  003f2fe9    00000008     rts2800_ml.lib : strlen.obj (.text)
                  003f2ff1    00000007     app_p28L.o28L (.text:.bootCodeSection:_ti_catalog_c2800_init_Boot_init)
                  003f2ff8    00000007     sysbios.a28L : BIOS.obj (.text:_ti_sysbios_knl_Queue_empty__E)
                  003f2fff    00000007     ti.targets.rts2800.a28L : HeapStd.o28L (.text:_xdc_runtime_HeapStd_getStats__E)
                  003f3006    00000007     app_p28L.o28L (.text:_xdc_runtime_System_aprintf__E)
                  003f300d    00000007     app_p28L.o28L (.text:_xdc_runtime_System_printf__E)
                  003f3014    00000006     sysbios.a28L : BIOS.obj (.text:_ti_sysbios_BIOS_start__E)
                  003f301a    00000006                  : c28_IntrinsicsSupport_asm.obj (.text:_ti_sysbios_family_c28_IntrinsicsSupport_maxbit__E)
                  003f3020    00000006                  : BIOS.obj (.text:_ti_sysbios_family_c28_TimestampProvider_rolloverFunc__E)
                  003f3026    00000006                  : BIOS.obj (.text:_ti_sysbios_family_c28_TimestampProvider_startTimer__E)
                  003f302c    00000006                  : BIOS.obj (.text:_ti_sysbios_knl_Swi_disable__E)
                  003f3032    00000006                  : BIOS.obj (.text:_ti_sysbios_knl_Task_disable__E)
                  003f3038    00000006     ti.targets.rts2800.a28L : Gate.o28L (.text:_xdc_runtime_Gate_enterSystem__E)
                  003f303e    00000006                             : Gate.o28L (.text:_xdc_runtime_Gate_leaveSystem__E)
                  003f3044    00000005     sysbios.a28L : BIOS.obj (.text:_ti_sysbios_family_c28_Hwi_switchFromBootStack__E)
                  003f3049    00000005                  : BIOS.obj (.text:_ti_sysbios_gates_GateHwi_enter__E)
                  003f304e    00000005     ti.targets.rts2800.a28L : Error.o28L (.text:_xdc_runtime_Error_init__E)
                  003f3053    00000005     rts2800_ml.lib : strcpy.obj (.text)
                  003f3058    00000004     app_p28L.o28L (.text:_ti_sysbios_family_c28_Hwi_startup__E)
                  003f305c    00000004     sysbios.a28L : BIOS.obj (.text:_ti_sysbios_hal_Timer_start__E)
                  003f3060    00000004                  : BIOS.obj (.text:_ti_sysbios_knl_Swi_startup__E)
                  003f3064    00000004     app_p28L.o28L (.text:_xdc_runtime_IHeap_free)
                  003f3068    00000004     ti.targets.rts2800.a28L : Memory.o28L (.text:_xdc_runtime_Memory_getMaxDefaultTypeAlign__E)
                  003f306c    00000003                             : xdc_noinit.o28L (.text:___xdc__init)
                  003f306f    00000003     app_p28L.o28L (.text:_ti_catalog_c2800_init_Boot_limpAbort)
                  003f3072    00000003     app_p28L.o28L (.text:_ti_sysbios_BIOS_RtsGateProxy_enter__E)
                  003f3075    00000003     app_p28L.o28L (.text:_ti_sysbios_BIOS_RtsGateProxy_leave__E)
                  003f3078    00000003     sysbios.a28L : BIOS.obj (.text:_ti_sysbios_gates_GateHwi_leave__E)
                  003f307b    00000003     app_p28L.o28L (.text:_ti_sysbios_hal_Hwi_HwiProxy_getStackInfo__E)
                  003f307e    00000003     app_p28L.o28L (.text:_ti_sysbios_hal_Hwi_HwiProxy_switchFromBootStack__E)
                  003f3081    00000003     sysbios.a28L : BIOS.obj (.text:_ti_sysbios_hal_Hwi_startup__E)
                  003f3084    00000003     app_p28L.o28L (.text:_ti_sysbios_hal_Timer_TimerProxy_start__E)
                  003f3087    00000003     app_p28L.o28L (.text:_ti_sysbios_knl_Clock_TimerProxy_getMaxTicks__E)
                  003f308a    00000003     sysbios.a28L : BIOS.obj (.text:_ti_sysbios_knl_Idle_loop__E)
                  003f308d    00000003                  : BIOS.obj (.text:_ti_sysbios_knl_Queue_Instance_init__E)
                  003f3090    00000003     app_p28L.o28L (.text:_ti_sysbios_knl_Queue_destruct)
                  003f3093    00000003     app_p28L.o28L (.text:_ti_sysbios_knl_Semaphore_destruct)
                  003f3096    00000003     app_p28L.o28L (.text:_ti_sysbios_knl_Task_SupportProxy_checkStack__E)
                  003f3099    00000003     app_p28L.o28L (.text:_ti_sysbios_knl_Task_SupportProxy_swap__E)
                  003f309c    00000003     sysbios.a28L : BIOS.obj (.text:_ti_sysbios_knl_Task_startup__E)
                  003f309f    00000003     app_p28L.o28L (.text:_xdc_runtime_System_Module_GateProxy_enter__E)
                  003f30a2    00000003     app_p28L.o28L (.text:_xdc_runtime_System_Module_GateProxy_leave__E)
                  003f30a5    00000003     ti.targets.rts2800.a28L : System.o28L (.text:_xdc_runtime_System_Module_startup__E)
                  003f30a8    00000003     app_p28L.o28L (.text:_xdc_runtime_System_SupportProxy_abort__E)
                  003f30ab    00000003     app_p28L.o28L (.text:_xdc_runtime_System_SupportProxy_exit__E)
                  003f30ae    00000003     app_p28L.o28L (.text:_xdc_runtime_System_SupportProxy_putch__E)
                  003f30b1    00000003     app_p28L.o28L (.text:_xdc_runtime_System_SupportProxy_ready__E)
                  003f30b4    00000003     ti.targets.rts2800.a28L : System.o28L (.text:_xdc_runtime_System_abortStd__E)
                  003f30b7    00000003                             : System.o28L (.text:_xdc_runtime_System_exitStd__E)
                  003f30ba    00000002     app_p28L.o28L (.text:_malloc)
                  003f30bc    00000002     Boot.a28L : Boot.o28L (.text:_ti_catalog_c2800_init_Boot_defaultLimpAbortFunction)
                  003f30be    00000002     app_p28L.o28L (.text:_ti_sysbios_family_c28_TaskSupport_Module__startupDone__S)
                  003f30c0    00000002     sysbios.a28L : BIOS.obj (.text:_ti_sysbios_family_c28_Timer_getMaxTicks__E)
                  003f30c2    00000002                  : BIOS.obj (.text:_ti_sysbios_gates_GateHwi_query__E)
                  003f30c4    00000002                  : BIOS.obj (.text:_ti_sysbios_gates_GateMutex_query__E)
                  003f30c6    00000002     ti.targets.rts2800.a28L : Error.o28L (.text:_xdc_runtime_Error_getSite__E)
                  003f30c8    00000002                             : HeapStd.o28L (.text:_xdc_runtime_HeapStd_isBlocking__E)
                  003f30ca    00000001     app_p28L.o28L (.text:_free)
                  003f30cb    00000001     app_p28L.o28L (.text:_ti_sysbios_BIOS_nullFunc__I)
                  003f30cc    00000001     sysbios.a28L : c28_Hwi_asm.obj (.text:_ti_sysbios_family_c28_Hwi_interruptReturn__I)
                  003f30cd    00000001                  : BIOS.obj (.text:_ti_sysbios_gates_GateHwi_Instance_init__E)

.econst    0    003f30ce    00001899     
                  003f30ce    000012b2     app_p28L.o28L (.econst:xdc_runtime_Text_charTab__A)
                  003f4380    00000100     crc16.obj (.econst:_Crc16Table)
                  003f4480    00000100     app_p28L.o28L (.econst:_ti_sysbios_family_c28_Hwi_vectors)
                  003f4580    0000005d     app_p28L.o28L (.econst:.string)
                  003f45dd    00000001     app_p28L.o28L (.econst:ti_sysbios_family_c28_Hwi_Module__id__C)
                  003f45de    00000058     ti.targets.rts2800.a28L : Error.o28L (.econst:.string)
                  003f4636    00000052     app_p28L.o28L (.econst:xdc_runtime_Text_nodeTab__A)
                  003f4688    0000004b     ti.targets.rts2800.a28L : Log.o28L (.econst:.string)
                  003f46d3    00000001     app_p28L.o28L (.econst:ti_sysbios_family_c28_Hwi_Module__loggerDefined__C)
                  003f46d4    00000043     ti.targets.rts2800.a28L : Text.o28L (.econst:.string)
                  003f4717    00000001     app_p28L.o28L (.econst:ti_sysbios_family_c28_Hwi_NUM_INTERRUPTS_ALL__C)
                  003f4718    0000002a     ti.targets.rts2800.a28L : Startup.o28L (.econst:.string)
                  003f4742    00000016     app_p28L.o28L (.econst:xdc_runtime_Startup_sfxnTab__A)
                  003f4758    00000014     app_p28L.o28L (.econst:xdc_runtime_HeapStd_Module__FXNS__C)
                  003f476c    00000012     app_p28L.o28L (.econst:ti_sysbios_gates_GateHwi_Module__FXNS__C)
                  003f477e    00000012     app_p28L.o28L (.econst:ti_sysbios_gates_GateMutex_Module__FXNS__C)
                  003f4790    00000011     ti.targets.rts2800.a28L : System.o28L (.econst:.string:_digtohex)
                  003f47a1    00000001     app_p28L.o28L (.econst:ti_sysbios_family_c28_Hwi_Object__count__C)
                  003f47a2    00000010     app_p28L.o28L (.econst:ti_sysbios_gates_GateHwi_Object__DESC__C)
                  003f47b2    00000010     app_p28L.o28L (.econst:ti_sysbios_gates_GateMutex_Object__DESC__C)
                  003f47c2    00000010     app_p28L.o28L (.econst:ti_sysbios_knl_Queue_Object__DESC__C)
                  003f47d2    00000010     app_p28L.o28L (.econst:ti_sysbios_knl_Semaphore_Object__DESC__C)
                  003f47e2    00000010     app_p28L.o28L (.econst:ti_sysbios_knl_Semaphore_Object__PARAMS__C)
                  003f47f2    00000010     app_p28L.o28L (.econst:xdc_runtime_HeapStd_Object__DESC__C)
                  003f4802    0000000e     app_p28L.o28L (.econst)
                  003f4810    0000000e     app_p28L.o28L (.econst:xdc_runtime_HeapStd_Object__PARAMS__C)
                  003f481e    0000000c     app_p28L.o28L (.econst:ti_sysbios_gates_GateHwi_Object__PARAMS__C)
                  003f482a    0000000c     app_p28L.o28L (.econst:ti_sysbios_gates_GateMutex_Object__PARAMS__C)
                  003f4836    0000000c     app_p28L.o28L (.econst:ti_sysbios_knl_Queue_Object__PARAMS__C)
                  003f4842    0000000b     app_p28L.o28L (.econst:xdc_runtime_Startup_sfxnRts__A)
                  003f484d    00000001     app_p28L.o28L (.econst:ti_sysbios_family_c28_TaskSupport_Module__id__C)
                  003f484e    00000007     ti.targets.rts2800.a28L : System.o28L (.econst:.string)
                  003f4855    00000001     app_p28L.o28L (.econst:ti_sysbios_family_c28_Timer_startupNeeded__C)
                  003f4856    00000005     ti.targets.rts2800.a28L : Assert.o28L (.econst:.string)
                  003f485b    00000001     app_p28L.o28L (.econst:ti_sysbios_family_c28_TimestampProvider_Module__id__C)
                  003f485c    00000004     app_p28L.o28L (.econst:ti_sysbios_knl_Idle_funcList__C)
                  003f4860    00000004     app_p28L.o28L (.econst:xdc_runtime_Startup_firstFxns__C)
                  003f4864    00000004     app_p28L.o28L (.econst:xdc_runtime_Startup_lastFxns__C)
                  003f4868    00000002     app_p28L.o28L (.econst:ti_sysbios_family_c28_Hwi_A_badIntNum__C)
                  003f486a    00000002     app_p28L.o28L (.econst:ti_sysbios_family_c28_Hwi_A_invalidArg__C)
                  003f486c    00000002     app_p28L.o28L (.econst:ti_sysbios_family_c28_Hwi_E_unpluggedInterrupt__C)
                  003f486e    00000002     app_p28L.o28L (.econst:ti_sysbios_family_c28_Hwi_LD_end__C)
                  003f4870    00000002     app_p28L.o28L (.econst:ti_sysbios_family_c28_Hwi_LM_begin__C)
                  003f4872    00000002     app_p28L.o28L (.econst:ti_sysbios_family_c28_Hwi_Module__diagsEnabled__C)
                  003f4874    00000002     app_p28L.o28L (.econst:ti_sysbios_family_c28_Hwi_Module__diagsIncluded__C)
                  003f4876    00000002     app_p28L.o28L (.econst:ti_sysbios_family_c28_Hwi_Module__diagsMask__C)
                  003f4878    00000002     app_p28L.o28L (.econst:ti_sysbios_family_c28_Hwi_Module__loggerFxn1__C)
                  003f487a    00000002     app_p28L.o28L (.econst:ti_sysbios_family_c28_Hwi_Module__loggerFxn8__C)
                  003f487c    00000002     app_p28L.o28L (.econst:ti_sysbios_family_c28_Hwi_Module__loggerObj__C)
                  003f487e    00000002     app_p28L.o28L (.econst:ti_sysbios_family_c28_TaskSupport_E_invalidStack__C)
                  003f4880    00000002     app_p28L.o28L (.econst:ti_sysbios_family_c28_TimestampProvider_Module__diagsEnabled__C)
                  003f4882    00000002     app_p28L.o28L (.econst:ti_sysbios_family_c28_TimestampProvider_Module__diagsIncluded__C)
                  003f4884    00000002     app_p28L.o28L (.econst:ti_sysbios_family_c28_TimestampProvider_Module__diagsMask__C)
                  003f4886    00000002     app_p28L.o28L (.econst:ti_sysbios_gates_GateMutex_A_badContext__C)
                  003f4888    00000002     app_p28L.o28L (.econst:ti_sysbios_gates_GateMutex_Instance_State_sem__O)
                  003f488a    00000002     app_p28L.o28L (.econst:ti_sysbios_gates_GateMutex_Module__diagsEnabled__C)
                  003f488c    00000002     app_p28L.o28L (.econst:ti_sysbios_gates_GateMutex_Module__diagsIncluded__C)
                  003f488e    00000002     app_p28L.o28L (.econst:ti_sysbios_gates_GateMutex_Module__diagsMask__C)
                  003f4890    00000002     app_p28L.o28L (.econst:ti_sysbios_hal_Hwi_E_stackOverflow__C)
                  003f4892    00000002     app_p28L.o28L (.econst:ti_sysbios_knl_Clock_LM_begin__C)
                  003f4894    00000002     app_p28L.o28L (.econst:ti_sysbios_knl_Clock_LM_tick__C)
                  003f4896    00000002     app_p28L.o28L (.econst:ti_sysbios_knl_Clock_LW_delayed__C)
                  003f4898    00000002     app_p28L.o28L (.econst:ti_sysbios_knl_Clock_Module_State_clockQ__O)
                  003f489a    00000002     app_p28L.o28L (.econst:ti_sysbios_knl_Clock_Module__diagsEnabled__C)
                  003f489c    00000002     app_p28L.o28L (.econst:ti_sysbios_knl_Clock_Module__diagsIncluded__C)
                  003f489e    00000002     app_p28L.o28L (.econst:ti_sysbios_knl_Clock_Module__diagsMask__C)
                  003f48a0    00000002     app_p28L.o28L (.econst:ti_sysbios_knl_Clock_Module__loggerFxn1__C)
                  003f48a2    00000002     app_p28L.o28L (.econst:ti_sysbios_knl_Clock_Module__loggerFxn2__C)
                  003f48a4    00000002     app_p28L.o28L (.econst:ti_sysbios_knl_Clock_Module__loggerObj__C)
                  003f48a6    00000002     app_p28L.o28L (.econst:ti_sysbios_knl_Idle_funcList__A)
                  003f48a8    00000002     app_p28L.o28L (.econst:ti_sysbios_knl_Semaphore_A_badContext__C)
                  003f48aa    00000002     app_p28L.o28L (.econst:ti_sysbios_knl_Semaphore_A_noEvents__C)
                  003f48ac    00000002     app_p28L.o28L (.econst:ti_sysbios_knl_Semaphore_A_overflow__C)
                  003f48ae    00000002     app_p28L.o28L (.econst:ti_sysbios_knl_Semaphore_A_pendTaskDisabled__C)
                  003f48b0    00000002     app_p28L.o28L (.econst:ti_sysbios_knl_Semaphore_Instance_State_pendQ__O)
                  003f48b2    00000002     app_p28L.o28L (.econst:ti_sysbios_knl_Semaphore_LM_pend__C)
                  003f48b4    00000002     app_p28L.o28L (.econst:ti_sysbios_knl_Semaphore_LM_post__C)
                  003f48b6    00000002     app_p28L.o28L (.econst:ti_sysbios_knl_Semaphore_Module__diagsEnabled__C)
                  003f48b8    00000002     app_p28L.o28L (.econst:ti_sysbios_knl_Semaphore_Module__diagsIncluded__C)
                  003f48ba    00000002     app_p28L.o28L (.econst:ti_sysbios_knl_Semaphore_Module__diagsMask__C)
                  003f48bc    00000002     app_p28L.o28L (.econst:ti_sysbios_knl_Semaphore_Module__loggerFxn2__C)
                  003f48be    00000002     app_p28L.o28L (.econst:ti_sysbios_knl_Semaphore_Module__loggerFxn4__C)
                  003f48c0    00000002     app_p28L.o28L (.econst:ti_sysbios_knl_Semaphore_Module__loggerObj__C)
                  003f48c2    00000002     app_p28L.o28L (.econst:ti_sysbios_knl_Swi_LD_end__C)
                  003f48c4    00000002     app_p28L.o28L (.econst:ti_sysbios_knl_Swi_LM_begin__C)
                  003f48c6    00000002     app_p28L.o28L (.econst:ti_sysbios_knl_Swi_LM_post__C)
                  003f48c8    00000002     app_p28L.o28L (.econst:ti_sysbios_knl_Swi_Module__diagsEnabled__C)
                  003f48ca    00000002     app_p28L.o28L (.econst:ti_sysbios_knl_Swi_Module__diagsIncluded__C)
                  003f48cc    00000002     app_p28L.o28L (.econst:ti_sysbios_knl_Swi_Module__diagsMask__C)
                  003f48ce    00000002     app_p28L.o28L (.econst:ti_sysbios_knl_Swi_Module__loggerFxn1__C)
                  003f48d0    00000002     app_p28L.o28L (.econst:ti_sysbios_knl_Swi_Module__loggerFxn4__C)
                  003f48d2    00000002     app_p28L.o28L (.econst:ti_sysbios_knl_Swi_Module__loggerObj__C)
                  003f48d4    00000002     app_p28L.o28L (.econst:ti_sysbios_knl_Task_A_badTimeout__C)
                  003f48d6    00000002     app_p28L.o28L (.econst:ti_sysbios_knl_Task_A_sleepTaskDisabled__C)
                  003f48d8    00000002     app_p28L.o28L (.econst:ti_sysbios_knl_Task_E_spOutOfBounds__C)
                  003f48da    00000002     app_p28L.o28L (.econst:ti_sysbios_knl_Task_E_stackOverflow__C)
                  003f48dc    00000002     app_p28L.o28L (.econst:ti_sysbios_knl_Task_LD_block__C)
                  003f48de    00000002     app_p28L.o28L (.econst:ti_sysbios_knl_Task_LD_exit__C)
                  003f48e0    00000002     app_p28L.o28L (.econst:ti_sysbios_knl_Task_LD_ready__C)
                  003f48e2    00000002     app_p28L.o28L (.econst:ti_sysbios_knl_Task_LM_sleep__C)
                  003f48e4    00000002     app_p28L.o28L (.econst:ti_sysbios_knl_Task_LM_switch__C)
                  003f48e6    00000002     app_p28L.o28L (.econst:ti_sysbios_knl_Task_Module_State_inactiveQ__O)
                  003f48e8    00000002     app_p28L.o28L (.econst:ti_sysbios_knl_Task_Module__diagsEnabled__C)
                  003f48ea    00000002     app_p28L.o28L (.econst:ti_sysbios_knl_Task_Module__diagsIncluded__C)
                  003f48ec    00000002     app_p28L.o28L (.econst:ti_sysbios_knl_Task_Module__diagsMask__C)
                  003f48ee    00000002     app_p28L.o28L (.econst:ti_sysbios_knl_Task_Module__loggerFxn2__C)
                  003f48f0    00000002     app_p28L.o28L (.econst:ti_sysbios_knl_Task_Module__loggerFxn4__C)
                  003f48f2    00000002     app_p28L.o28L (.econst:ti_sysbios_knl_Task_Module__loggerObj__C)
                  003f48f4    00000002     app_p28L.o28L (.econst:ti_sysbios_knl_Task_allBlockedFunc__C)
                  003f48f6    00000002     app_p28L.o28L (.econst:xdc_runtime_Assert_E_assertFailed__C)
                  003f48f8    00000002     app_p28L.o28L (.econst:xdc_runtime_Core_A_initializedParams__C)
                  003f48fa    00000002     app_p28L.o28L (.econst:xdc_runtime_Core_Module__diagsEnabled__C)
                  003f48fc    00000002     app_p28L.o28L (.econst:xdc_runtime_Core_Module__diagsIncluded__C)
                  003f48fe    00000002     app_p28L.o28L (.econst:xdc_runtime_Core_Module__diagsMask__C)
                  003f4900    00000002     app_p28L.o28L (.econst:xdc_runtime_Error_E_memory__C)
                  003f4902    00000002     app_p28L.o28L (.econst:xdc_runtime_Error_Module__diagsEnabled__C)
                  003f4904    00000002     app_p28L.o28L (.econst:xdc_runtime_Error_Module__diagsIncluded__C)
                  003f4906    00000002     app_p28L.o28L (.econst:xdc_runtime_Error_Module__diagsMask__C)
                  003f4908    00000002     app_p28L.o28L (.econst:xdc_runtime_Error_Module__loggerFxn8__C)
                  003f490a    00000002     app_p28L.o28L (.econst:xdc_runtime_Error_Module__loggerObj__C)
                  003f490c    00000002     app_p28L.o28L (.econst:xdc_runtime_Error_policyFxn__C)
                  003f490e    00000002     app_p28L.o28L (.econst:xdc_runtime_Error_raiseHook__C)
                  003f4910    00000002     app_p28L.o28L (.econst:xdc_runtime_HeapStd_A_align__C)
                  003f4912    00000002     app_p28L.o28L (.econst:xdc_runtime_HeapStd_A_invalidTotalFreeSize__C)
                  003f4914    00000002     app_p28L.o28L (.econst:xdc_runtime_HeapStd_A_zeroSize__C)
                  003f4916    00000002     app_p28L.o28L (.econst:xdc_runtime_HeapStd_E_noRTSMemory__C)
                  003f4918    00000002     app_p28L.o28L (.econst:xdc_runtime_HeapStd_Module__diagsEnabled__C)
                  003f491a    00000002     app_p28L.o28L (.econst:xdc_runtime_HeapStd_Module__diagsIncluded__C)
                  003f491c    00000002     app_p28L.o28L (.econst:xdc_runtime_HeapStd_Module__diagsMask__C)
                  003f491e    00000002     app_p28L.o28L (.econst:xdc_runtime_IGateProvider_Interface__BASE__C)
                  003f4920    00000002     app_p28L.o28L (.econst:xdc_runtime_IHeap_Interface__BASE__C)
                  003f4922    00000002     app_p28L.o28L (.econst:xdc_runtime_IModule_Interface__BASE__C)
                  003f4924    00000002     app_p28L.o28L (.econst:xdc_runtime_Log_L_error__C)
                  003f4926    00000002     app_p28L.o28L (.econst:xdc_runtime_Memory_defaultHeapInstance__C)
                  003f4928    00000002     app_p28L.o28L (.econst:xdc_runtime_Startup_execImpl__C)
                  003f492a    00000002     app_p28L.o28L (.econst:xdc_runtime_Startup_firstFxns__A)
                  003f492c    00000002     app_p28L.o28L (.econst:xdc_runtime_Startup_lastFxns__A)
                  003f492e    00000002     app_p28L.o28L (.econst:xdc_runtime_Startup_sfxnRts__C)
                  003f4930    00000002     app_p28L.o28L (.econst:xdc_runtime_Startup_sfxnTab__C)
                  003f4932    00000002     app_p28L.o28L (.econst:xdc_runtime_SysMin_bufSize__C)
                  003f4934    00000002     app_p28L.o28L (.econst:xdc_runtime_SysMin_outputFunc__C)
                  003f4936    00000002     app_p28L.o28L (.econst:xdc_runtime_System_Module__gateObj__C)
                  003f4938    00000002     app_p28L.o28L (.econst:xdc_runtime_System_abortFxn__C)
                  003f493a    00000002     app_p28L.o28L (.econst:xdc_runtime_System_exitFxn__C)
                  003f493c    00000002     app_p28L.o28L (.econst:xdc_runtime_System_extendFxn__C)
                  003f493e    00000002     app_p28L.o28L (.econst:xdc_runtime_Text_charTab__C)
                  003f4940    00000002     app_p28L.o28L (.econst:xdc_runtime_Text_nameEmpty__C)
                  003f4942    00000002     app_p28L.o28L (.econst:xdc_runtime_Text_nameStatic__C)
                  003f4944    00000002     app_p28L.o28L (.econst:xdc_runtime_Text_nameUnknown__C)
                  003f4946    00000002     app_p28L.o28L (.econst:xdc_runtime_Text_nodeTab__C)
                  003f4948    00000002     app_p28L.o28L (.econst:xdc_runtime_Text_visitRopeFxn__C)
                  003f494a    00000001     app_p28L.o28L (.econst:ti_sysbios_family_c28_TimestampProvider_useClockTimer__C)
                  003f494b    00000001     app_p28L.o28L (.econst:ti_sysbios_gates_GateMutex_Module__id__C)
                  003f494c    00000001     app_p28L.o28L (.econst:ti_sysbios_hal_Hwi_Module__id__C)
                  003f494d    00000001     app_p28L.o28L (.econst:ti_sysbios_knl_Clock_Module__id__C)
                  003f494e    00000001     app_p28L.o28L (.econst:ti_sysbios_knl_Clock_Module__loggerDefined__C)
                  003f494f    00000001     app_p28L.o28L (.econst:ti_sysbios_knl_Semaphore_Module__id__C)
                  003f4950    00000001     app_p28L.o28L (.econst:ti_sysbios_knl_Semaphore_Module__loggerDefined__C)
                  003f4951    00000001     app_p28L.o28L (.econst:ti_sysbios_knl_Swi_Module__id__C)
                  003f4952    00000001     app_p28L.o28L (.econst:ti_sysbios_knl_Swi_Module__loggerDefined__C)
                  003f4953    00000001     app_p28L.o28L (.econst:ti_sysbios_knl_Swi_Object__count__C)
                  003f4954    00000001     app_p28L.o28L (.econst:ti_sysbios_knl_Task_Module__id__C)
                  003f4955    00000001     app_p28L.o28L (.econst:ti_sysbios_knl_Task_Module__loggerDefined__C)
                  003f4956    00000001     app_p28L.o28L (.econst:ti_sysbios_knl_Task_Object__count__C)
                  003f4957    00000001     app_p28L.o28L (.econst:ti_sysbios_knl_Task_initStackFlag__C)
                  003f4958    00000001     app_p28L.o28L (.econst:ti_sysbios_knl_Task_numConstructedTasks__C)
                  003f4959    00000001     app_p28L.o28L (.econst:xdc_runtime_Core_Module__id__C)
                  003f495a    00000001     app_p28L.o28L (.econst:xdc_runtime_Error_Module__loggerDefined__C)
                  003f495b    00000001     app_p28L.o28L (.econst:xdc_runtime_Error_maxDepth__C)
                  003f495c    00000001     app_p28L.o28L (.econst:xdc_runtime_Error_policy__C)
                  003f495d    00000001     app_p28L.o28L (.econst:xdc_runtime_HeapStd_Module__id__C)
                  003f495e    00000001     app_p28L.o28L (.econst:xdc_runtime_LoggerBuf_Object__count__C)
                  003f495f    00000001     app_p28L.o28L (.econst:xdc_runtime_Memory_Module__id__C)
                  003f4960    00000001     app_p28L.o28L (.econst:xdc_runtime_Startup_maxPasses__C)
                  003f4961    00000001     app_p28L.o28L (.econst:xdc_runtime_SysMin_flushAtExit__C)
                  003f4962    00000001     app_p28L.o28L (.econst:xdc_runtime_System_maxAtexitHandlers__C)
                  003f4963    00000001     app_p28L.o28L (.econst:xdc_runtime_Text_charCnt__C)
                  003f4964    00000001     app_p28L.o28L (.econst:xdc_runtime_Text_isLoaded__C)
                  003f4965    00000001     app_p28L.o28L (.econst:xdc_runtime_Text_registryModsLastId__C)
                  003f4966    00000001     app_p28L.o28L (.econst:xdc_runtime_Text_unnamedModsLastId__C)

.cinit     0    003f4967    000004a8     
                  003f4967    00000421     app_p28L.o28L (.cinit)
                  003f4d88    0000003e     modbus_slave.obj (.cinit)
                  003f4dc6    00000020     pwm.obj (.cinit)
                  003f4de6    0000000f     scalar.obj (.cinit)
                  003f4df5    0000000a     rts2800_ml.lib : exit.obj (.cinit)
                  003f4dff    00000005                    : _lock.obj (.cinit:__lock)
                  003f4e04    00000005                    : _lock.obj (.cinit:__unlock)
                  003f4e09    00000004     Uart.obj (.cinit)
                  003f4e0d    00000002     --HOLE-- [fill = 0]

IQmath     0    003f4e0f    00000097     
                  003f4e0f    00000047     IQmath.lib : IQ24div.obj (IQmath)
                  003f4e56    00000029                : IQ24sinPU.obj (IQmath)
                  003f4e7f    00000027                : IQ24cosPU.obj (IQmath)

ramfuncs   0    003f4ea6    00000004     RUN ADDR = 00008a13
                  003f4ea6    00000004     DSP2802x_usDelay.obj (ramfuncs)

.switch    0    003f4eaa    0000001c     
                  003f4eaa    0000001c     sysbios.a28L : BIOS.obj (.switch:_ti_sysbios_family_c28_Hwi_clearInterrupt__E)

.ti_catalog_c2800_init_begin 
*          0    003f7ff6    00000002     
                  003f7ff6    00000002     Boot.a28L : Boot_asm.o28L (.ti_catalog_c2800_init_begin)

IQmathTables 
*          0    003fe000    00000b50     NOLOAD SECTION
                  003fe000    00000b50     IQmath.lib : IQmathTables.obj (IQmathTables)

.stack     1    00000000    00000100     UNINITIALIZED
                  00000000    00000100     --HOLE--

DevEmuRegsFile 
*          1    00000880    00000004     UNINITIALIZED
                  00000880    00000004     DSP2802x_GlobalVariableDefs.obj (DevEmuRegsFile)

SysPwrCtrlRegsFile 
*          1    00000985    00000003     UNINITIALIZED
                  00000985    00000003     DSP2802x_GlobalVariableDefs.obj (SysPwrCtrlRegsFile)

FlashRegsFile 
*          1    00000a80    00000008     UNINITIALIZED
                  00000a80    00000008     DSP2802x_GlobalVariableDefs.obj (FlashRegsFile)

CsmRegsFile 
*          1    00000ae0    00000010     UNINITIALIZED
                  00000ae0    00000010     DSP2802x_GlobalVariableDefs.obj (CsmRegsFile)

AdcResultFile 
*          1    00000b00    00000020     UNINITIALIZED
                  00000b00    00000020     DSP2802x_GlobalVariableDefs.obj (AdcResultFile)

CpuTimer0RegsFile 
*          1    00000c00    00000008     UNINITIALIZED
                  00000c00    00000008     DSP2802x_GlobalVariableDefs.obj (CpuTimer0RegsFile)

CpuTimer1RegsFile 
*          1    00000c08    00000008     UNINITIALIZED
                  00000c08    00000008     DSP2802x_GlobalVariableDefs.obj (CpuTimer1RegsFile)

CpuTimer2RegsFile 
*          1    00000c10    00000008     UNINITIALIZED
                  00000c10    00000008     DSP2802x_GlobalVariableDefs.obj (CpuTimer2RegsFile)

PieCtrlRegsFile 
*          1    00000ce0    0000001a     UNINITIALIZED
                  00000ce0    0000001a     DSP2802x_GlobalVariableDefs.obj (PieCtrlRegsFile)

Comp1RegsFile 
*          1    00006400    00000011     UNINITIALIZED
                  00006400    00000011     DSP2802x_GlobalVariableDefs.obj (Comp1RegsFile)

Comp2RegsFile 
*          1    00006420    00000011     UNINITIALIZED
                  00006420    00000011     DSP2802x_GlobalVariableDefs.obj (Comp2RegsFile)

EPwm1RegsFile 
*          1    00006800    0000003a     UNINITIALIZED
                  00006800    0000003a     DSP2802x_GlobalVariableDefs.obj (EPwm1RegsFile)

EPwm2RegsFile 
*          1    00006840    0000003a     UNINITIALIZED
                  00006840    0000003a     DSP2802x_GlobalVariableDefs.obj (EPwm2RegsFile)

EPwm3RegsFile 
*          1    00006880    0000003a     UNINITIALIZED
                  00006880    0000003a     DSP2802x_GlobalVariableDefs.obj (EPwm3RegsFile)

EPwm4RegsFile 
*          1    000068c0    0000003a     UNINITIALIZED
                  000068c0    0000003a     DSP2802x_GlobalVariableDefs.obj (EPwm4RegsFile)

ECap1RegsFile 
*          1    00006a00    00000020     UNINITIALIZED
                  00006a00    00000020     DSP2802x_GlobalVariableDefs.obj (ECap1RegsFile)

GpioCtrlRegsFile 
*          1    00006f80    00000040     UNINITIALIZED
                  00006f80    00000040     DSP2802x_GlobalVariableDefs.obj (GpioCtrlRegsFile)

GpioDataRegsFile 
*          1    00006fc0    00000020     UNINITIALIZED
                  00006fc0    00000020     DSP2802x_GlobalVariableDefs.obj (GpioDataRegsFile)

GpioIntRegsFile 
*          1    00006fe0    0000000a     UNINITIALIZED
                  00006fe0    0000000a     DSP2802x_GlobalVariableDefs.obj (GpioIntRegsFile)

SysCtrlRegsFile 
*          1    00007010    0000001f     UNINITIALIZED
                  00007010    0000001f     DSP2802x_GlobalVariableDefs.obj (SysCtrlRegsFile)

SpiaRegsFile 
*          1    00007040    00000010     UNINITIALIZED
                  00007040    00000010     DSP2802x_GlobalVariableDefs.obj (SpiaRegsFile)

SciaRegsFile 
*          1    00007050    00000010     UNINITIALIZED
                  00007050    00000010     DSP2802x_GlobalVariableDefs.obj (SciaRegsFile)

NmiIntruptRegsFile 
*          1    00007060    00000010     UNINITIALIZED
                  00007060    00000010     DSP2802x_GlobalVariableDefs.obj (NmiIntruptRegsFile)

XIntruptRegsFile 
*          1    00007070    00000010     UNINITIALIZED
                  00007070    00000010     DSP2802x_GlobalVariableDefs.obj (XIntruptRegsFile)

AdcRegsFile 
*          1    00007100    00000050     UNINITIALIZED
                  00007100    00000050     DSP2802x_GlobalVariableDefs.obj (AdcRegsFile)

I2caRegsFile 
*          1    00007900    00000022     UNINITIALIZED
                  00007900    00000022     DSP2802x_GlobalVariableDefs.obj (I2caRegsFile)

.ebss      1    00008000    00000a13     UNINITIALIZED
                  00008000    00000640     app_p28L.o28L (.ebss)
                  00008640    00000300     app_p28L.o28L (.ebss:taskStackSection)
                  00008940    0000003c     modbus_slave.obj (.ebss)
                  0000897c    00000004     rts2800_ml.lib : exit.obj (.ebss)
                  00008980    00000033     Uart.obj (.ebss)
                  000089b3    00000001     --HOLE--
                  000089b4    0000000c     scalar.obj (.ebss)
                  000089c0    00000024     pwm.obj (.ebss)
                  000089e4    00000018     DSP2802x_CpuTimers.obj (.ebss)
                  000089fc    00000002     rts2800_ml.lib : _lock.obj (.ebss:__lock)
                  000089fe    00000002                    : _lock.obj (.ebss:__unlock)
                  00008a00    0000000b     system.obj (.ebss)
                  00008a0b    00000008     rts2800_ml.lib : trgdrv.obj (.ebss)

PartIdRegsFile 
*          1    003d7fff    00000001     UNINITIALIZED
                  003d7fff    00000001     DSP2802x_GlobalVariableDefs.obj (PartIdRegsFile)

CsmPwlFile 
*          1    003f7ff8    00000008     UNINITIALIZED
                  003f7ff8    00000008     DSP2802x_GlobalVariableDefs.obj (CsmPwlFile)

.pinit     0    003f0000    00000000     UNINITIALIZED

.cio       1    00008a40    00000120     UNINITIALIZED
                  00008a40    00000120     rts2800_ml.lib : ankmsg.obj (.cio)

xdc.meta   0    00000000    000000f6     COPY SECTION
                  00000000    000000f6     app_p28L.o28L (xdc.meta)


GLOBAL DATA SYMBOLS: SORTED BY DATA PAGE

address     data page           name
--------    ----------------    ----
00000000       0 (00000000)     ___ISA__
00000000       0 (00000000)     __stack
00000011       0 (00000000)     ___TARG__
00000035       0 (00000000)     ___PLAT__

0000005b       1 (00000040)     ___TRDR__

00000082       2 (00000080)     ___ASM__

00000880      22 (00000880)     _DevEmuRegs

00000985      26 (00000980)     _SysPwrCtrlRegs

00000a80      2a (00000a80)     _FlashRegs

00000ae0      2b (00000ac0)     _CsmRegs

00000b00      2c (00000b00)     _AdcResult

00000c00      30 (00000c00)     _CpuTimer0Regs
00000c08      30 (00000c00)     _CpuTimer1Regs
00000c10      30 (00000c00)     _CpuTimer2Regs

00000ce0      33 (00000cc0)     _PieCtrlRegs

00000d00      34 (00000d00)     _EmuKey
00000d00      34 (00000d00)     _PieVectTable
00000d01      34 (00000d00)     _EmuBMode
00000d02      34 (00000d00)     _Flash_CallbackPtr
00000d04      34 (00000d00)     _Flash_CPUScaleFactor

00006400     190 (00006400)     _Comp1Regs
00006420     190 (00006400)     _Comp2Regs

00006800     1a0 (00006800)     _EPwm1Regs

00006840     1a1 (00006840)     _EPwm2Regs

00006880     1a2 (00006880)     _EPwm3Regs

000068c0     1a3 (000068c0)     _EPwm4Regs

00006a00     1a8 (00006a00)     _ECap1Regs

00006f80     1be (00006f80)     _GpioCtrlRegs

00006fc0     1bf (00006fc0)     _GpioDataRegs
00006fe0     1bf (00006fc0)     _GpioIntRegs

00007010     1c0 (00007000)     _SysCtrlRegs

00007040     1c1 (00007040)     _SpiaRegs
00007050     1c1 (00007040)     _SciaRegs
00007060     1c1 (00007040)     _NmiIntruptRegs
00007070     1c1 (00007040)     _XIntruptRegs

00007100     1c4 (00007100)     _AdcRegs

00007900     1e4 (00007900)     _I2caRegs

00008000     200 (00008000)     _xdc_runtime_Error_Module__state__V
00008002     200 (00008000)     _ti_sysbios_knl_Task_Module_State_0_idleTask__A
00008004     200 (00008000)     ___xdc__init__addr
00008006     200 (00008000)     _xdc_runtime_HeapStd_Module__state__V
00008008     200 (00008000)     _xdc_runtime_Memory_Module__state__V
0000800a     200 (00008000)     _ti_sysbios_gates_GateHwi_Object__table__V
0000800c     200 (00008000)     _xdc_runtime_LoggerBuf_Module__state__V
00008010     200 (00008000)     _xdc_runtime_Text_Module__state__V
00008014     200 (00008000)     _ti_sysbios_knl_Swi_Module__root__V
00008018     200 (00008000)     _ti_sysbios_family_c28_Hwi_Module__root__V
0000801c     200 (00008000)     _ti_sysbios_family_c28_Timer_Module__root__V
00008020     200 (00008000)     _xdc_runtime_HeapStd_Module__root__V
00008024     200 (00008000)     _xdc_runtime_LoggerBuf_Module__root__V
00008028     200 (00008000)     _ti_sysbios_gates_GateMutex_Module__root__V
0000802c     200 (00008000)     _ti_sysbios_knl_Queue_Module__root__V
00008030     200 (00008000)     _ti_sysbios_family_c28_TimestampProvider_Module__state__V
00008034     200 (00008000)     _xdc_runtime_Registry_Module__state__V
00008038     200 (00008000)     _ti_sysbios_hal_Hwi_Module__root__V
0000803c     200 (00008000)     _ti_sysbios_gates_GateHwi_Module__root__V

00008040     201 (00008040)     _ti_sysbios_hal_Timer_Module__root__V
00008044     201 (00008040)     _ti_sysbios_hal_Timer_Object__table__V
00008048     201 (00008040)     _xdc_runtime_System_Module__state__V
0000804c     201 (00008040)     _xdc_runtime_SysMin_Module__state__V
00008050     201 (00008040)     _xdc_runtime_Startup_Module__state__V
00008054     201 (00008040)     _ti_sysbios_knl_Task_Module__root__V
00008058     201 (00008040)     _ti_sysbios_knl_Semaphore_Module__root__V
0000805c     201 (00008040)     _ti_sysbios_knl_Clock_Module__root__V
00008060     201 (00008040)     _xdc_runtime_HeapStd_Object__table__V
00008066     201 (00008040)     _ti_sysbios_family_c28_Timer_Module__state__V
0000806e     201 (00008040)     _xdc_runtime_System_Module_State_0_atexitHandlers__A
00008076     201 (00008040)     _ti_sysbios_knl_Semaphore_Object__table__V

00008080     202 (00008080)     _ti_sysbios_hal_Hwi_Object__table__V
0000808c     202 (00008080)     _ti_sysbios_knl_Swi_Module__state__V
00008098     202 (00008080)     _ti_sysbios_gates_GateMutex_Object__table__V
000080a6     202 (00008080)     _ti_sysbios_family_c28_Hwi_Module__state__V

000080c0     203 (000080c0)     _ti_sysbios_BIOS_Module__state__V
000080d2     203 (000080c0)     _ti_sysbios_knl_Swi_Object__table__V
000080e6     203 (000080c0)     _ti_sysbios_knl_Clock_Module__state__V

00008100     204 (00008100)     _ti_sysbios_knl_Task_Module__state__V

00008140     205 (00008140)     _ti_sysbios_knl_Task_Module_State_0_readyQ__A

00008180     206 (00008180)     _ti_sysbios_knl_Swi_Module_State_0_readyQ__A

000081c0     207 (000081c0)     _ti_sysbios_family_c28_Timer_Object__table__V

00008240     209 (00008240)     _ti_sysbios_family_c28_Hwi_Object__table__V

000082c0     20b (000082c0)     _ti_sysbios_knl_Task_Object__table__V

00008340     20d (00008340)     _ti_sysbios_family_c28_Hwi_Module_State_0_dispatchTable__A

00008440     211 (00008440)     _xdc_runtime_SysMin_Module_State_0_outbuf__A

00008640     219 (00008640)     _ti_sysbios_knl_Task_Instance_State_2_stack__A

00008740     21d (00008740)     _ti_sysbios_knl_Task_Instance_State_1_stack__A

00008840     221 (00008840)     _ti_sysbios_knl_Task_Instance_State_0_stack__A

00008940     225 (00008940)     _ParametersTable
0000897c     225 (00008940)     ___TI_cleanup_ptr
0000897e     225 (00008940)     ___TI_dtors_ptr

00008980     226 (00008980)     _UartRxLen
00008981     226 (00008980)     _UartBuffer
000089b4     226 (00008980)     _svgen_dq

000089c0     227 (000089c0)     _MaxTimerValue
000089c1     227 (000089c0)     _NominalVoltage
000089c2     227 (000089c0)     _Fout
000089c4     227 (000089c0)     _Fpwm
000089c6     227 (000089c0)     _Ta
000089ca     227 (000089c0)     _deltaPhase
000089ce     227 (000089c0)     _Tb
000089d2     227 (000089c0)     _Tc
000089d6     227 (000089c0)     _pwma
000089da     227 (000089c0)     _pwm
000089e4     227 (000089c0)     _CpuTimer1
000089ec     227 (000089c0)     _CpuTimer2
000089f4     227 (000089c0)     _CpuTimer0
000089fc     227 (000089c0)     __lock
000089fe     227 (000089c0)     __unlock

00008a00     228 (00008a00)     _system

00008a40     229 (00008a40)     __CIOBUF_

003d7fff    f5ff (003d7fc0)     _PartIdRegs

003f30ce    fcc3 (003f30c0)     _xdc_runtime_Text_charTab__A

003f4380    fd0e (003f4380)     _Crc16Table

003f4480    fd12 (003f4480)     _ti_sysbios_family_c28_Hwi_vectors

003f45dd    fd17 (003f45c0)     _ti_sysbios_family_c28_Hwi_Module__id__C

003f4636    fd18 (003f4600)     _xdc_runtime_Text_nodeTab__A

003f46d3    fd1b (003f46c0)     _ti_sysbios_family_c28_Hwi_Module__loggerDefined__C

003f4717    fd1c (003f4700)     _ti_sysbios_family_c28_Hwi_NUM_INTERRUPTS_ALL__C

003f4742    fd1d (003f4740)     _xdc_runtime_Startup_sfxnTab__A
003f4758    fd1d (003f4740)     _xdc_runtime_HeapStd_Module__FXNS__C
003f476c    fd1d (003f4740)     _ti_sysbios_gates_GateHwi_Module__FXNS__C
003f477e    fd1d (003f4740)     _ti_sysbios_gates_GateMutex_Module__FXNS__C

003f47a1    fd1e (003f4780)     _ti_sysbios_family_c28_Hwi_Object__count__C
003f47a2    fd1e (003f4780)     _ti_sysbios_gates_GateHwi_Object__DESC__C
003f47b2    fd1e (003f4780)     _ti_sysbios_gates_GateMutex_Object__DESC__C

003f47c2    fd1f (003f47c0)     _ti_sysbios_knl_Queue_Object__DESC__C
003f47d2    fd1f (003f47c0)     _ti_sysbios_knl_Semaphore_Object__DESC__C
003f47e2    fd1f (003f47c0)     _ti_sysbios_knl_Semaphore_Object__PARAMS__C
003f47f2    fd1f (003f47c0)     _xdc_runtime_HeapStd_Object__DESC__C

003f4802    fd20 (003f4800)     _uart_rx_hwi_handle
003f4804    fd20 (003f4800)     _modbus_sem
003f4806    fd20 (003f4800)     _task0
003f4808    fd20 (003f4800)     _epwm1_hwi_handle
003f480a    fd20 (003f4800)     _adc_hwi_handle
003f480c    fd20 (003f4800)     _modbus_timer
003f480e    fd20 (003f4800)     _drv8301_task_handle
003f4810    fd20 (003f4800)     _xdc_runtime_HeapStd_Object__PARAMS__C
003f481e    fd20 (003f4800)     _ti_sysbios_gates_GateHwi_Object__PARAMS__C
003f482a    fd20 (003f4800)     _ti_sysbios_gates_GateMutex_Object__PARAMS__C
003f4836    fd20 (003f4800)     _ti_sysbios_knl_Queue_Object__PARAMS__C

003f4842    fd21 (003f4840)     _xdc_runtime_Startup_sfxnRts__A
003f484d    fd21 (003f4840)     _ti_sysbios_family_c28_TaskSupport_Module__id__C
003f4855    fd21 (003f4840)     _ti_sysbios_family_c28_Timer_startupNeeded__C
003f485b    fd21 (003f4840)     _ti_sysbios_family_c28_TimestampProvider_Module__id__C
003f485c    fd21 (003f4840)     _ti_sysbios_knl_Idle_funcList__C
003f4860    fd21 (003f4840)     _xdc_runtime_Startup_firstFxns__C
003f4864    fd21 (003f4840)     _xdc_runtime_Startup_lastFxns__C
003f4868    fd21 (003f4840)     _ti_sysbios_family_c28_Hwi_A_badIntNum__C
003f486a    fd21 (003f4840)     _ti_sysbios_family_c28_Hwi_A_invalidArg__C
003f486c    fd21 (003f4840)     _ti_sysbios_family_c28_Hwi_E_unpluggedInterrupt__C
003f486e    fd21 (003f4840)     _ti_sysbios_family_c28_Hwi_LD_end__C
003f4870    fd21 (003f4840)     _ti_sysbios_family_c28_Hwi_LM_begin__C
003f4872    fd21 (003f4840)     _ti_sysbios_family_c28_Hwi_Module__diagsEnabled__C
003f4874    fd21 (003f4840)     _ti_sysbios_family_c28_Hwi_Module__diagsIncluded__C
003f4876    fd21 (003f4840)     _ti_sysbios_family_c28_Hwi_Module__diagsMask__C
003f4878    fd21 (003f4840)     _ti_sysbios_family_c28_Hwi_Module__loggerFxn1__C
003f487a    fd21 (003f4840)     _ti_sysbios_family_c28_Hwi_Module__loggerFxn8__C
003f487c    fd21 (003f4840)     _ti_sysbios_family_c28_Hwi_Module__loggerObj__C
003f487e    fd21 (003f4840)     _ti_sysbios_family_c28_TaskSupport_E_invalidStack__C

003f4880    fd22 (003f4880)     _ti_sysbios_family_c28_TimestampProvider_Module__diagsEnabled__C
003f4882    fd22 (003f4880)     _ti_sysbios_family_c28_TimestampProvider_Module__diagsIncluded__C
003f4884    fd22 (003f4880)     _ti_sysbios_family_c28_TimestampProvider_Module__diagsMask__C
003f4886    fd22 (003f4880)     _ti_sysbios_gates_GateMutex_A_badContext__C
003f4888    fd22 (003f4880)     _ti_sysbios_gates_GateMutex_Instance_State_sem__O
003f488a    fd22 (003f4880)     _ti_sysbios_gates_GateMutex_Module__diagsEnabled__C
003f488c    fd22 (003f4880)     _ti_sysbios_gates_GateMutex_Module__diagsIncluded__C
003f488e    fd22 (003f4880)     _ti_sysbios_gates_GateMutex_Module__diagsMask__C
003f4890    fd22 (003f4880)     _ti_sysbios_hal_Hwi_E_stackOverflow__C
003f4892    fd22 (003f4880)     _ti_sysbios_knl_Clock_LM_begin__C
003f4894    fd22 (003f4880)     _ti_sysbios_knl_Clock_LM_tick__C
003f4896    fd22 (003f4880)     _ti_sysbios_knl_Clock_LW_delayed__C
003f4898    fd22 (003f4880)     _ti_sysbios_knl_Clock_Module_State_clockQ__O
003f489a    fd22 (003f4880)     _ti_sysbios_knl_Clock_Module__diagsEnabled__C
003f489c    fd22 (003f4880)     _ti_sysbios_knl_Clock_Module__diagsIncluded__C
003f489e    fd22 (003f4880)     _ti_sysbios_knl_Clock_Module__diagsMask__C
003f48a0    fd22 (003f4880)     _ti_sysbios_knl_Clock_Module__loggerFxn1__C
003f48a2    fd22 (003f4880)     _ti_sysbios_knl_Clock_Module__loggerFxn2__C
003f48a4    fd22 (003f4880)     _ti_sysbios_knl_Clock_Module__loggerObj__C
003f48a6    fd22 (003f4880)     _ti_sysbios_knl_Idle_funcList__A
003f48a8    fd22 (003f4880)     _ti_sysbios_knl_Semaphore_A_badContext__C
003f48aa    fd22 (003f4880)     _ti_sysbios_knl_Semaphore_A_noEvents__C
003f48ac    fd22 (003f4880)     _ti_sysbios_knl_Semaphore_A_overflow__C
003f48ae    fd22 (003f4880)     _ti_sysbios_knl_Semaphore_A_pendTaskDisabled__C
003f48b0    fd22 (003f4880)     _ti_sysbios_knl_Semaphore_Instance_State_pendQ__O
003f48b2    fd22 (003f4880)     _ti_sysbios_knl_Semaphore_LM_pend__C
003f48b4    fd22 (003f4880)     _ti_sysbios_knl_Semaphore_LM_post__C
003f48b6    fd22 (003f4880)     _ti_sysbios_knl_Semaphore_Module__diagsEnabled__C
003f48b8    fd22 (003f4880)     _ti_sysbios_knl_Semaphore_Module__diagsIncluded__C
003f48ba    fd22 (003f4880)     _ti_sysbios_knl_Semaphore_Module__diagsMask__C
003f48bc    fd22 (003f4880)     _ti_sysbios_knl_Semaphore_Module__loggerFxn2__C
003f48be    fd22 (003f4880)     _ti_sysbios_knl_Semaphore_Module__loggerFxn4__C

003f48c0    fd23 (003f48c0)     _ti_sysbios_knl_Semaphore_Module__loggerObj__C
003f48c2    fd23 (003f48c0)     _ti_sysbios_knl_Swi_LD_end__C
003f48c4    fd23 (003f48c0)     _ti_sysbios_knl_Swi_LM_begin__C
003f48c6    fd23 (003f48c0)     _ti_sysbios_knl_Swi_LM_post__C
003f48c8    fd23 (003f48c0)     _ti_sysbios_knl_Swi_Module__diagsEnabled__C
003f48ca    fd23 (003f48c0)     _ti_sysbios_knl_Swi_Module__diagsIncluded__C
003f48cc    fd23 (003f48c0)     _ti_sysbios_knl_Swi_Module__diagsMask__C
003f48ce    fd23 (003f48c0)     _ti_sysbios_knl_Swi_Module__loggerFxn1__C
003f48d0    fd23 (003f48c0)     _ti_sysbios_knl_Swi_Module__loggerFxn4__C
003f48d2    fd23 (003f48c0)     _ti_sysbios_knl_Swi_Module__loggerObj__C
003f48d4    fd23 (003f48c0)     _ti_sysbios_knl_Task_A_badTimeout__C
003f48d6    fd23 (003f48c0)     _ti_sysbios_knl_Task_A_sleepTaskDisabled__C
003f48d8    fd23 (003f48c0)     _ti_sysbios_knl_Task_E_spOutOfBounds__C
003f48da    fd23 (003f48c0)     _ti_sysbios_knl_Task_E_stackOverflow__C
003f48dc    fd23 (003f48c0)     _ti_sysbios_knl_Task_LD_block__C
003f48de    fd23 (003f48c0)     _ti_sysbios_knl_Task_LD_exit__C
003f48e0    fd23 (003f48c0)     _ti_sysbios_knl_Task_LD_ready__C
003f48e2    fd23 (003f48c0)     _ti_sysbios_knl_Task_LM_sleep__C
003f48e4    fd23 (003f48c0)     _ti_sysbios_knl_Task_LM_switch__C
003f48e6    fd23 (003f48c0)     _ti_sysbios_knl_Task_Module_State_inactiveQ__O
003f48e8    fd23 (003f48c0)     _ti_sysbios_knl_Task_Module__diagsEnabled__C
003f48ea    fd23 (003f48c0)     _ti_sysbios_knl_Task_Module__diagsIncluded__C
003f48ec    fd23 (003f48c0)     _ti_sysbios_knl_Task_Module__diagsMask__C
003f48ee    fd23 (003f48c0)     _ti_sysbios_knl_Task_Module__loggerFxn2__C
003f48f0    fd23 (003f48c0)     _ti_sysbios_knl_Task_Module__loggerFxn4__C
003f48f2    fd23 (003f48c0)     _ti_sysbios_knl_Task_Module__loggerObj__C
003f48f4    fd23 (003f48c0)     _ti_sysbios_knl_Task_allBlockedFunc__C
003f48f6    fd23 (003f48c0)     _xdc_runtime_Assert_E_assertFailed__C
003f48f8    fd23 (003f48c0)     _xdc_runtime_Core_A_initializedParams__C
003f48fa    fd23 (003f48c0)     _xdc_runtime_Core_Module__diagsEnabled__C
003f48fc    fd23 (003f48c0)     _xdc_runtime_Core_Module__diagsIncluded__C
003f48fe    fd23 (003f48c0)     _xdc_runtime_Core_Module__diagsMask__C

003f4900    fd24 (003f4900)     _xdc_runtime_Error_E_memory__C
003f4902    fd24 (003f4900)     _xdc_runtime_Error_Module__diagsEnabled__C
003f4904    fd24 (003f4900)     _xdc_runtime_Error_Module__diagsIncluded__C
003f4906    fd24 (003f4900)     _xdc_runtime_Error_Module__diagsMask__C
003f4908    fd24 (003f4900)     _xdc_runtime_Error_Module__loggerFxn8__C
003f490a    fd24 (003f4900)     _xdc_runtime_Error_Module__loggerObj__C
003f490c    fd24 (003f4900)     _xdc_runtime_Error_policyFxn__C
003f490e    fd24 (003f4900)     _xdc_runtime_Error_raiseHook__C
003f4910    fd24 (003f4900)     _xdc_runtime_HeapStd_A_align__C
003f4912    fd24 (003f4900)     _xdc_runtime_HeapStd_A_invalidTotalFreeSize__C
003f4914    fd24 (003f4900)     _xdc_runtime_HeapStd_A_zeroSize__C
003f4916    fd24 (003f4900)     _xdc_runtime_HeapStd_E_noRTSMemory__C
003f4918    fd24 (003f4900)     _xdc_runtime_HeapStd_Module__diagsEnabled__C
003f491a    fd24 (003f4900)     _xdc_runtime_HeapStd_Module__diagsIncluded__C
003f491c    fd24 (003f4900)     _xdc_runtime_HeapStd_Module__diagsMask__C
003f491e    fd24 (003f4900)     _xdc_runtime_IGateProvider_Interface__BASE__C
003f4920    fd24 (003f4900)     _xdc_runtime_IHeap_Interface__BASE__C
003f4922    fd24 (003f4900)     _xdc_runtime_IModule_Interface__BASE__C
003f4924    fd24 (003f4900)     _xdc_runtime_Log_L_error__C
003f4926    fd24 (003f4900)     _xdc_runtime_Memory_defaultHeapInstance__C
003f4928    fd24 (003f4900)     _xdc_runtime_Startup_execImpl__C
003f492a    fd24 (003f4900)     _xdc_runtime_Startup_firstFxns__A
003f492c    fd24 (003f4900)     _xdc_runtime_Startup_lastFxns__A
003f492e    fd24 (003f4900)     _xdc_runtime_Startup_sfxnRts__C
003f4930    fd24 (003f4900)     _xdc_runtime_Startup_sfxnTab__C
003f4932    fd24 (003f4900)     _xdc_runtime_SysMin_bufSize__C
003f4934    fd24 (003f4900)     _xdc_runtime_SysMin_outputFunc__C
003f4936    fd24 (003f4900)     _xdc_runtime_System_Module__gateObj__C
003f4938    fd24 (003f4900)     _xdc_runtime_System_abortFxn__C
003f493a    fd24 (003f4900)     _xdc_runtime_System_exitFxn__C
003f493c    fd24 (003f4900)     _xdc_runtime_System_extendFxn__C
003f493e    fd24 (003f4900)     _xdc_runtime_Text_charTab__C

003f4940    fd25 (003f4940)     _xdc_runtime_Text_nameEmpty__C
003f4942    fd25 (003f4940)     _xdc_runtime_Text_nameStatic__C
003f4944    fd25 (003f4940)     _xdc_runtime_Text_nameUnknown__C
003f4946    fd25 (003f4940)     _xdc_runtime_Text_nodeTab__C
003f4948    fd25 (003f4940)     _xdc_runtime_Text_visitRopeFxn__C
003f494a    fd25 (003f4940)     _ti_sysbios_family_c28_TimestampProvider_useClockTimer__C
003f494b    fd25 (003f4940)     _ti_sysbios_gates_GateMutex_Module__id__C
003f494c    fd25 (003f4940)     _ti_sysbios_hal_Hwi_Module__id__C
003f494d    fd25 (003f4940)     _ti_sysbios_knl_Clock_Module__id__C
003f494e    fd25 (003f4940)     _ti_sysbios_knl_Clock_Module__loggerDefined__C
003f494f    fd25 (003f4940)     _ti_sysbios_knl_Semaphore_Module__id__C
003f4950    fd25 (003f4940)     _ti_sysbios_knl_Semaphore_Module__loggerDefined__C
003f4951    fd25 (003f4940)     _ti_sysbios_knl_Swi_Module__id__C
003f4952    fd25 (003f4940)     _ti_sysbios_knl_Swi_Module__loggerDefined__C
003f4953    fd25 (003f4940)     _ti_sysbios_knl_Swi_Object__count__C
003f4954    fd25 (003f4940)     _ti_sysbios_knl_Task_Module__id__C
003f4955    fd25 (003f4940)     _ti_sysbios_knl_Task_Module__loggerDefined__C
003f4956    fd25 (003f4940)     _ti_sysbios_knl_Task_Object__count__C
003f4957    fd25 (003f4940)     _ti_sysbios_knl_Task_initStackFlag__C
003f4958    fd25 (003f4940)     _ti_sysbios_knl_Task_numConstructedTasks__C
003f4959    fd25 (003f4940)     _xdc_runtime_Core_Module__id__C
003f495a    fd25 (003f4940)     _xdc_runtime_Error_Module__loggerDefined__C
003f495b    fd25 (003f4940)     _xdc_runtime_Error_maxDepth__C
003f495c    fd25 (003f4940)     _xdc_runtime_Error_policy__C
003f495d    fd25 (003f4940)     _xdc_runtime_HeapStd_Module__id__C
003f495e    fd25 (003f4940)     _xdc_runtime_LoggerBuf_Object__count__C
003f495f    fd25 (003f4940)     _xdc_runtime_Memory_Module__id__C
003f4960    fd25 (003f4940)     _xdc_runtime_Startup_maxPasses__C
003f4961    fd25 (003f4940)     _xdc_runtime_SysMin_flushAtExit__C
003f4962    fd25 (003f4940)     _xdc_runtime_System_maxAtexitHandlers__C
003f4963    fd25 (003f4940)     _xdc_runtime_Text_charCnt__C
003f4964    fd25 (003f4940)     _xdc_runtime_Text_isLoaded__C
003f4965    fd25 (003f4940)     _xdc_runtime_Text_registryModsLastId__C
003f4966    fd25 (003f4940)     _xdc_runtime_Text_unnamedModsLastId__C

003f4e0f    fd38 (003f4e00)     __IQ24div

003f4e56    fd39 (003f4e40)     __IQ24sinPU
003f4e7f    fd39 (003f4e40)     __IQ24cosPU

003f7ff8    fdff (003f7fc0)     _CsmPwl

003fe000    ff80 (003fe000)     _IQsinTable

003fe100    ff84 (003fe100)     _IQcosTable

003fe400    ff90 (003fe400)     _IQsinTableEnd

003fe502    ff94 (003fe500)     _IQcosTableEnd
003fe502    ff94 (003fe500)     _IQdivRoundSatTable
003fe510    ff94 (003fe500)     _IQdivTable

003fe712    ff9c (003fe700)     _IQdivTableEnd
003fe712    ff9c (003fe700)     _IQisqrtRoundSatTable
003fe712    ff9c (003fe700)     _IQsqrtRoundSatTable
003fe722    ff9c (003fe700)     _IQisqrtTable
003fe722    ff9c (003fe700)     _IQsqrtTable

003fe824    ffa0 (003fe800)     _IQatan2HalfPITable
003fe824    ffa0 (003fe800)     _IQisqrtTableEnd
003fe824    ffa0 (003fe800)     _IQsqrtTableEnd

003fe862    ffa1 (003fe840)     _IQatan2Table

003fe9e8    ffa7 (003fe9c0)     _IQ30mpyRndSatTable
003fe9e8    ffa7 (003fe9c0)     _IQatan2TableEnd
003fe9e8    ffa7 (003fe9c0)     _IQmpyRndSatTable
003fe9f4    ffa7 (003fe9c0)     _IQ29mpyRndSatTable

003fea00    ffa8 (003fea00)     _IQ28mpyRndSatTable
003fea0c    ffa8 (003fea00)     _IQ27mpyRndSatTable
003fea18    ffa8 (003fea00)     _IQ26mpyRndSatTable
003fea24    ffa8 (003fea00)     _IQ25mpyRndSatTable
003fea30    ffa8 (003fea00)     _IQ24mpyRndSatTable
003fea3c    ffa8 (003fea00)     _IQ23mpyRndSatTable

003fea48    ffa9 (003fea40)     _IQ22mpyRndSatTable
003fea54    ffa9 (003fea40)     _IQ21mpyRndSatTable
003fea60    ffa9 (003fea40)     _IQ20mpyRndSatTable
003fea6c    ffa9 (003fea40)     _IQ19mpyRndSatTable
003fea78    ffa9 (003fea40)     _IQ18mpyRndSatTable

003fea84    ffaa (003fea80)     _IQ17mpyRndSatTable
003fea90    ffaa (003fea80)     _IQ16mpyRndSatTable
003fea9c    ffaa (003fea80)     _IQ15mpyRndSatTable
003feaa8    ffaa (003fea80)     _IQ14mpyRndSatTable
003feab4    ffaa (003fea80)     _IQ13mpyRndSatTable

003feac0    ffab (003feac0)     _IQ12mpyRndSatTable
003feacc    ffab (003feac0)     _IQ11mpyRndSatTable
003fead8    ffab (003feac0)     _IQ10mpyRndSatTable
003feae4    ffab (003feac0)     _IQ9mpyRndSatTable
003feaf0    ffab (003feac0)     _IQ8mpyRndSatTable
003feafc    ffab (003feac0)     _IQ7mpyRndSatTable

[...]
0     003f48f4  _ti_sysbios_knl_Task_allBlockedFunc__C                           
0     003f48f6  _xdc_runtime_Assert_E_assertFailed__C                            
0     003f48f8  _xdc_runtime_Core_A_initializedParams__C                         
0     003f48fa  _xdc_runtime_Core_Module__diagsEnabled__C                        
0     003f48fc  _xdc_runtime_Core_Module__diagsIncluded__C                       
0     003f48fe  _xdc_runtime_Core_Module__diagsMask__C                           
0     003f4900  _xdc_runtime_Error_E_memory__C                                   
0     003f4902  _xdc_runtime_Error_Module__diagsEnabled__C                       
0     003f4904  _xdc_runtime_Error_Module__diagsIncluded__C                      
0     003f4906  _xdc_runtime_Error_Module__diagsMask__C                          
0     003f4908  _xdc_runtime_Error_Module__loggerFxn8__C                         
0     003f490a  _xdc_runtime_Error_Module__loggerObj__C                          
0     003f490c  _xdc_runtime_Error_policyFxn__C                                  
0     003f490e  _xdc_runtime_Error_raiseHook__C                                  
0     003f4910  _xdc_runtime_HeapStd_A_align__C                                  
0     003f4912  _xdc_runtime_HeapStd_A_invalidTotalFreeSize__C                   
0     003f4914  _xdc_runtime_HeapStd_A_zeroSize__C                               
0     003f4916  _xdc_runtime_HeapStd_E_noRTSMemory__C                            
0     003f4918  _xdc_runtime_HeapStd_Module__diagsEnabled__C                     
0     003f491a  _xdc_runtime_HeapStd_Module__diagsIncluded__C                    
0     003f491c  _xdc_runtime_HeapStd_Module__diagsMask__C                        
0     003f491e  _xdc_runtime_IGateProvider_Interface__BASE__C                    
0     003f4920  _xdc_runtime_IHeap_Interface__BASE__C                            
0     003f4922  _xdc_runtime_IModule_Interface__BASE__C                          
0     003f4924  _xdc_runtime_Log_L_error__C                                      
0     003f4926  _xdc_runtime_Memory_defaultHeapInstance__C                       
0     003f4928  _xdc_runtime_Startup_execImpl__C                                 
0     003f492a  _xdc_runtime_Startup_firstFxns__A                                
0     003f492c  _xdc_runtime_Startup_lastFxns__A                                 
0     003f492e  _xdc_runtime_Startup_sfxnRts__C                                  
0     003f4930  _xdc_runtime_Startup_sfxnTab__C                                  
0     003f4932  _xdc_runtime_SysMin_bufSize__C                                   
0     003f4934  _xdc_runtime_SysMin_outputFunc__C                                
0     003f4936  _xdc_runtime_System_Module__gateObj__C                           
0     003f4938  _xdc_runtime_System_abortFxn__C                                  
0     003f493a  _xdc_runtime_System_exitFxn__C                                   
0     003f493c  _xdc_runtime_System_extendFxn__C                                 
0     003f493e  _xdc_runtime_Text_charTab__C                                     
0     003f4940  _xdc_runtime_Text_nameEmpty__C                                   
0     003f4942  _xdc_runtime_Text_nameStatic__C                                  
0     003f4944  _xdc_runtime_Text_nameUnknown__C                                 
0     003f4946  _xdc_runtime_Text_nodeTab__C                                     
0     003f4948  _xdc_runtime_Text_visitRopeFxn__C                                
0     003f494a  _ti_sysbios_family_c28_TimestampProvider_useClockTimer__C        
0     003f494b  _ti_sysbios_gates_GateMutex_Module__id__C                        
0     003f494c  _ti_sysbios_hal_Hwi_Module__id__C                                
0     003f494d  _ti_sysbios_knl_Clock_Module__id__C                              
0     003f494e  _ti_sysbios_knl_Clock_Module__loggerDefined__C                   
0     003f494f  _ti_sysbios_knl_Semaphore_Module__id__C                          
0     003f4950  _ti_sysbios_knl_Semaphore_Module__loggerDefined__C               
0     003f4951  _ti_sysbios_knl_Swi_Module__id__C                                
0     003f4952  _ti_sysbios_knl_Swi_Module__loggerDefined__C                     
0     003f4953  _ti_sysbios_knl_Swi_Object__count__C                             
0     003f4954  _ti_sysbios_knl_Task_Module__id__C                               
0     003f4955  _ti_sysbios_knl_Task_Module__loggerDefined__C                    
0     003f4956  _ti_sysbios_knl_Task_Object__count__C                            
0     003f4957  _ti_sysbios_knl_Task_initStackFlag__C                            
0     003f4958  _ti_sysbios_knl_Task_numConstructedTasks__C                      
0     003f4959  _xdc_runtime_Core_Module__id__C                                  
0     003f495a  _xdc_runtime_Error_Module__loggerDefined__C                      
0     003f495b  _xdc_runtime_Error_maxDepth__C                                   
0     003f495c  _xdc_runtime_Error_policy__C                                     
0     003f495d  _xdc_runtime_HeapStd_Module__id__C                               
0     003f495e  _xdc_runtime_LoggerBuf_Object__count__C                          
0     003f495f  _xdc_runtime_Memory_Module__id__C                                
0     003f4960  _xdc_runtime_Startup_maxPasses__C                                
0     003f4961  _xdc_runtime_SysMin_flushAtExit__C                               
0     003f4962  _xdc_runtime_System_maxAtexitHandlers__C                         
0     003f4963  _xdc_runtime_Text_charCnt__C                                     
0     003f4964  _xdc_runtime_Text_isLoaded__C                                    
0     003f4965  _xdc_runtime_Text_registryModsLastId__C                          
0     003f4966  _xdc_runtime_Text_unnamedModsLastId__C                           
0     003f4967  ___cinit__                                                       
0     003f4967  cinit                                                            
0     003f4e0f  __IQ24div                                                        
0     003f4e56  __IQ24sinPU                                                      
0     003f4e7f  __IQ24cosPU                                                      
0     003f4ea6  _RamfuncsLoadStart                                               
0     003f4eaa  _RamfuncsLoadEnd                                                 
0     003f7ff6  _ti_catalog_c2800_init_Boot_entry                                
0     003fe000  _IQsinTable                                                      
0     003fe100  _IQcosTable                                                      
0     003fe400  _IQsinTableEnd                                                   
0     003fe502  _IQcosTableEnd                                                   
0     003fe502  _IQdivRoundSatTable                                              
0     003fe510  _IQdivTable                                                      
0     003fe712  _IQdivTableEnd                                                   
0     003fe712  _IQisqrtRoundSatTable                                            
0     003fe712  _IQsqrtRoundSatTable                                             
0     003fe722  _IQisqrtTable                                                    
0     003fe722  _IQsqrtTable                                                     
0     003fe824  _IQatan2HalfPITable                                              
0     003fe824  _IQisqrtTableEnd                                                 
0     003fe824  _IQsqrtTableEnd                                                  
0     003fe862  _IQatan2Table                                                    
0     003fe9e8  _IQ30mpyRndSatTable                                              
0     003fe9e8  _IQatan2TableEnd                                                 
0     003fe9e8  _IQmpyRndSatTable                                                
0     003fe9f4  _IQ29mpyRndSatTable                                              
0     003fea00  _IQ28mpyRndSatTable                                              
0     003fea0c  _IQ27mpyRndSatTable                                              
0     003fea18  _IQ26mpyRndSatTable                                              
0     003fea24  _IQ25mpyRndSatTable                                              
0     003fea30  _IQ24mpyRndSatTable                                              
0     003fea3c  _IQ23mpyRndSatTable                                              
0     003fea48  _IQ22mpyRndSatTable                                              
0     003fea54  _IQ21mpyRndSatTable                                              
0     003fea60  _IQ20mpyRndSatTable                                              
0     003fea6c  _IQ19mpyRndSatTable                                              
0     003fea78  _IQ18mpyRndSatTable                                              
0     003fea84  _IQ17mpyRndSatTable                                              
0     003fea90  _IQ16mpyRndSatTable                                              
0     003fea9c  _IQ15mpyRndSatTable                                              
0     003feaa8  _IQ14mpyRndSatTable                                              
0     003feab4  _IQ13mpyRndSatTable                                              
0     003feac0  _IQ12mpyRndSatTable                                              
0     003feacc  _IQ11mpyRndSatTable                                              
0     003fead8  _IQ10mpyRndSatTable                                              
0     003feae4  _IQ9mpyRndSatTable                                               
0     003feaf0  _IQ8mpyRndSatTable                                               
0     003feafc  _IQ7mpyRndSatTable                                               
0     003feb08  _IQ6mpyRndSatTable                                               
0     003feb14  _IQ5mpyRndSatTable                                               
0     003feb20  _IQ4mpyRndSatTable                                               
0     003feb2c  _IQ3mpyRndSatTable                                               
0     003feb38  _IQ2mpyRndSatTable                                               
0     003feb44  _IQ1mpyRndSatTable                                               
0     003feb50  _IQmpyRndSatTableEnd                                             
1     00000000  __stack                                                          
1     00000100  __STACK_END                                                      
1     00000880  _DevEmuRegs                                                      
1     00000985  _SysPwrCtrlRegs                                                  
1     00000a80  _FlashRegs                                                       
1     00000ae0  _CsmRegs                                                         
1     00000b00  _AdcResult                                                       
1     00000c00  _CpuTimer0Regs                                                   
1     00000c08  _CpuTimer1Regs                                                   
1     00000c10  _CpuTimer2Regs                                                   
1     00000ce0  _PieCtrlRegs                                                     
1     00006400  _Comp1Regs                                                       
1     00006420  _Comp2Regs                                                       
1     00006800  _EPwm1Regs                                                       
1     00006840  _EPwm2Regs                                                       
1     00006880  _EPwm3Regs                                                       
1     000068c0  _EPwm4Regs                                                       
1     00006a00  _ECap1Regs                                                       
1     00006f80  _GpioCtrlRegs                                                    
1     00006fc0  _GpioDataRegs                                                    
1     00006fe0  _GpioIntRegs                                                     
1     00007010  _SysCtrlRegs                                                     
1     00007040  _SpiaRegs                                                        
1     00007050  _SciaRegs                                                        
1     00007060  _NmiIntruptRegs                                                  
1     00007070  _XIntruptRegs                                                    
1     00007100  _AdcRegs                                                         
1     00007900  _I2caRegs                                                        
1     00008000  _xdc_runtime_Error_Module__state__V                              
1     00008002  _ti_sysbios_knl_Task_Module_State_0_idleTask__A                  
1     00008004  ___xdc__init__addr                                               
1     00008006  _xdc_runtime_HeapStd_Module__state__V                            
1     00008008  _xdc_runtime_Memory_Module__state__V                             
1     0000800a  _ti_sysbios_gates_GateHwi_Object__table__V                       
1     0000800c  _xdc_runtime_LoggerBuf_Module__state__V                          
1     00008010  _xdc_runtime_Text_Module__state__V                               
1     00008014  _ti_sysbios_knl_Swi_Module__root__V                              
1     00008018  _ti_sysbios_family_c28_Hwi_Module__root__V                       
1     0000801c  _ti_sysbios_family_c28_Timer_Module__root__V                     
1     00008020  _xdc_runtime_HeapStd_Module__root__V                             
1     00008024  _xdc_runtime_LoggerBuf_Module__root__V                           
1     00008028  _ti_sysbios_gates_GateMutex_Module__root__V                      
1     0000802c  _ti_sysbios_knl_Queue_Module__root__V                            
1     00008030  _ti_sysbios_family_c28_TimestampProvider_Module__state__V        
1     00008034  _xdc_runtime_Registry_Module__state__V                           
1     00008038  _ti_sysbios_hal_Hwi_Module__root__V                              
1     0000803c  _ti_sysbios_gates_GateHwi_Module__root__V                        
1     00008040  _ti_sysbios_hal_Timer_Module__root__V                            
1     00008044  _ti_sysbios_hal_Timer_Object__table__V                           
1     00008048  _xdc_runtime_System_Module__state__V                             
1     0000804c  _xdc_runtime_SysMin_Module__state__V                             
1     00008050  _xdc_runtime_Startup_Module__state__V                            
1     00008054  _ti_sysbios_knl_Task_Module__root__V                             
1     00008058  _ti_sysbios_knl_Semaphore_Module__root__V                        
1     0000805c  _ti_sysbios_knl_Clock_Module__root__V                            
1     00008060  _xdc_runtime_HeapStd_Object__table__V                            
1     00008066  _ti_sysbios_family_c28_Timer_Module__state__V                    
1     0000806e  _xdc_runtime_System_Module_State_0_atexitHandlers__A             
1     00008076  _ti_sysbios_knl_Semaphore_Object__table__V                       
1     00008080  _ti_sysbios_hal_Hwi_Object__table__V                             
1     0000808c  _ti_sysbios_knl_Swi_Module__state__V                             
1     00008098  _ti_sysbios_gates_GateMutex_Object__table__V                     
1     000080a6  _ti_sysbios_family_c28_Hwi_Module__state__V                      
1     000080c0  _ti_sysbios_BIOS_Module__state__V                                
1     000080d2  _ti_sysbios_knl_Swi_Object__table__V                             
1     000080e6  _ti_sysbios_knl_Clock_Module__state__V                           
1     00008100  _ti_sysbios_knl_Task_Module__state__V                            
1     00008140  _ti_sysbios_knl_Task_Module_State_0_readyQ__A                    
1     00008180  _ti_sysbios_knl_Swi_Module_State_0_readyQ__A                     
1     000081c0  _ti_sysbios_family_c28_Timer_Object__table__V                    
1     00008240  _ti_sysbios_family_c28_Hwi_Object__table__V                      
1     000082c0  _ti_sysbios_knl_Task_Object__table__V                            
1     00008304  _TSK_idle                                                        
1     00008340  _ti_sysbios_family_c28_Hwi_Module_State_0_dispatchTable__A       
1     00008440  _xdc_runtime_SysMin_Module_State_0_outbuf__A                     
1     00008640  _ti_sysbios_knl_Task_Instance_State_2_stack__A                   
1     00008740  _ti_sysbios_knl_Task_Instance_State_1_stack__A                   
1     00008840  _ti_sysbios_knl_Task_Instance_State_0_stack__A                   
1     00008940  _ParametersTable                                                 
1     0000897c  ___TI_cleanup_ptr                                                
1     0000897e  ___TI_dtors_ptr                                                  
1     00008980  _UartRxLen                                                       
1     00008981  _UartBuffer                                                      
1     000089b4  _svgen_dq                                                        
1     000089c0  _MaxTimerValue                                                   
1     000089c1  _NominalVoltage                                                  
1     000089c2  _Fout                                                            
1     000089c4  _Fpwm                                                            
1     000089c6  _Ta                                                              
1     000089ca  _deltaPhase                                                      
1     000089ce  _Tb                                                              
1     000089d2  _Tc                                                              
1     000089d6  _pwma                                                            
1     000089da  _pwm                                                             
1     000089e4  _CpuTimer1                                                       
1     000089ec  _CpuTimer2                                                       
1     000089f4  _CpuTimer0                                                       
1     000089fc  __lock                                                           
1     000089fe  __unlock                                                         
1     00008a00  _system                                                          
1     00008a40  __CIOBUF_                                                        
1     003d7fff  _PartIdRegs                                                      
1     003f7ff8  _CsmPwl                                                          
abs   00000001  _xdc_runtime_Startup__EXECFXN__C                                 
abs   00000001  _xdc_runtime_Startup__RESETFXN__C                                
abs   00000004  _RamfuncsLoadSize                                                
abs   00000100  __STACK_SIZE                                                     
abs   ffffffff  ___binit__                                                       
abs   ffffffff  ___c_args__                                                      
abs   ffffffff  ___pinit__                                                       
abs   ffffffff  binit                                                            
abs   ffffffff  pinit                                                            

[690 symbols]
