<?xml version="1.0"?>
<link_info>
   <banner>TMS320C2000 Linker PC v6.4.6</banner>
   <copyright>Copyright (c) 1996-2015 Texas Instruments Incorporated</copyright>
   <link_time>0x56065b78</link_time>
   <link_errors>0x0</link_errors>
   <output_file>tms320_ti_rtos.out</output_file>
   <entry_point>
      <name>_c_int00</name>
      <address>0x3f23ed</address>
   </entry_point>
   <input_file_list>
      <input_file id="fl-2">
         <path>.\</path>
         <kind>object</kind>
         <file>Uart.obj</file>
         <name>Uart.obj</name>
      </input_file>
      <input_file id="fl-3">
         <path>.\</path>
         <kind>object</kind>
         <file>adc.obj</file>
         <name>adc.obj</name>
      </input_file>
      <input_file id="fl-4">
         <path>.\</path>
         <kind>object</kind>
         <file>crc16.obj</file>
         <name>crc16.obj</name>
      </input_file>
      <input_file id="fl-5">
         <path>.\</path>
         <kind>object</kind>
         <file>drv8301.obj</file>
         <name>drv8301.obj</name>
      </input_file>
      <input_file id="fl-6">
         <path>.\</path>
         <kind>object</kind>
         <file>fails_control.obj</file>
         <name>fails_control.obj</name>
      </input_file>
      <input_file id="fl-7">
         <path>.\</path>
         <kind>object</kind>
         <file>main.obj</file>
         <name>main.obj</name>
      </input_file>
      <input_file id="fl-8">
         <path>.\</path>
         <kind>object</kind>
         <file>modbus_slave.obj</file>
         <name>modbus_slave.obj</name>
      </input_file>
      <input_file id="fl-9">
         <path>.\</path>
         <kind>object</kind>
         <file>pwm.obj</file>
         <name>pwm.obj</name>
      </input_file>
      <input_file id="fl-a">
         <path>.\</path>
         <kind>object</kind>
         <file>scalar.obj</file>
         <name>scalar.obj</name>
      </input_file>
      <input_file id="fl-b">
         <path>.\</path>
         <kind>object</kind>
         <file>svgen_dq.obj</file>
         <name>svgen_dq.obj</name>
      </input_file>
      <input_file id="fl-c">
         <path>.\</path>
         <kind>object</kind>
         <file>system.obj</file>
         <name>system.obj</name>
      </input_file>
      <input_file id="fl-d">
         <path>.\DSP2802x\src\</path>
         <kind>object</kind>
         <file>DSP2802x_Adc.obj</file>
         <name>DSP2802x_Adc.obj</name>
      </input_file>
      <input_file id="fl-e">
         <path>.\DSP2802x\src\</path>
         <kind>object</kind>
         <file>DSP2802x_GlobalVariableDefs.obj</file>
         <name>DSP2802x_GlobalVariableDefs.obj</name>
      </input_file>
      <input_file id="fl-f">
         <path>.\DSP2802x\src\</path>
         <kind>object</kind>
         <file>DSP2802x_MemCopy.obj</file>
         <name>DSP2802x_MemCopy.obj</name>
      </input_file>
      <input_file id="fl-10">
         <path>.\DSP2802x\src\</path>
         <kind>object</kind>
         <file>DSP2802x_PieCtrl.obj</file>
         <name>DSP2802x_PieCtrl.obj</name>
      </input_file>
      <input_file id="fl-11">
         <path>.\DSP2802x\src\</path>
         <kind>object</kind>
         <file>DSP2802x_SysCtrl.obj</file>
         <name>DSP2802x_SysCtrl.obj</name>
      </input_file>
      <input_file id="fl-12">
         <path>.\DSP2802x\src\</path>
         <kind>object</kind>
         <file>DSP2802x_usDelay.obj</file>
         <name>DSP2802x_usDelay.obj</name>
      </input_file>
      <input_file id="fl-13">
         <path>.\DSP2802x\inc\</path>
         <kind>object</kind>
         <file>DSP2802x_CpuTimers.obj</file>
         <name>DSP2802x_CpuTimers.obj</name>
      </input_file>
      <input_file id="fl-18">
         <path>C:\Documents and Settings\salnikov\workspace_v6_1\tms320_ti_rtos\Debug\configPkg\package\cfg\</path>
         <kind>object</kind>
         <file>app_p28L.o28L</file>
         <name>app_p28L.o28L</name>
      </input_file>
      <input_file id="fl-21">
         <path>..\iqmath\lib\</path>
         <kind>archive</kind>
         <file>IQmath.lib</file>
         <name>IQ24cosPU.obj</name>
      </input_file>
      <input_file id="fl-22">
         <path>..\iqmath\lib\</path>
         <kind>archive</kind>
         <file>IQmath.lib</file>
         <name>IQ24div.obj</name>
      </input_file>
      <input_file id="fl-23">
         <path>..\iqmath\lib\</path>
         <kind>archive</kind>
         <file>IQmath.lib</file>
         <name>IQ24sinPU.obj</name>
      </input_file>
      <input_file id="fl-24">
         <path>..\iqmath\lib\</path>
         <kind>archive</kind>
         <file>IQmath.lib</file>
         <name>IQmathTables.obj</name>
      </input_file>
      <input_file id="fl-25">
         <path>C:\Documents and Settings\salnikov\workspace_v6_1\tms320_ti_rtos\src\sysbios\</path>
         <kind>archive</kind>
         <file>sysbios.a28L</file>
         <name>BIOS.obj</name>
      </input_file>
      <input_file id="fl-26">
         <path>C:\Documents and Settings\salnikov\workspace_v6_1\tms320_ti_rtos\src\sysbios\</path>
         <kind>archive</kind>
         <file>sysbios.a28L</file>
         <name>c28_Hwi_asm.obj</name>
      </input_file>
      <input_file id="fl-27">
         <path>C:\Documents and Settings\salnikov\workspace_v6_1\tms320_ti_rtos\src\sysbios\</path>
         <kind>archive</kind>
         <file>sysbios.a28L</file>
         <name>c28_Hwi_disp.obj</name>
      </input_file>
      <input_file id="fl-28">
         <path>C:\Documents and Settings\salnikov\workspace_v6_1\tms320_ti_rtos\src\sysbios\</path>
         <kind>archive</kind>
         <file>sysbios.a28L</file>
         <name>c28_IntrinsicsSupport_asm.obj</name>
      </input_file>
      <input_file id="fl-29">
         <path>C:\Documents and Settings\salnikov\workspace_v6_1\tms320_ti_rtos\src\sysbios\</path>
         <kind>archive</kind>
         <file>sysbios.a28L</file>
         <name>c28_TaskSupport_asm.obj</name>
      </input_file>
      <input_file id="fl-2a">
         <path>C:\ti\tirtos_c2000_2_10_01_38\products\bios_6_41_00_26\packages\ti\catalog\c2800\init\lib\</path>
         <kind>archive</kind>
         <file>Boot.a28L</file>
         <name>Boot.o28L</name>
      </input_file>
      <input_file id="fl-2b">
         <path>C:\ti\tirtos_c2000_2_10_01_38\products\bios_6_41_00_26\packages\ti\catalog\c2800\init\lib\</path>
         <kind>archive</kind>
         <file>Boot.a28L</file>
         <name>Boot_asm.o28L</name>
      </input_file>
      <input_file id="fl-2c">
         <path>C:\ti\tirtos_c2000_2_10_01_38\products\bios_6_41_00_26\packages\ti\targets\rts2800\lib\</path>
         <kind>archive</kind>
         <file>ti.targets.rts2800.a28L</file>
         <name>Assert.o28L</name>
      </input_file>
      <input_file id="fl-2d">
         <path>C:\ti\tirtos_c2000_2_10_01_38\products\bios_6_41_00_26\packages\ti\targets\rts2800\lib\</path>
         <kind>archive</kind>
         <file>ti.targets.rts2800.a28L</file>
         <name>Core-mem.o28L</name>
      </input_file>
      <input_file id="fl-2e">
         <path>C:\ti\tirtos_c2000_2_10_01_38\products\bios_6_41_00_26\packages\ti\targets\rts2800\lib\</path>
         <kind>archive</kind>
         <file>ti.targets.rts2800.a28L</file>
         <name>Core-smem.o28L</name>
      </input_file>
      <input_file id="fl-2f">
         <path>C:\ti\tirtos_c2000_2_10_01_38\products\bios_6_41_00_26\packages\ti\targets\rts2800\lib\</path>
         <kind>archive</kind>
         <file>ti.targets.rts2800.a28L</file>
         <name>Core-label.o28L</name>
      </input_file>
      <input_file id="fl-30">
         <path>C:\ti\tirtos_c2000_2_10_01_38\products\bios_6_41_00_26\packages\ti\targets\rts2800\lib\</path>
         <kind>archive</kind>
         <file>ti.targets.rts2800.a28L</file>
         <name>Core-params.o28L</name>
      </input_file>
      <input_file id="fl-31">
         <path>C:\ti\tirtos_c2000_2_10_01_38\products\bios_6_41_00_26\packages\ti\targets\rts2800\lib\</path>
         <kind>archive</kind>
         <file>ti.targets.rts2800.a28L</file>
         <name>Error.o28L</name>
      </input_file>
      <input_file id="fl-32">
         <path>C:\ti\tirtos_c2000_2_10_01_38\products\bios_6_41_00_26\packages\ti\targets\rts2800\lib\</path>
         <kind>archive</kind>
         <file>ti.targets.rts2800.a28L</file>
         <name>Gate.o28L</name>
      </input_file>
      <input_file id="fl-33">
         <path>C:\ti\tirtos_c2000_2_10_01_38\products\bios_6_41_00_26\packages\ti\targets\rts2800\lib\</path>
         <kind>archive</kind>
         <file>ti.targets.rts2800.a28L</file>
         <name>HeapStd.o28L</name>
      </input_file>
      <input_file id="fl-34">
         <path>C:\ti\tirtos_c2000_2_10_01_38\products\bios_6_41_00_26\packages\ti\targets\rts2800\lib\</path>
         <kind>archive</kind>
         <file>ti.targets.rts2800.a28L</file>
         <name>LoggerBuf.o28L</name>
      </input_file>
      <input_file id="fl-35">
         <path>C:\ti\tirtos_c2000_2_10_01_38\products\bios_6_41_00_26\packages\ti\targets\rts2800\lib\</path>
         <kind>archive</kind>
         <file>ti.targets.rts2800.a28L</file>
         <name>Memory.o28L</name>
      </input_file>
      <input_file id="fl-36">
         <path>C:\ti\tirtos_c2000_2_10_01_38\products\bios_6_41_00_26\packages\ti\targets\rts2800\lib\</path>
         <kind>archive</kind>
         <file>ti.targets.rts2800.a28L</file>
         <name>Startup.o28L</name>
      </input_file>
      <input_file id="fl-37">
         <path>C:\ti\tirtos_c2000_2_10_01_38\products\bios_6_41_00_26\packages\ti\targets\rts2800\lib\</path>
         <kind>archive</kind>
         <file>ti.targets.rts2800.a28L</file>
         <name>System.o28L</name>
      </input_file>
      <input_file id="fl-38">
         <path>C:\ti\tirtos_c2000_2_10_01_38\products\bios_6_41_00_26\packages\ti\targets\rts2800\lib\</path>
         <kind>archive</kind>
         <file>ti.targets.rts2800.a28L</file>
         <name>SysMin.o28L</name>
      </input_file>
      <input_file id="fl-39">
         <path>C:\ti\tirtos_c2000_2_10_01_38\products\bios_6_41_00_26\packages\ti\targets\rts2800\lib\</path>
         <kind>archive</kind>
         <file>ti.targets.rts2800.a28L</file>
         <name>Text.o28L</name>
      </input_file>
      <input_file id="fl-3a">
         <path>C:\ti\tirtos_c2000_2_10_01_38\products\bios_6_41_00_26\packages\ti\targets\rts2800\lib\</path>
         <kind>archive</kind>
         <file>ti.targets.rts2800.a28L</file>
         <name>xdc_noinit.o28L</name>
      </input_file>
      <input_file id="fl-3b">
         <path>C:\ti\tirtos_c2000_2_10_01_38\products\bios_6_41_00_26\packages\ti\targets\rts2800\lib\</path>
         <kind>archive</kind>
         <file>ti.targets.rts2800.a28L</file>
         <name>Log.o28L</name>
      </input_file>
      <input_file id="fl-3c">
         <path>C:\ti\tirtos_c2000_2_10_01_38\products\bios_6_41_00_26\packages\ti\targets\rts2800\lib\</path>
         <kind>archive</kind>
         <file>ti.targets.rts2800.a28L</file>
         <name>Registry.o28L</name>
      </input_file>
      <input_file id="fl-3d">
         <path>C:\ti\tirtos_c2000_2_10_01_38\products\bios_6_41_00_26\packages\ti\targets\rts2800\lib\</path>
         <kind>archive</kind>
         <file>boot.a28L</file>
         <name>boot_cg.o28L</name>
      </input_file>
      <input_file id="fl-43">
         <path>C:\ti\ccsv6\tools\compiler\ti-cgt-c2000_6.4.6\lib\</path>
         <kind>archive</kind>
         <file>rts2800_ml.lib</file>
         <name>_lock.obj</name>
      </input_file>
      <input_file id="fl-44">
         <path>C:\ti\ccsv6\tools\compiler\ti-cgt-c2000_6.4.6\lib\</path>
         <kind>archive</kind>
         <file>rts2800_ml.lib</file>
         <name>args_main.obj</name>
      </input_file>
      <input_file id="fl-45">
         <path>C:\ti\ccsv6\tools\compiler\ti-cgt-c2000_6.4.6\lib\</path>
         <kind>archive</kind>
         <file>rts2800_ml.lib</file>
         <name>cpy_tbl.obj</name>
      </input_file>
      <input_file id="fl-46">
         <path>C:\ti\ccsv6\tools\compiler\ti-cgt-c2000_6.4.6\lib\</path>
         <kind>archive</kind>
         <file>rts2800_ml.lib</file>
         <name>cpy_utils.obj</name>
      </input_file>
      <input_file id="fl-47">
         <path>C:\ti\ccsv6\tools\compiler\ti-cgt-c2000_6.4.6\lib\</path>
         <kind>archive</kind>
         <file>rts2800_ml.lib</file>
         <name>exit.obj</name>
      </input_file>
      <input_file id="fl-48">
         <path>C:\ti\ccsv6\tools\compiler\ti-cgt-c2000_6.4.6\lib\</path>
         <kind>archive</kind>
         <file>rts2800_ml.lib</file>
         <name>fd_mpy.obj</name>
      </input_file>
      <input_file id="fl-49">
         <path>C:\ti\ccsv6\tools\compiler\ti-cgt-c2000_6.4.6\lib\</path>
         <kind>archive</kind>
         <file>rts2800_ml.lib</file>
         <name>fd_tol.obj</name>
      </input_file>
      <input_file id="fl-4a">
         <path>C:\ti\ccsv6\tools\compiler\ti-cgt-c2000_6.4.6\lib\</path>
         <kind>archive</kind>
         <file>rts2800_ml.lib</file>
         <name>fs_mpy.obj</name>
      </input_file>
      <input_file id="fl-4b">
         <path>C:\ti\ccsv6\tools\compiler\ti-cgt-c2000_6.4.6\lib\</path>
         <kind>archive</kind>
         <file>rts2800_ml.lib</file>
         <name>fs_tol.obj</name>
      </input_file>
      <input_file id="fl-4c">
         <path>C:\ti\ccsv6\tools\compiler\ti-cgt-c2000_6.4.6\lib\</path>
         <kind>archive</kind>
         <file>rts2800_ml.lib</file>
         <name>l_div.obj</name>
      </input_file>
      <input_file id="fl-4d">
         <path>C:\ti\ccsv6\tools\compiler\ti-cgt-c2000_6.4.6\lib\</path>
         <kind>archive</kind>
         <file>rts2800_ml.lib</file>
         <name>ll_div.obj</name>
      </input_file>
      <input_file id="fl-4e">
         <path>C:\ti\ccsv6\tools\compiler\ti-cgt-c2000_6.4.6\lib\</path>
         <kind>archive</kind>
         <file>rts2800_ml.lib</file>
         <name>memcpy.obj</name>
      </input_file>
      <input_file id="fl-4f">
         <path>C:\ti\ccsv6\tools\compiler\ti-cgt-c2000_6.4.6\lib\</path>
         <kind>archive</kind>
         <file>rts2800_ml.lib</file>
         <name>memset.obj</name>
      </input_file>
      <input_file id="fl-50">
         <path>C:\ti\ccsv6\tools\compiler\ti-cgt-c2000_6.4.6\lib\</path>
         <kind>archive</kind>
         <file>rts2800_ml.lib</file>
         <name>sqrt.obj</name>
      </input_file>
      <input_file id="fl-51">
         <path>C:\ti\ccsv6\tools\compiler\ti-cgt-c2000_6.4.6\lib\</path>
         <kind>archive</kind>
         <file>rts2800_ml.lib</file>
         <name>strcmp.obj</name>
      </input_file>
      <input_file id="fl-52">
         <path>C:\ti\ccsv6\tools\compiler\ti-cgt-c2000_6.4.6\lib\</path>
         <kind>archive</kind>
         <file>rts2800_ml.lib</file>
         <name>strlen.obj</name>
      </input_file>
      <input_file id="fl-53">
         <path>C:\ti\ccsv6\tools\compiler\ti-cgt-c2000_6.4.6\lib\</path>
         <kind>archive</kind>
         <file>rts2800_ml.lib</file>
         <name>trgdrv.obj</name>
      </input_file>
      <input_file id="fl-54">
         <path>C:\ti\ccsv6\tools\compiler\ti-cgt-c2000_6.4.6\lib\</path>
         <kind>archive</kind>
         <file>rts2800_ml.lib</file>
         <name>u_tofd.obj</name>
      </input_file>
      <input_file id="fl-55">
         <path>C:\ti\ccsv6\tools\compiler\ti-cgt-c2000_6.4.6\lib\</path>
         <kind>archive</kind>
         <file>rts2800_ml.lib</file>
         <name>ankmsg.obj</name>
      </input_file>
      <input_file id="fl-56">
         <path>C:\ti\ccsv6\tools\compiler\ti-cgt-c2000_6.4.6\lib\</path>
         <kind>archive</kind>
         <file>rts2800_ml.lib</file>
         <name>errno.obj</name>
      </input_file>
      <input_file id="fl-57">
         <path>C:\ti\ccsv6\tools\compiler\ti-cgt-c2000_6.4.6\lib\</path>
         <kind>archive</kind>
         <file>rts2800_ml.lib</file>
         <name>fs_add.obj</name>
      </input_file>
      <input_file id="fl-58">
         <path>C:\ti\ccsv6\tools\compiler\ti-cgt-c2000_6.4.6\lib\</path>
         <kind>archive</kind>
         <file>rts2800_ml.lib</file>
         <name>fs_cmp.obj</name>
      </input_file>
      <input_file id="fl-59">
         <path>C:\ti\ccsv6\tools\compiler\ti-cgt-c2000_6.4.6\lib\</path>
         <kind>archive</kind>
         <file>rts2800_ml.lib</file>
         <name>ldexp.obj</name>
      </input_file>
      <input_file id="fl-5a">
         <path>C:\ti\ccsv6\tools\compiler\ti-cgt-c2000_6.4.6\lib\</path>
         <kind>archive</kind>
         <file>rts2800_ml.lib</file>
         <name>strcpy.obj</name>
      </input_file>
   </input_file_list>
   <object_component_list>
      <object_component id="oc-9f">
         <name>PieVectTableFile</name>
         <uninitialized>true</uninitialized>
         <run_address>0xd00</run_address>
         <size>0x100</size>
         <input_file_ref idref="fl-e"/>
      </object_component>
      <object_component id="oc-7f">
         <name>EmuKeyVar</name>
         <uninitialized>true</uninitialized>
         <run_address>0xd00</run_address>
         <size>0x1</size>
         <input_file_ref idref="fl-e"/>
      </object_component>
      <object_component id="oc-81">
         <name>EmuBModeVar</name>
         <uninitialized>true</uninitialized>
         <run_address>0xd01</run_address>
         <size>0x1</size>
         <input_file_ref idref="fl-e"/>
      </object_component>
      <object_component id="oc-83">
         <name>FlashCallbackVar</name>
         <uninitialized>true</uninitialized>
         <run_address>0xd02</run_address>
         <size>0x2</size>
         <input_file_ref idref="fl-e"/>
      </object_component>
      <object_component id="oc-82">
         <name>FlashScalingVar</name>
         <uninitialized>true</uninitialized>
         <run_address>0xd04</run_address>
         <size>0x2</size>
         <input_file_ref idref="fl-e"/>
      </object_component>
      <object_component id="oc-85">
         <name>DevEmuRegsFile</name>
         <uninitialized>true</uninitialized>
         <run_address>0x880</run_address>
         <size>0x4</size>
         <input_file_ref idref="fl-e"/>
      </object_component>
      <object_component id="oc-84">
         <name>SysPwrCtrlRegsFile</name>
         <uninitialized>true</uninitialized>
         <run_address>0x985</run_address>
         <size>0x3</size>
         <input_file_ref idref="fl-e"/>
      </object_component>
      <object_component id="oc-86">
         <name>FlashRegsFile</name>
         <uninitialized>true</uninitialized>
         <run_address>0xa80</run_address>
         <size>0x8</size>
         <input_file_ref idref="fl-e"/>
      </object_component>
      <object_component id="oc-8f">
         <name>CsmRegsFile</name>
         <uninitialized>true</uninitialized>
         <run_address>0xae0</run_address>
         <size>0x10</size>
         <input_file_ref idref="fl-e"/>
      </object_component>
      <object_component id="oc-97">
         <name>AdcResultFile</name>
         <uninitialized>true</uninitialized>
         <run_address>0xb00</run_address>
         <size>0x20</size>
         <input_file_ref idref="fl-e"/>
      </object_component>
      <object_component id="oc-87">
         <name>CpuTimer0RegsFile</name>
         <uninitialized>true</uninitialized>
         <run_address>0xc00</run_address>
         <size>0x8</size>
         <input_file_ref idref="fl-e"/>
      </object_component>
      <object_component id="oc-88">
         <name>CpuTimer1RegsFile</name>
         <uninitialized>true</uninitialized>
         <run_address>0xc08</run_address>
         <size>0x8</size>
         <input_file_ref idref="fl-e"/>
      </object_component>
      <object_component id="oc-89">
         <name>CpuTimer2RegsFile</name>
         <uninitialized>true</uninitialized>
         <run_address>0xc10</run_address>
         <size>0x8</size>
         <input_file_ref idref="fl-e"/>
      </object_component>
      <object_component id="oc-93">
         <name>PieCtrlRegsFile</name>
         <uninitialized>true</uninitialized>
         <run_address>0xce0</run_address>
         <size>0x1a</size>
         <input_file_ref idref="fl-e"/>
      </object_component>
      <object_component id="oc-96">
         <name>ECap1RegsFile</name>
         <uninitialized>true</uninitialized>
         <run_address>0x6a00</run_address>
         <size>0x20</size>
         <input_file_ref idref="fl-e"/>
      </object_component>
      <object_component id="oc-9d">
         <name>GpioCtrlRegsFile</name>
         <uninitialized>true</uninitialized>
         <run_address>0x6f80</run_address>
         <size>0x40</size>
         <input_file_ref idref="fl-e"/>
      </object_component>
      <object_component id="oc-95">
         <name>GpioDataRegsFile</name>
         <uninitialized>true</uninitialized>
         <run_address>0x6fc0</run_address>
         <size>0x20</size>
         <input_file_ref idref="fl-e"/>
      </object_component>
      <object_component id="oc-8b">
         <name>GpioIntRegsFile</name>
         <uninitialized>true</uninitialized>
         <run_address>0x6fe0</run_address>
         <size>0xa</size>
         <input_file_ref idref="fl-e"/>
      </object_component>
      <object_component id="oc-94">
         <name>SysCtrlRegsFile</name>
         <uninitialized>true</uninitialized>
         <run_address>0x7010</run_address>
         <size>0x1f</size>
         <input_file_ref idref="fl-e"/>
      </object_component>
      <object_component id="oc-8c">
         <name>SpiaRegsFile</name>
         <uninitialized>true</uninitialized>
         <run_address>0x7040</run_address>
         <size>0x10</size>
         <input_file_ref idref="fl-e"/>
      </object_component>
      <object_component id="oc-8d">
         <name>SciaRegsFile</name>
         <uninitialized>true</uninitialized>
         <run_address>0x7050</run_address>
         <size>0x10</size>
         <input_file_ref idref="fl-e"/>
      </object_component>
      <object_component id="oc-8e">
         <name>NmiIntruptRegsFile</name>
         <uninitialized>true</uninitialized>
         <run_address>0x7060</run_address>
         <size>0x10</size>
         <input_file_ref idref="fl-e"/>
      </object_component>
      <object_component id="oc-90">
         <name>XIntruptRegsFile</name>
         <uninitialized>true</uninitialized>
         <run_address>0x7070</run_address>
         <size>0x10</size>
         <input_file_ref idref="fl-e"/>
      </object_component>
      <object_component id="oc-9e">
         <name>AdcRegsFile</name>
         <uninitialized>true</uninitialized>
         <run_address>0x7100</run_address>
         <size>0x50</size>
         <input_file_ref idref="fl-e"/>
      </object_component>
      <object_component id="oc-98">
         <name>I2caRegsFile</name>
         <uninitialized>true</uninitialized>
         <run_address>0x7900</run_address>
         <size>0x22</size>
         <input_file_ref idref="fl-e"/>
      </object_component>
      <object_component id="oc-92">
         <name>Comp1RegsFile</name>
         <uninitialized>true</uninitialized>
         <run_address>0x6400</run_address>
         <size>0x11</size>
         <input_file_ref idref="fl-e"/>
      </object_component>
      <object_component id="oc-91">
         <name>Comp2RegsFile</name>
         <uninitialized>true</uninitialized>
         <run_address>0x6420</run_address>
         <size>0x11</size>
         <input_file_ref idref="fl-e"/>
      </object_component>
      <object_component id="oc-9c">
         <name>EPwm1RegsFile</name>
         <uninitialized>true</uninitialized>
         <run_address>0x6800</run_address>
         <size>0x3a</size>
         <input_file_ref idref="fl-e"/>
      </object_component>
      <object_component id="oc-9a">
         <name>EPwm2RegsFile</name>
         <uninitialized>true</uninitialized>
         <run_address>0x6840</run_address>
         <size>0x3a</size>
         <input_file_ref idref="fl-e"/>
      </object_component>
      <object_component id="oc-99">
         <name>EPwm3RegsFile</name>
         <uninitialized>true</uninitialized>
         <run_address>0x6880</run_address>
         <size>0x3a</size>
         <input_file_ref idref="fl-e"/>
      </object_component>
      <object_component id="oc-9b">
         <name>EPwm4RegsFile</name>
         <uninitialized>true</uninitialized>
         <run_address>0x68c0</run_address>
         <size>0x3a</size>
         <input_file_ref idref="fl-e"/>
      </object_component>
      <object_component id="oc-8a">
         <name>CsmPwlFile</name>
         <uninitialized>true</uninitialized>
         <run_address>0x3f7ff8</run_address>
         <size>0x8</size>
         <input_file_ref idref="fl-e"/>
      </object_component>
      <object_component id="oc-80">
         <name>PartIdRegsFile</name>
         <uninitialized>true</uninitialized>
         <run_address>0x3d7fff</run_address>
         <size>0x1</size>
         <input_file_ref idref="fl-e"/>
      </object_component>
      <object_component id="oc-bc">
         <name>.cinit</name>
         <load_address>0x3f4ec9</load_address>
         <run_address>0x3f4ec9</run_address>
         <size>0x42b</size>
         <input_file_ref idref="fl-18"/>
      </object_component>
      <object_component id="oc-68">
         <name>.cinit</name>
         <load_address>0x3f52f4</load_address>
         <run_address>0x3f52f4</run_address>
         <size>0x14</size>
         <input_file_ref idref="fl-a"/>
      </object_component>
      <object_component id="oc-14a">
         <name>.cinit</name>
         <load_address>0x3f5308</load_address>
         <run_address>0x3f5308</run_address>
         <size>0xa</size>
         <input_file_ref idref="fl-47"/>
      </object_component>
      <object_component id="oc-236">
         <name>.cinit:__lock</name>
         <load_address>0x3f5312</load_address>
         <run_address>0x3f5312</run_address>
         <size>0x5</size>
         <input_file_ref idref="fl-43"/>
      </object_component>
      <object_component id="oc-235">
         <name>.cinit:__unlock</name>
         <load_address>0x3f5317</load_address>
         <run_address>0x3f5317</run_address>
         <size>0x5</size>
         <input_file_ref idref="fl-43"/>
      </object_component>
      <object_component id="oc-3b">
         <name>.cinit</name>
         <load_address>0x3f531c</load_address>
         <run_address>0x3f531c</run_address>
         <size>0x4</size>
         <input_file_ref idref="fl-2"/>
      </object_component>
      <object_component id="oc-61">
         <name>.cinit</name>
         <load_address>0x3f5320</load_address>
         <run_address>0x3f5320</run_address>
         <size>0x4</size>
         <input_file_ref idref="fl-9"/>
      </object_component>
      <object_component id="oc-199">
         <name>.cinit</name>
         <load_address>0x3f5324</load_address>
         <run_address>0x3f5324</run_address>
         <size>0x4</size>
         <input_file_ref idref="fl-56"/>
      </object_component>
      <object_component id="oc-1c3">
         <name>.text</name>
         <load_address>0x3f0000</load_address>
         <run_address>0x3f0000</run_address>
         <size>0x26d</size>
         <input_file_ref idref="fl-3"/>
      </object_component>
      <object_component id="oc-333">
         <name>.text:_xdc_runtime_System_doPrint__I</name>
         <load_address>0x3f026d</load_address>
         <run_address>0x3f026d</run_address>
         <size>0x21d</size>
         <input_file_ref idref="fl-37"/>
      </object_component>
      <object_component id="oc-203">
         <name>.text</name>
         <load_address>0x3f048a</load_address>
         <run_address>0x3f048a</run_address>
         <size>0x207</size>
         <input_file_ref idref="fl-d"/>
      </object_component>
      <object_component id="oc-317">
         <name>.text</name>
         <load_address>0x3f0691</load_address>
         <run_address>0x3f0691</run_address>
         <size>0x1f7</size>
         <input_file_ref idref="fl-53"/>
      </object_component>
      <object_component id="oc-20a">
         <name>.text:_ti_sysbios_knl_Semaphore_pend__E</name>
         <load_address>0x3f0888</load_address>
         <run_address>0x3f0888</run_address>
         <size>0x1e1</size>
         <input_file_ref idref="fl-25"/>
      </object_component>
      <object_component id="oc-1c2">
         <name>.text</name>
         <load_address>0x3f0a69</load_address>
         <run_address>0x3f0a69</run_address>
         <size>0x1ac</size>
         <input_file_ref idref="fl-9"/>
      </object_component>
      <object_component id="oc-1b5">
         <name>.text</name>
         <load_address>0x3f0c15</load_address>
         <run_address>0x3f0c15</run_address>
         <size>0x18d</size>
         <input_file_ref idref="fl-b"/>
      </object_component>
      <object_component id="oc-205">
         <name>.text:_ti_sysbios_knl_Task_sleep__E</name>
         <load_address>0x3f0da2</load_address>
         <run_address>0x3f0da2</run_address>
         <size>0x138</size>
         <input_file_ref idref="fl-25"/>
      </object_component>
      <object_component id="oc-207">
         <name>.text</name>
         <load_address>0x3f0eda</load_address>
         <run_address>0x3f0eda</run_address>
         <size>0x130</size>
         <input_file_ref idref="fl-11"/>
      </object_component>
      <object_component id="oc-169">
         <name>.text</name>
         <load_address>0x3f100a</load_address>
         <run_address>0x3f100a</run_address>
         <size>0x107</size>
         <input_file_ref idref="fl-4d"/>
      </object_component>
      <object_component id="oc-1d9">
         <name>.text:_xdc_runtime_HeapStd_alloc__E</name>
         <load_address>0x3f1111</load_address>
         <run_address>0x3f1111</run_address>
         <size>0x102</size>
         <input_file_ref idref="fl-33"/>
      </object_component>
      <object_component id="oc-294">
         <name>.text:_ti_sysbios_family_c28_Hwi_clearInterrupt__E</name>
         <load_address>0x3f1213</load_address>
         <run_address>0x3f1213</run_address>
         <size>0xe9</size>
         <input_file_ref idref="fl-25"/>
      </object_component>
      <object_component id="oc-1c5">
         <name>.text</name>
         <load_address>0x3f12fc</load_address>
         <run_address>0x3f12fc</run_address>
         <size>0xe2</size>
         <input_file_ref idref="fl-5"/>
      </object_component>
      <object_component id="oc-1fa">
         <name>.text</name>
         <load_address>0x3f13de</load_address>
         <run_address>0x3f13de</run_address>
         <size>0xc8</size>
         <input_file_ref idref="fl-8"/>
      </object_component>
      <object_component id="oc-349">
         <name>.text:_ti_sysbios_family_c28_Hwi_dispatchCore__I</name>
         <load_address>0x3f14a6</load_address>
         <run_address>0x3f14a6</run_address>
         <size>0xbe</size>
         <input_file_ref idref="fl-25"/>
      </object_component>
      <object_component id="oc-202">
         <name>.text:_ti_sysbios_knl_Semaphore_post__E</name>
         <load_address>0x3f1564</load_address>
         <run_address>0x3f1564</run_address>
         <size>0xba</size>
         <input_file_ref idref="fl-25"/>
      </object_component>
      <object_component id="oc-200">
         <name>.text</name>
         <load_address>0x3f161e</load_address>
         <run_address>0x3f161e</run_address>
         <size>0xb9</size>
         <input_file_ref idref="fl-a"/>
      </object_component>
      <object_component id="oc-216">
         <name>.text:_xdc_runtime_Core_createObject__I</name>
         <load_address>0x3f16d7</load_address>
         <run_address>0x3f16d7</run_address>
         <size>0xb7</size>
         <input_file_ref idref="fl-2d"/>
      </object_component>
      <object_component id="oc-346">
         <name>.text:_xdc_runtime_System_printfExtend__I</name>
         <load_address>0x3f178e</load_address>
         <run_address>0x3f178e</run_address>
         <size>0xb6</size>
         <input_file_ref idref="fl-18"/>
      </object_component>
      <object_component id="oc-1be">
         <name>.text:_ti_sysbios_knl_Clock_workFunc__E</name>
         <load_address>0x3f1844</load_address>
         <run_address>0x3f1844</run_address>
         <size>0xab</size>
         <input_file_ref idref="fl-25"/>
      </object_component>
      <object_component id="oc-2d1">
         <name>.text:_ti_sysbios_knl_Swi_run__I</name>
         <load_address>0x3f18ef</load_address>
         <run_address>0x3f18ef</run_address>
         <size>0xa6</size>
         <input_file_ref idref="fl-25"/>
      </object_component>
      <object_component id="oc-1bf">
         <name>.text</name>
         <load_address>0x3f1995</load_address>
         <run_address>0x3f1995</run_address>
         <size>0xa2</size>
         <input_file_ref idref="fl-2"/>
      </object_component>
      <object_component id="oc-295">
         <name>.text:_ti_sysbios_family_c28_Hwi_enableInterrupt__E</name>
         <load_address>0x3f1a37</load_address>
         <run_address>0x3f1a37</run_address>
         <size>0x96</size>
         <input_file_ref idref="fl-25"/>
      </object_component>
      <object_component id="oc-32a">
         <name>.text</name>
         <load_address>0x3f1acd</load_address>
         <run_address>0x3f1acd</run_address>
         <size>0x94</size>
         <input_file_ref idref="fl-55"/>
      </object_component>
      <object_component id="oc-2bd">
         <name>.text:_xdc_runtime_Core_constructObject__I</name>
         <load_address>0x3f1b61</load_address>
         <run_address>0x3f1b61</run_address>
         <size>0x91</size>
         <input_file_ref idref="fl-2e"/>
      </object_component>
      <object_component id="oc-26e">
         <name>.text:_xdc_runtime_Error_policyDefault__E</name>
         <load_address>0x3f1bf2</load_address>
         <run_address>0x3f1bf2</run_address>
         <size>0x8c</size>
         <input_file_ref idref="fl-31"/>
      </object_component>
      <object_component id="oc-227">
         <name>.text:_xdc_runtime_HeapStd_Instance_init__E</name>
         <load_address>0x3f1c7e</load_address>
         <run_address>0x3f1c7e</run_address>
         <size>0x89</size>
         <input_file_ref idref="fl-33"/>
      </object_component>
      <object_component id="oc-335">
         <name>.text:_ti_sysbios_family_c28_Hwi_disableInterrupt__E</name>
         <load_address>0x3f1d07</load_address>
         <run_address>0x3f1d07</run_address>
         <size>0x88</size>
         <input_file_ref idref="fl-25"/>
      </object_component>
      <object_component id="oc-2c8">
         <name>.text:_ti_sysbios_family_c28_Hwi_disablePIEIER__E</name>
         <load_address>0x3f1d8f</load_address>
         <run_address>0x3f1d8f</run_address>
         <size>0x85</size>
         <input_file_ref idref="fl-25"/>
      </object_component>
      <object_component id="oc-150">
         <name>.text</name>
         <load_address>0x3f1e14</load_address>
         <run_address>0x3f1e14</run_address>
         <size>0x83</size>
         <input_file_ref idref="fl-48"/>
      </object_component>
      <object_component id="oc-31f">
         <name>.text:_ti_sysbios_family_c28_Hwi_dispatch</name>
         <load_address>0x3f1e97</load_address>
         <run_address>0x3f1e97</run_address>
         <size>0x82</size>
         <input_file_ref idref="fl-27"/>
      </object_component>
      <object_component id="oc-2c7">
         <name>.text:_ti_sysbios_family_c28_Hwi_enablePIEIER__E</name>
         <load_address>0x3f1f19</load_address>
         <run_address>0x3f1f19</run_address>
         <size>0x80</size>
         <input_file_ref idref="fl-25"/>
      </object_component>
      <object_component id="oc-19c">
         <name>.text</name>
         <load_address>0x3f1f99</load_address>
         <run_address>0x3f1f99</run_address>
         <size>0x78</size>
         <input_file_ref idref="fl-57"/>
      </object_component>
      <object_component id="oc-298">
         <name>.text:_ti_sysbios_knl_Task_checkStacks__E</name>
         <load_address>0x3f2011</load_address>
         <run_address>0x3f2011</run_address>
         <size>0x75</size>
         <input_file_ref idref="fl-25"/>
      </object_component>
      <object_component id="oc-272">
         <name>.text:_xdc_runtime_Startup_startMods__I</name>
         <load_address>0x3f2086</load_address>
         <run_address>0x3f2086</run_address>
         <size>0x75</size>
         <input_file_ref idref="fl-36"/>
      </object_component>
      <object_component id="oc-1e1">
         <name>.text:_ti_sysbios_gates_GateMutex_enter__E</name>
         <load_address>0x3f20fb</load_address>
         <run_address>0x3f20fb</run_address>
         <size>0x72</size>
         <input_file_ref idref="fl-25"/>
      </object_component>
      <object_component id="oc-23e">
         <name>.text:_ti_sysbios_knl_Task_startCore__E</name>
         <load_address>0x3f216d</load_address>
         <run_address>0x3f216d</run_address>
         <size>0x70</size>
         <input_file_ref idref="fl-25"/>
      </object_component>
      <object_component id="oc-1da">
         <name>.text:_xdc_runtime_HeapStd_free__E</name>
         <load_address>0x3f21dd</load_address>
         <run_address>0x3f21dd</run_address>
         <size>0x70</size>
         <input_file_ref idref="fl-33"/>
      </object_component>
      <object_component id="oc-2be">
         <name>.text:_ti_sysbios_knl_Semaphore_Instance_init__E</name>
         <load_address>0x3f224d</load_address>
         <run_address>0x3f224d</run_address>
         <size>0x6c</size>
         <input_file_ref idref="fl-25"/>
      </object_component>
      <object_component id="oc-2a0">
         <name>.text:_ti_sysbios_knl_Task_schedule__I</name>
         <load_address>0x3f22b9</load_address>
         <run_address>0x3f22b9</run_address>
         <size>0x6c</size>
         <input_file_ref idref="fl-25"/>
      </object_component>
      <object_component id="oc-320">
         <name>.text:_ti_sysbios_family_c28_Timer_stopAndClear__I</name>
         <load_address>0x3f2325</load_address>
         <run_address>0x3f2325</run_address>
         <size>0x66</size>
         <input_file_ref idref="fl-25"/>
      </object_component>
      <object_component id="oc-2fd">
         <name>.text:_xdc_runtime_Text_putSite__E</name>
         <load_address>0x3f238b</load_address>
         <run_address>0x3f238b</run_address>
         <size>0x62</size>
         <input_file_ref idref="fl-39"/>
      </object_component>
      <object_component id="oc-38">
         <name>.text</name>
         <load_address>0x3f23ed</load_address>
         <run_address>0x3f23ed</run_address>
         <size>0x61</size>
         <input_file_ref idref="fl-3d"/>
      </object_component>
      <object_component id="oc-263">
         <name>.text:_ti_sysbios_knl_Task_blockI__E</name>
         <load_address>0x3f244e</load_address>
         <run_address>0x3f244e</run_address>
         <size>0x60</size>
         <input_file_ref idref="fl-25"/>
      </object_component>
      <object_component id="oc-1fe">
         <name>.text:_ti_sysbios_knl_Swi_post__E</name>
         <load_address>0x3f24ae</load_address>
         <run_address>0x3f24ae</run_address>
         <size>0x5e</size>
         <input_file_ref idref="fl-25"/>
      </object_component>
      <object_component id="oc-15a">
         <name>.text</name>
         <load_address>0x3f250c</load_address>
         <run_address>0x3f250c</run_address>
         <size>0x5a</size>
         <input_file_ref idref="fl-4a"/>
      </object_component>
      <object_component id="oc-324">
         <name>.text:_ti_sysbios_knl_Task_exit__E</name>
         <load_address>0x3f2566</load_address>
         <run_address>0x3f2566</run_address>
         <size>0x57</size>
         <input_file_ref idref="fl-25"/>
      </object_component>
      <object_component id="oc-256">
         <name>.text:_ti_sysbios_knl_Task_unblockI__E</name>
         <load_address>0x3f25bd</load_address>
         <run_address>0x3f25bd</run_address>
         <size>0x51</size>
         <input_file_ref idref="fl-25"/>
      </object_component>
      <object_component id="oc-204">
         <name>.text</name>
         <load_address>0x3f260e</load_address>
         <run_address>0x3f260e</run_address>
         <size>0x51</size>
         <input_file_ref idref="fl-50"/>
      </object_component>
      <object_component id="oc-314">
         <name>.text:_ti_sysbios_knl_Task_postInit__I</name>
         <load_address>0x3f265f</load_address>
         <run_address>0x3f265f</run_address>
         <size>0x4d</size>
         <input_file_ref idref="fl-25"/>
      </object_component>
      <object_component id="oc-2ee">
         <name>.text:_ti_sysbios_family_c28_Hwi_Module_startup__E</name>
         <load_address>0x3f26ac</load_address>
         <run_address>0x3f26ac</run_address>
         <size>0x48</size>
         <input_file_ref idref="fl-25"/>
      </object_component>
      <object_component id="oc-1b1">
         <name>.text</name>
         <load_address>0x3f26f4</load_address>
         <run_address>0x3f26f4</run_address>
         <size>0x47</size>
         <input_file_ref idref="fl-45"/>
      </object_component>
      <object_component id="oc-259">
         <name>.text</name>
         <load_address>0x3f273b</load_address>
         <run_address>0x3f273b</run_address>
         <size>0x41</size>
         <input_file_ref idref="fl-59"/>
      </object_component>
      <object_component id="oc-34c">
         <name>.text:_xdc_runtime_Text_putLab__E</name>
         <load_address>0x3f277c</load_address>
         <run_address>0x3f277c</run_address>
         <size>0x40</size>
         <input_file_ref idref="fl-39"/>
      </object_component>
      <object_component id="oc-2db">
         <name>.text:_xdc_runtime_Memory_alloc__E</name>
         <load_address>0x3f27bc</load_address>
         <run_address>0x3f27bc</run_address>
         <size>0x3e</size>
         <input_file_ref idref="fl-35"/>
      </object_component>
      <object_component id="oc-338">
         <name>.text:_ti_sysbios_family_c28_TaskSupport_start__E</name>
         <load_address>0x3f27fa</load_address>
         <run_address>0x3f27fa</run_address>
         <size>0x3d</size>
         <input_file_ref idref="fl-25"/>
      </object_component>
      <object_component id="oc-218">
         <name>.text:_xdc_runtime_Core_deleteObject__I</name>
         <load_address>0x3f2837</load_address>
         <run_address>0x3f2837</run_address>
         <size>0x3d</size>
         <input_file_ref idref="fl-2d"/>
      </object_component>
      <object_component id="oc-30c">
         <name>.text:_ti_sysbios_family_c28_Timer_postInit__I</name>
         <load_address>0x3f2874</load_address>
         <run_address>0x3f2874</run_address>
         <size>0x3c</size>
         <input_file_ref idref="fl-25"/>
      </object_component>
      <object_component id="oc-33c">
         <name>.text:_xdc_runtime_System_formatNum__I</name>
         <load_address>0x3f28b0</load_address>
         <run_address>0x3f28b0</run_address>
         <size>0x3b</size>
         <input_file_ref idref="fl-37"/>
      </object_component>
      <object_component id="oc-31a">
         <name>.text:_xdc_runtime_Text_putMod__E</name>
         <load_address>0x3f28eb</load_address>
         <run_address>0x3f28eb</run_address>
         <size>0x38</size>
         <input_file_ref idref="fl-39"/>
      </object_component>
      <object_component id="oc-1dd">
         <name>.text:_xdc_runtime_HeapStd_Object__create__S</name>
         <load_address>0x3f2923</load_address>
         <run_address>0x3f2923</run_address>
         <size>0x37</size>
         <input_file_ref idref="fl-18"/>
      </object_component>
      <object_component id="oc-2ed">
         <name>.text:_ti_sysbios_family_c28_TimestampProvider_Module_startup__E</name>
         <load_address>0x3f295a</load_address>
         <run_address>0x3f295a</run_address>
         <size>0x36</size>
         <input_file_ref idref="fl-25"/>
      </object_component>
      <object_component id="oc-1fc">
         <name>.text:_ti_sysbios_knl_Clock_logTick__E</name>
         <load_address>0x3f2990</load_address>
         <run_address>0x3f2990</run_address>
         <size>0x36</size>
         <input_file_ref idref="fl-25"/>
      </object_component>
      <object_component id="oc-353">
         <name>.text:_ti_sysbios_knl_Swi_restoreHwi__E</name>
         <load_address>0x3f29c6</load_address>
         <run_address>0x3f29c6</run_address>
         <size>0x36</size>
         <input_file_ref idref="fl-25"/>
      </object_component>
      <object_component id="oc-2f2">
         <name>.text:_ti_sysbios_knl_Task_Module_startup__E</name>
         <load_address>0x3f29fc</load_address>
         <run_address>0x3f29fc</run_address>
         <size>0x33</size>
         <input_file_ref idref="fl-25"/>
      </object_component>
      <object_component id="oc-2e7">
         <name>.text:_xdc_runtime_Error_print__E</name>
         <load_address>0x3f2a2f</load_address>
         <run_address>0x3f2a2f</run_address>
         <size>0x32</size>
         <input_file_ref idref="fl-31"/>
      </object_component>
      <object_component id="oc-1b2">
         <name>.text:_xdc_runtime_Startup_exec__E</name>
         <load_address>0x3f2a61</load_address>
         <run_address>0x3f2a61</run_address>
         <size>0x31</size>
         <input_file_ref idref="fl-36"/>
      </object_component>
      <object_component id="oc-345">
         <name>.text:_xdc_runtime_Text_visitRope2__I</name>
         <load_address>0x3f2a92</load_address>
         <run_address>0x3f2a92</run_address>
         <size>0x30</size>
         <input_file_ref idref="fl-39"/>
      </object_component>
      <object_component id="oc-29d">
         <name>.text:_ti_sysbios_knl_Swi_runLoop__I</name>
         <load_address>0x3f2ac2</load_address>
         <run_address>0x3f2ac2</run_address>
         <size>0x2f</size>
         <input_file_ref idref="fl-25"/>
      </object_component>
      <object_component id="oc-24c">
         <name>.text:_ti_sysbios_knl_Swi_schedule__I</name>
         <load_address>0x3f2af1</load_address>
         <run_address>0x3f2af1</run_address>
         <size>0x2f</size>
         <input_file_ref idref="fl-25"/>
      </object_component>
      <object_component id="oc-21f">
         <name>.text:_xdc_runtime_Assert_raise__I</name>
         <load_address>0x3f2b20</load_address>
         <run_address>0x3f2b20</run_address>
         <size>0x2f</size>
         <input_file_ref idref="fl-2c"/>
      </object_component>
      <object_component id="oc-27e">
         <name>.text:_xdc_runtime_Core_assignParams__I</name>
         <load_address>0x3f2b4f</load_address>
         <run_address>0x3f2b4f</run_address>
         <size>0x2f</size>
         <input_file_ref idref="fl-30"/>
      </object_component>
      <object_component id="oc-1cb">
         <name>.text:.bootCodeSection:_ti_catalog_c2800_init_Boot_configurePll2802x</name>
         <load_address>0x3f2b7e</load_address>
         <run_address>0x3f2b7e</run_address>
         <size>0x2e</size>
         <input_file_ref idref="fl-2a"/>
      </object_component>
      <object_component id="oc-23b">
         <name>.text:_ti_sysbios_family_c28_Timer_start__E</name>
         <load_address>0x3f2bac</load_address>
         <run_address>0x3f2bac</run_address>
         <size>0x2c</size>
         <input_file_ref idref="fl-25"/>
      </object_component>
      <object_component id="oc-2a5">
         <name>.text:_xdc_runtime_Error_setX__E</name>
         <load_address>0x3f2bd8</load_address>
         <run_address>0x3f2bd8</run_address>
         <size>0x2c</size>
         <input_file_ref idref="fl-31"/>
      </object_component>
      <object_component id="oc-1ff">
         <name>.text</name>
         <load_address>0x3f2c04</load_address>
         <run_address>0x3f2c04</run_address>
         <size>0x2b</size>
         <input_file_ref idref="fl-c"/>
      </object_component>
      <object_component id="oc-2d7">
         <name>.text:_ti_sysbios_family_c28_Hwi_getStackInfo__E</name>
         <load_address>0x3f2c2f</load_address>
         <run_address>0x3f2c2f</run_address>
         <size>0x2a</size>
         <input_file_ref idref="fl-25"/>
      </object_component>
      <object_component id="oc-164">
         <name>.text</name>
         <load_address>0x3f2c59</load_address>
         <run_address>0x3f2c59</run_address>
         <size>0x2a</size>
         <input_file_ref idref="fl-4c"/>
      </object_component>
      <object_component id="oc-cb">
         <name>.text:_ti_sysbios_family_c28_Hwi_unPluggedInterrupt__I</name>
         <load_address>0x3f2c83</load_address>
         <run_address>0x3f2c83</run_address>
         <size>0x29</size>
         <input_file_ref idref="fl-25"/>
      </object_component>
      <object_component id="oc-15f">
         <name>.text</name>
         <load_address>0x3f2cac</load_address>
         <run_address>0x3f2cac</run_address>
         <size>0x29</size>
         <input_file_ref idref="fl-4b"/>
      </object_component>
      <object_component id="oc-208">
         <name>.text</name>
         <load_address>0x3f2cd5</load_address>
         <run_address>0x3f2cd5</run_address>
         <size>0x28</size>
         <input_file_ref idref="fl-10"/>
      </object_component>
      <object_component id="oc-31b">
         <name>.text:_xdc_runtime_Text_xprintf__I</name>
         <load_address>0x3f2cfd</load_address>
         <run_address>0x3f2cfd</run_address>
         <size>0x27</size>
         <input_file_ref idref="fl-39"/>
      </object_component>
      <object_component id="oc-2b6">
         <name>.text:_xdc_runtime_SysMin_flush__E</name>
         <load_address>0x3f2d24</load_address>
         <run_address>0x3f2d24</run_address>
         <size>0x26</size>
         <input_file_ref idref="fl-38"/>
      </object_component>
      <object_component id="oc-1c4">
         <name>.text</name>
         <load_address>0x3f2d4a</load_address>
         <run_address>0x3f2d4a</run_address>
         <size>0x25</size>
         <input_file_ref idref="fl-7"/>
      </object_component>
      <object_component id="oc-1cf">
         <name>.text:_xdc_runtime_System_processAtExit__E</name>
         <load_address>0x3f2d6f</load_address>
         <run_address>0x3f2d6f</run_address>
         <size>0x24</size>
         <input_file_ref idref="fl-37"/>
      </object_component>
      <object_component id="oc-322">
         <name>.text:_ti_sysbios_family_c28_Timer_setPrescale__E</name>
         <load_address>0x3f2d93</load_address>
         <run_address>0x3f2d93</run_address>
         <size>0x20</size>
         <input_file_ref idref="fl-25"/>
      </object_component>
      <object_component id="oc-296">
         <name>.text:_ti_sysbios_knl_Task_allBlockedFunction__I</name>
         <load_address>0x3f2db3</load_address>
         <run_address>0x3f2db3</run_address>
         <size>0x20</size>
         <input_file_ref idref="fl-25"/>
      </object_component>
      <object_component id="oc-1e7">
         <name>.text:_xdc_runtime_System_atexit__E</name>
         <load_address>0x3f2dd3</load_address>
         <run_address>0x3f2dd3</run_address>
         <size>0x1f</size>
         <input_file_ref idref="fl-37"/>
      </object_component>
      <object_component id="oc-155">
         <name>.text</name>
         <load_address>0x3f2df2</load_address>
         <run_address>0x3f2df2</run_address>
         <size>0x1f</size>
         <input_file_ref idref="fl-49"/>
      </object_component>
      <object_component id="oc-1d5">
         <name>.text:_ti_sysbios_gates_GateHwi_Object__create__S</name>
         <load_address>0x3f2e11</load_address>
         <run_address>0x3f2e11</run_address>
         <size>0x1e</size>
         <input_file_ref idref="fl-18"/>
      </object_component>
      <object_component id="oc-1e3">
         <name>.text:_ti_sysbios_gates_GateMutex_Object__create__S</name>
         <load_address>0x3f2e2f</load_address>
         <run_address>0x3f2e2f</run_address>
         <size>0x1e</size>
         <input_file_ref idref="fl-18"/>
      </object_component>
      <object_component id="oc-344">
         <name>.text:_ti_sysbios_family_c28_TaskSupport_buildTaskStack</name>
         <load_address>0x3f2e4d</load_address>
         <run_address>0x3f2e4d</run_address>
         <size>0x1d</size>
         <input_file_ref idref="fl-29"/>
      </object_component>
      <object_component id="oc-28e">
         <name>.text:_ti_sysbios_knl_Semaphore_construct</name>
         <load_address>0x3f2e6a</load_address>
         <run_address>0x3f2e6a</run_address>
         <size>0x1d</size>
         <input_file_ref idref="fl-18"/>
      </object_component>
      <object_component id="oc-2f5">
         <name>.text:_xdc_runtime_SysMin_output__I</name>
         <load_address>0x3f2e87</load_address>
         <run_address>0x3f2e87</run_address>
         <size>0x1d</size>
         <input_file_ref idref="fl-18"/>
      </object_component>
      <object_component id="oc-278">
         <name>.text</name>
         <load_address>0x3f2ea4</load_address>
         <run_address>0x3f2ea4</run_address>
         <size>0x1d</size>
         <input_file_ref idref="fl-4e"/>
      </object_component>
      <object_component id="oc-300">
         <name>.text:_xdc_runtime_SysMin_putch__E</name>
         <load_address>0x3f2ec1</load_address>
         <run_address>0x3f2ec1</run_address>
         <size>0x1c</size>
         <input_file_ref idref="fl-38"/>
      </object_component>
      <object_component id="oc-33e">
         <name>.text:_ti_sysbios_family_c28_Hwi_switchAndDispatch__I</name>
         <load_address>0x3f2edd</load_address>
         <run_address>0x3f2edd</run_address>
         <size>0x1b</size>
         <input_file_ref idref="fl-26"/>
      </object_component>
      <object_component id="oc-2d2">
         <name>.text:_ti_sysbios_hal_Hwi_checkStack</name>
         <load_address>0x3f2ef8</load_address>
         <run_address>0x3f2ef8</run_address>
         <size>0x1b</size>
         <input_file_ref idref="fl-25"/>
      </object_component>
      <object_component id="oc-271">
         <name>.text:_ti_sysbios_hal_Hwi_initStack</name>
         <load_address>0x3f2f13</load_address>
         <run_address>0x3f2f13</run_address>
         <size>0x1b</size>
         <input_file_ref idref="fl-25"/>
      </object_component>
      <object_component id="oc-337">
         <name>.text:_ti_sysbios_knl_Task_processVitalTaskFlag__I</name>
         <load_address>0x3f2f2e</load_address>
         <run_address>0x3f2f2e</run_address>
         <size>0x1b</size>
         <input_file_ref idref="fl-25"/>
      </object_component>
      <object_component id="oc-219">
         <name>.text:_xdc_runtime_Core_assignLabel__I</name>
         <load_address>0x3f2f49</load_address>
         <run_address>0x3f2f49</run_address>
         <size>0x1a</size>
         <input_file_ref idref="fl-2f"/>
      </object_component>
      <object_component id="oc-144">
         <name>.text</name>
         <load_address>0x3f2f63</load_address>
         <run_address>0x3f2f63</run_address>
         <size>0x1a</size>
         <input_file_ref idref="fl-46"/>
      </object_component>
      <object_component id="oc-2de">
         <name>.text:_ti_sysbios_knl_Queue_construct</name>
         <load_address>0x3f2f7d</load_address>
         <run_address>0x3f2f7d</run_address>
         <size>0x19</size>
         <input_file_ref idref="fl-18"/>
      </object_component>
      <object_component id="oc-26a">
         <name>.text:_ti_sysbios_knl_Semaphore_pendTimeout__I</name>
         <load_address>0x3f2f96</load_address>
         <run_address>0x3f2f96</run_address>
         <size>0x19</size>
         <input_file_ref idref="fl-25"/>
      </object_component>
      <object_component id="oc-23d">
         <name>.text:_ti_sysbios_knl_Swi_restore__E</name>
         <load_address>0x3f2faf</load_address>
         <run_address>0x3f2faf</run_address>
         <size>0x19</size>
         <input_file_ref idref="fl-25"/>
      </object_component>
      <object_component id="oc-31d">
         <name>.text:_xdc_runtime_System_avprintf__E</name>
         <load_address>0x3f2fc8</load_address>
         <run_address>0x3f2fc8</run_address>
         <size>0x19</size>
         <input_file_ref idref="fl-37"/>
      </object_component>
      <object_component id="oc-33d">
         <name>.text:_xdc_runtime_System_putchar__I</name>
         <load_address>0x3f2fe1</load_address>
         <run_address>0x3f2fe1</run_address>
         <size>0x19</size>
         <input_file_ref idref="fl-37"/>
      </object_component>
      <object_component id="oc-240">
         <name>.text</name>
         <load_address>0x3f2ffa</load_address>
         <run_address>0x3f2ffa</run_address>
         <size>0x19</size>
         <input_file_ref idref="fl-4"/>
      </object_component>
      <object_component id="oc-1b3">
         <name>.text</name>
         <load_address>0x3f3013</load_address>
         <run_address>0x3f3013</run_address>
         <size>0x19</size>
         <input_file_ref idref="fl-44"/>
      </object_component>
      <object_component id="oc-276">
         <name>.text</name>
         <load_address>0x3f302c</load_address>
         <run_address>0x3f302c</run_address>
         <size>0x19</size>
         <input_file_ref idref="fl-47"/>
      </object_component>
      <object_component id="oc-29e">
         <name>.text:_ti_sysbios_family_xxx_Hwi_switchAndRunFunc</name>
         <load_address>0x3f3045</load_address>
         <run_address>0x3f3045</run_address>
         <size>0x18</size>
         <input_file_ref idref="fl-26"/>
      </object_component>
      <object_component id="oc-2b7">
         <name>.text:_xdc_runtime_Memory_valloc__E</name>
         <load_address>0x3f305d</load_address>
         <run_address>0x3f305d</run_address>
         <size>0x18</size>
         <input_file_ref idref="fl-35"/>
      </object_component>
      <object_component id="oc-31e">
         <name>.text:_xdc_runtime_System_vprintf__E</name>
         <load_address>0x3f3075</load_address>
         <run_address>0x3f3075</run_address>
         <size>0x18</size>
         <input_file_ref idref="fl-37"/>
      </object_component>
      <object_component id="oc-330">
         <name>.text:_xdc_runtime_Text_printVisFxn__I</name>
         <load_address>0x3f308d</load_address>
         <run_address>0x3f308d</run_address>
         <size>0x18</size>
         <input_file_ref idref="fl-39"/>
      </object_component>
      <object_component id="oc-1e9">
         <name>.text:_ti_sysbios_family_c28_Timer_startup__E</name>
         <load_address>0x3f30a5</load_address>
         <run_address>0x3f30a5</run_address>
         <size>0x17</size>
         <input_file_ref idref="fl-25"/>
      </object_component>
      <object_component id="oc-260">
         <name>.text:_ti_sysbios_knl_Clock_addI__E</name>
         <load_address>0x3f30bc</load_address>
         <run_address>0x3f30bc</run_address>
         <size>0x17</size>
         <input_file_ref idref="fl-25"/>
      </object_component>
      <object_component id="oc-1c1">
         <name>.text:_ti_sysbios_knl_Clock_doTick__I</name>
         <load_address>0x3f30d3</load_address>
         <run_address>0x3f30d3</run_address>
         <size>0x17</size>
         <input_file_ref idref="fl-18"/>
      </object_component>
      <object_component id="oc-2ea">
         <name>.text:_xdc_runtime_LoggerBuf_Module_startup__E</name>
         <load_address>0x3f30ea</load_address>
         <run_address>0x3f30ea</run_address>
         <size>0x17</size>
         <input_file_ref idref="fl-34"/>
      </object_component>
      <object_component id="oc-1a1">
         <name>.text</name>
         <load_address>0x3f3101</load_address>
         <run_address>0x3f3101</run_address>
         <size>0x17</size>
         <input_file_ref idref="fl-58"/>
      </object_component>
      <object_component id="oc-18d">
         <name>.text</name>
         <load_address>0x3f3118</load_address>
         <run_address>0x3f3118</run_address>
         <size>0x17</size>
         <input_file_ref idref="fl-54"/>
      </object_component>
      <object_component id="oc-1e6">
         <name>.text:_ti_sysbios_BIOS_atExitFunc__I</name>
         <load_address>0x3f312f</load_address>
         <run_address>0x3f312f</run_address>
         <size>0x16</size>
         <input_file_ref idref="fl-18"/>
      </object_component>
      <object_component id="oc-2ef">
         <name>.text:_ti_sysbios_family_c28_Timer_Module_startup__E</name>
         <load_address>0x3f3145</load_address>
         <run_address>0x3f3145</run_address>
         <size>0x16</size>
         <input_file_ref idref="fl-25"/>
      </object_component>
      <object_component id="oc-2f1">
         <name>.text:_ti_sysbios_knl_Swi_Module_startup__E</name>
         <load_address>0x3f315b</load_address>
         <run_address>0x3f315b</run_address>
         <size>0x16</size>
         <input_file_ref idref="fl-25"/>
      </object_component>
      <object_component id="oc-257">
         <name>.text:_ti_sysbios_knl_Task_restore__E</name>
         <load_address>0x3f3171</load_address>
         <run_address>0x3f3171</run_address>
         <size>0x16</size>
         <input_file_ref idref="fl-25"/>
      </object_component>
      <object_component id="oc-303">
         <name>.text:_xdc_runtime_LoggerBuf_reset__E</name>
         <load_address>0x3f3187</load_address>
         <run_address>0x3f3187</run_address>
         <size>0x16</size>
         <input_file_ref idref="fl-34"/>
      </object_component>
      <object_component id="oc-2e8">
         <name>.text:_xdc_runtime_SysMin_abort__E</name>
         <load_address>0x3f319d</load_address>
         <run_address>0x3f319d</run_address>
         <size>0x16</size>
         <input_file_ref idref="fl-38"/>
      </object_component>
      <object_component id="oc-206">
         <name>.text</name>
         <load_address>0x3f31b3</load_address>
         <run_address>0x3f31b3</run_address>
         <size>0x15</size>
         <input_file_ref idref="fl-f"/>
      </object_component>
      <object_component id="oc-20b">
         <name>.text:_ti_sysbios_knl_Idle_run__E</name>
         <load_address>0x3f31c8</load_address>
         <run_address>0x3f31c8</run_address>
         <size>0x15</size>
         <input_file_ref idref="fl-25"/>
      </object_component>
      <object_component id="oc-1e4">
         <name>.text:_ti_sysbios_gates_GateMutex_Object__delete__S</name>
         <load_address>0x3f31dd</load_address>
         <run_address>0x3f31dd</run_address>
         <size>0x13</size>
         <input_file_ref idref="fl-18"/>
      </object_component>
      <object_component id="oc-1d6">
         <name>.text:_ti_sysbios_gates_GateHwi_Object__delete__S</name>
         <load_address>0x3f31f0</load_address>
         <run_address>0x3f31f0</run_address>
         <size>0x12</size>
         <input_file_ref idref="fl-18"/>
      </object_component>
      <object_component id="oc-2f0">
         <name>.text:_ti_sysbios_knl_Clock_Module_startup__E</name>
         <load_address>0x3f3202</load_address>
         <run_address>0x3f3202</run_address>
         <size>0x12</size>
         <input_file_ref idref="fl-25"/>
      </object_component>
      <object_component id="oc-282">
         <name>.text:_xdc_runtime_Text_cordText__E</name>
         <load_address>0x3f3214</load_address>
         <run_address>0x3f3214</run_address>
         <size>0x12</size>
         <input_file_ref idref="fl-39"/>
      </object_component>
      <object_component id="oc-1de">
         <name>.text:_xdc_runtime_HeapStd_Object__delete__S</name>
         <load_address>0x3f3226</load_address>
         <run_address>0x3f3226</run_address>
         <size>0x11</size>
         <input_file_ref idref="fl-18"/>
      </object_component>
      <object_component id="oc-2d4">
         <name>.text:_ti_sysbios_BIOS_errorRaiseHook__I</name>
         <load_address>0x3f3237</load_address>
         <run_address>0x3f3237</run_address>
         <size>0x10</size>
         <input_file_ref idref="fl-18"/>
      </object_component>
      <object_component id="oc-321">
         <name>.text:_ti_sysbios_family_c28_Timer_stop__E</name>
         <load_address>0x3f3247</load_address>
         <run_address>0x3f3247</run_address>
         <size>0x10</size>
         <input_file_ref idref="fl-25"/>
      </object_component>
      <object_component id="oc-33f">
         <name>.text:_ti_sysbios_knl_Task_restoreHwi__E</name>
         <load_address>0x3f3257</load_address>
         <run_address>0x3f3257</run_address>
         <size>0x10</size>
         <input_file_ref idref="fl-25"/>
      </object_component>
      <object_component id="oc-2ec">
         <name>.text:_xdc_runtime_SysMin_Module_startup__E</name>
         <load_address>0x3f3267</load_address>
         <run_address>0x3f3267</run_address>
         <size>0x10</size>
         <input_file_ref idref="fl-38"/>
      </object_component>
      <object_component id="oc-1ca">
         <name>.text:.bootCodeSection:_ti_catalog_c2800_init_Boot_disableWatchdog</name>
         <load_address>0x3f3277</load_address>
         <run_address>0x3f3277</run_address>
         <size>0xf</size>
         <input_file_ref idref="fl-2a"/>
      </object_component>
      <object_component id="oc-1ed">
         <name>.text:_ti_sysbios_BIOS_removeRTSLock__I</name>
         <load_address>0x3f3286</load_address>
         <run_address>0x3f3286</run_address>
         <size>0xf</size>
         <input_file_ref idref="fl-18"/>
      </object_component>
      <object_component id="oc-1bc">
         <name>.text:_ti_sysbios_BIOS_startFunc__I</name>
         <load_address>0x3f3295</load_address>
         <run_address>0x3f3295</run_address>
         <size>0xf</size>
         <input_file_ref idref="fl-18"/>
      </object_component>
      <object_component id="oc-230">
         <name>.text:_ti_sysbios_gates_GateMutex_Instance_init__E</name>
         <load_address>0x3f32a4</load_address>
         <run_address>0x3f32a4</run_address>
         <size>0xf</size>
         <input_file_ref idref="fl-25"/>
      </object_component>
      <object_component id="oc-1c9">
         <name>.text:_xdc_runtime_Error_raiseX__E</name>
         <load_address>0x3f32b3</load_address>
         <run_address>0x3f32b3</run_address>
         <size>0xf</size>
         <input_file_ref idref="fl-31"/>
      </object_component>
      <object_component id="oc-32e">
         <name>.text:_xdc_runtime_Registry_findById__E</name>
         <load_address>0x3f32c2</load_address>
         <run_address>0x3f32c2</run_address>
         <size>0xf</size>
         <input_file_ref idref="fl-3c"/>
      </object_component>
      <object_component id="oc-2bf">
         <name>.text:_ti_sysbios_knl_Semaphore_Object__destruct__S</name>
         <load_address>0x3f32d1</load_address>
         <run_address>0x3f32d1</run_address>
         <size>0xe</size>
         <input_file_ref idref="fl-18"/>
      </object_component>
      <object_component id="oc-310">
         <name>.text:_ti_sysbios_knl_Swi_Object__get__S</name>
         <load_address>0x3f32df</load_address>
         <run_address>0x3f32df</run_address>
         <size>0xe</size>
         <input_file_ref idref="fl-18"/>
      </object_component>
      <object_component id="oc-313">
         <name>.text:_ti_sysbios_knl_Task_Object__get__S</name>
         <load_address>0x3f32ed</load_address>
         <run_address>0x3f32ed</run_address>
         <size>0xe</size>
         <input_file_ref idref="fl-18"/>
      </object_component>
      <object_component id="oc-1e8">
         <name>.text:_ti_sysbios_BIOS_registerRTSLock__I</name>
         <load_address>0x3f32fb</load_address>
         <run_address>0x3f32fb</run_address>
         <size>0xd</size>
         <input_file_ref idref="fl-18"/>
      </object_component>
      <object_component id="oc-238">
         <name>.text:_ti_sysbios_BIOS_rtsLock__I</name>
         <load_address>0x3f3308</load_address>
         <run_address>0x3f3308</run_address>
         <size>0xd</size>
         <input_file_ref idref="fl-18"/>
      </object_component>
      <object_component id="oc-334">
         <name>.text:_ti_sysbios_family_c28_Hwi_dispatchC__I</name>
         <load_address>0x3f3315</load_address>
         <run_address>0x3f3315</run_address>
         <size>0xd</size>
         <input_file_ref idref="fl-25"/>
      </object_component>
      <object_component id="oc-2e1">
         <name>.text:_ti_sysbios_family_c28_TaskSupport_checkStack__E</name>
         <load_address>0x3f3322</load_address>
         <run_address>0x3f3322</run_address>
         <size>0xd</size>
         <input_file_ref idref="fl-25"/>
      </object_component>
      <object_component id="oc-2d0">
         <name>.text:_ti_sysbios_family_c28_TaskSupport_swap__E</name>
         <load_address>0x3f332f</load_address>
         <run_address>0x3f332f</run_address>
         <size>0xd</size>
         <input_file_ref idref="fl-29"/>
      </object_component>
      <object_component id="oc-1d7">
         <name>.text:_ti_sysbios_gates_GateHwi_Handle__label__S</name>
         <load_address>0x3f333c</load_address>
         <run_address>0x3f333c</run_address>
         <size>0xd</size>
         <input_file_ref idref="fl-18"/>
      </object_component>
      <object_component id="oc-1e5">
         <name>.text:_ti_sysbios_gates_GateMutex_Handle__label__S</name>
         <load_address>0x3f3349</load_address>
         <run_address>0x3f3349</run_address>
         <size>0xd</size>
         <input_file_ref idref="fl-18"/>
      </object_component>
      <object_component id="oc-319">
         <name>.text:_ti_sysbios_knl_Queue_Object__destruct__S</name>
         <load_address>0x3f3356</load_address>
         <run_address>0x3f3356</run_address>
         <size>0xd</size>
         <input_file_ref idref="fl-18"/>
      </object_component>
      <object_component id="oc-325">
         <name>.text:_ti_sysbios_knl_Task_enter__I</name>
         <load_address>0x3f3363</load_address>
         <run_address>0x3f3363</run_address>
         <size>0xd</size>
         <input_file_ref idref="fl-25"/>
      </object_component>
      <object_component id="oc-25f">
         <name>.text:_ti_sysbios_knl_Task_sleepTimeout__I</name>
         <load_address>0x3f3370</load_address>
         <run_address>0x3f3370</run_address>
         <size>0xd</size>
         <input_file_ref idref="fl-25"/>
      </object_component>
      <object_component id="oc-1df">
         <name>.text:_xdc_runtime_HeapStd_Handle__label__S</name>
         <load_address>0x3f337d</load_address>
         <run_address>0x3f337d</run_address>
         <size>0xd</size>
         <input_file_ref idref="fl-18"/>
      </object_component>
      <object_component id="oc-2af">
         <name>.text:_xdc_runtime_System_abort__E</name>
         <load_address>0x3f338a</load_address>
         <run_address>0x3f338a</run_address>
         <size>0xd</size>
         <input_file_ref idref="fl-37"/>
      </object_component>
      <object_component id="oc-1bd">
         <name>.text:_ti_sysbios_BIOS_exitFunc__I</name>
         <load_address>0x3f3397</load_address>
         <run_address>0x3f3397</run_address>
         <size>0xc</size>
         <input_file_ref idref="fl-18"/>
      </object_component>
      <object_component id="oc-340">
         <name>.text:_ti_sysbios_family_c28_Hwi_disableIER__E</name>
         <load_address>0x3f33a3</load_address>
         <run_address>0x3f33a3</run_address>
         <size>0xc</size>
         <input_file_ref idref="fl-18"/>
      </object_component>
      <object_component id="oc-1e2">
         <name>.text:_ti_sysbios_gates_GateMutex_leave__E</name>
         <load_address>0x3f33af</load_address>
         <run_address>0x3f33af</run_address>
         <size>0xc</size>
         <input_file_ref idref="fl-25"/>
      </object_component>
      <object_component id="oc-2a1">
         <name>.text:_ti_sysbios_knl_Queue_put__E</name>
         <load_address>0x3f33bb</load_address>
         <run_address>0x3f33bb</run_address>
         <size>0xc</size>
         <input_file_ref idref="fl-25"/>
      </object_component>
      <object_component id="oc-228">
         <name>.text:_xdc_runtime_Error_check__E</name>
         <load_address>0x3f33c7</load_address>
         <run_address>0x3f33c7</run_address>
         <size>0xc</size>
         <input_file_ref idref="fl-31"/>
      </object_component>
      <object_component id="oc-280">
         <name>.text</name>
         <load_address>0x3f33d3</load_address>
         <run_address>0x3f33d3</run_address>
         <size>0xc</size>
         <input_file_ref idref="fl-4f"/>
      </object_component>
      <object_component id="oc-316">
         <name>.text:_ti_sysbios_family_c28_Hwi_Module__startupDone__F</name>
         <load_address>0x3f33df</load_address>
         <run_address>0x3f33df</run_address>
         <size>0xb</size>
         <input_file_ref idref="fl-18"/>
      </object_component>
      <object_component id="oc-30b">
         <name>.text:_ti_sysbios_family_c28_Hwi_Object__get__S</name>
         <load_address>0x3f33ea</load_address>
         <run_address>0x3f33ea</run_address>
         <size>0xb</size>
         <input_file_ref idref="fl-18"/>
      </object_component>
      <object_component id="oc-2c5">
         <name>.text:_ti_sysbios_family_c28_Hwi_enableIER__E</name>
         <load_address>0x3f33f5</load_address>
         <run_address>0x3f33f5</run_address>
         <size>0xb</size>
         <input_file_ref idref="fl-18"/>
      </object_component>
      <object_component id="oc-30d">
         <name>.text:_ti_sysbios_family_c28_Timer_Module__startupDone__F</name>
         <load_address>0x3f3400</load_address>
         <run_address>0x3f3400</run_address>
         <size>0xb</size>
         <input_file_ref idref="fl-18"/>
      </object_component>
      <object_component id="oc-327">
         <name>.text:_ti_sysbios_knl_Queue_Object__get__S</name>
         <load_address>0x3f340b</load_address>
         <run_address>0x3f340b</run_address>
         <size>0xb</size>
         <input_file_ref idref="fl-18"/>
      </object_component>
      <object_component id="oc-262">
         <name>.text:_ti_sysbios_knl_Task_enabled__E</name>
         <load_address>0x3f3416</load_address>
         <run_address>0x3f3416</run_address>
         <size>0xb</size>
         <input_file_ref idref="fl-25"/>
      </object_component>
      <object_component id="oc-328">
         <name>.text:_ti_sysbios_knl_Task_unblock__E</name>
         <load_address>0x3f3421</load_address>
         <run_address>0x3f3421</run_address>
         <size>0xb</size>
         <input_file_ref idref="fl-25"/>
      </object_component>
      <object_component id="oc-275">
         <name>.text:_xdc_runtime_SysMin_exit__E</name>
         <load_address>0x3f342c</load_address>
         <run_address>0x3f342c</run_address>
         <size>0xb</size>
         <input_file_ref idref="fl-38"/>
      </object_component>
      <object_component id="oc-1b4">
         <name>.text:_xdc_runtime_System_exit__E</name>
         <load_address>0x3f3437</load_address>
         <run_address>0x3f3437</run_address>
         <size>0xb</size>
         <input_file_ref idref="fl-37"/>
      </object_component>
      <object_component id="oc-287">
         <name>.text:_xdc_runtime_Text_ropeText__E</name>
         <load_address>0x3f3442</load_address>
         <run_address>0x3f3442</run_address>
         <size>0xb</size>
         <input_file_ref idref="fl-39"/>
      </object_component>
      <object_component id="oc-201">
         <name>.text</name>
         <load_address>0x3f344d</load_address>
         <run_address>0x3f344d</run_address>
         <size>0xb</size>
         <input_file_ref idref="fl-6"/>
      </object_component>
      <object_component id="oc-302">
         <name>.text:_xdc_runtime_LoggerBuf_Object__get__S</name>
         <load_address>0x3f3458</load_address>
         <run_address>0x3f3458</run_address>
         <size>0xa</size>
         <input_file_ref idref="fl-18"/>
      </object_component>
      <object_component id="oc-281">
         <name>.text:_xdc_runtime_Memory_free__E</name>
         <load_address>0x3f3462</load_address>
         <run_address>0x3f3462</run_address>
         <size>0xa</size>
         <input_file_ref idref="fl-35"/>
      </object_component>
      <object_component id="oc-239">
         <name>.text:_ti_sysbios_BIOS_rtsUnlock__I</name>
         <load_address>0x3f346c</load_address>
         <run_address>0x3f346c</run_address>
         <size>0x9</size>
         <input_file_ref idref="fl-18"/>
      </object_component>
      <object_component id="oc-2c9">
         <name>.text:_ti_sysbios_family_c28_Hwi_restoreIER__E</name>
         <load_address>0x3f3475</load_address>
         <run_address>0x3f3475</run_address>
         <size>0x9</size>
         <input_file_ref idref="fl-18"/>
      </object_component>
      <object_component id="oc-34a">
         <name>.text:_ti_sysbios_family_c28_TaskSupport_glue</name>
         <load_address>0x3f347e</load_address>
         <run_address>0x3f347e</run_address>
         <size>0x9</size>
         <input_file_ref idref="fl-29"/>
      </object_component>
      <object_component id="oc-2f3">
         <name>.text:_ti_sysbios_hal_Hwi_Module_startup__E</name>
         <load_address>0x3f3487</load_address>
         <run_address>0x3f3487</run_address>
         <size>0x9</size>
         <input_file_ref idref="fl-25"/>
      </object_component>
      <object_component id="oc-2f4">
         <name>.text:_ti_sysbios_hal_Timer_Module_startup__E</name>
[...]
         <name>_xdc_runtime_Core_deleteObject__I</name>
         <value>0x3f2837</value>
         <object_component_ref idref="oc-218"/>
      </symbol>
      <symbol id="sm-a31">
         <name>_xdc_runtime_Core_createObject__I</name>
         <value>0x3f16d7</value>
         <object_component_ref idref="oc-216"/>
      </symbol>
      <symbol id="sm-a48">
         <name>_xdc_runtime_Core_constructObject__I</name>
         <value>0x3f1b61</value>
         <object_component_ref idref="oc-2bd"/>
      </symbol>
      <symbol id="sm-a56">
         <name>_xdc_runtime_Core_assignLabel__I</name>
         <value>0x3f2f49</value>
         <object_component_ref idref="oc-219"/>
      </symbol>
      <symbol id="sm-a64">
         <name>_xdc_runtime_Core_assignParams__I</name>
         <value>0x3f2b4f</value>
         <object_component_ref idref="oc-27e"/>
      </symbol>
      <symbol id="sm-a8e">
         <name>_xdc_runtime_Error_getSite__E</name>
         <value>0x3f35d3</value>
         <object_component_ref idref="oc-2fc"/>
      </symbol>
      <symbol id="sm-a8f">
         <name>_xdc_runtime_Error_print__E</name>
         <value>0x3f2a2f</value>
         <object_component_ref idref="oc-2e7"/>
      </symbol>
      <symbol id="sm-a90">
         <name>_xdc_runtime_Error_policyDefault__E</name>
         <value>0x3f1bf2</value>
         <object_component_ref idref="oc-26e"/>
      </symbol>
      <symbol id="sm-a91">
         <name>_xdc_runtime_Error_init__E</name>
         <value>0x3f355b</value>
         <object_component_ref idref="oc-2d3"/>
      </symbol>
      <symbol id="sm-a92">
         <name>_xdc_runtime_Error_raiseX__E</name>
         <value>0x3f32b3</value>
         <object_component_ref idref="oc-1c9"/>
      </symbol>
      <symbol id="sm-a93">
         <name>_xdc_runtime_Error_check__E</name>
         <value>0x3f33c7</value>
         <object_component_ref idref="oc-228"/>
      </symbol>
      <symbol id="sm-a94">
         <name>_xdc_runtime_Error_setX__E</name>
         <value>0x3f2bd8</value>
         <object_component_ref idref="oc-2a5"/>
      </symbol>
      <symbol id="sm-aa1">
         <name>_xdc_runtime_Gate_leaveSystem__E</name>
         <value>0x3f354b</value>
         <object_component_ref idref="oc-222"/>
      </symbol>
      <symbol id="sm-aa2">
         <name>_xdc_runtime_Gate_enterSystem__E</name>
         <value>0x3f3545</value>
         <object_component_ref idref="oc-211"/>
      </symbol>
      <symbol id="sm-ae1">
         <name>_xdc_runtime_HeapStd_isBlocking__E</name>
         <value>0x3f35d5</value>
         <object_component_ref idref="oc-1db"/>
      </symbol>
      <symbol id="sm-ae2">
         <name>_xdc_runtime_HeapStd_getStats__E</name>
         <value>0x3f350c</value>
         <object_component_ref idref="oc-1dc"/>
      </symbol>
      <symbol id="sm-ae3">
         <name>_xdc_runtime_HeapStd_free__E</name>
         <value>0x3f21dd</value>
         <object_component_ref idref="oc-1da"/>
      </symbol>
      <symbol id="sm-ae4">
         <name>_xdc_runtime_HeapStd_Instance_init__E</name>
         <value>0x3f1c7e</value>
         <object_component_ref idref="oc-227"/>
      </symbol>
      <symbol id="sm-ae5">
         <name>_xdc_runtime_HeapStd_alloc__E</name>
         <value>0x3f1111</value>
         <object_component_ref idref="oc-1d9"/>
      </symbol>
      <symbol id="sm-af4">
         <name>_xdc_runtime_LoggerBuf_Module_startup__E</name>
         <value>0x3f30ea</value>
         <object_component_ref idref="oc-2ea"/>
      </symbol>
      <symbol id="sm-af5">
         <name>_xdc_runtime_LoggerBuf_reset__E</name>
         <value>0x3f3187</value>
         <object_component_ref idref="oc-303"/>
      </symbol>
      <symbol id="sm-af6">
         <name>_LoggerBuf_instanceStartup</name>
         <value>0x3f3187</value>
         <object_component_ref idref="oc-303"/>
      </symbol>
      <symbol id="sm-b10">
         <name>_xdc_runtime_Memory_calloc__E</name>
         <value>0x3f34e6</value>
         <object_component_ref idref="oc-27f"/>
      </symbol>
      <symbol id="sm-b11">
         <name>_xdc_runtime_Memory_free__E</name>
         <value>0x3f3462</value>
         <object_component_ref idref="oc-281"/>
      </symbol>
      <symbol id="sm-b12">
         <name>_xdc_runtime_Memory_valloc__E</name>
         <value>0x3f305d</value>
         <object_component_ref idref="oc-2b7"/>
      </symbol>
      <symbol id="sm-b13">
         <name>_xdc_runtime_Memory_alloc__E</name>
         <value>0x3f27bc</value>
         <object_component_ref idref="oc-2db"/>
      </symbol>
      <symbol id="sm-b14">
         <name>_xdc_runtime_Memory_getMaxDefaultTypeAlign__E</name>
         <value>0x3f3575</value>
         <object_component_ref idref="oc-221"/>
      </symbol>
      <symbol id="sm-b34">
         <name>_xdc_runtime_Startup_startMods__I</name>
         <value>0x3f2086</value>
         <object_component_ref idref="oc-272"/>
      </symbol>
      <symbol id="sm-b35">
         <name>_xdc_runtime_Startup_exec__E</name>
         <value>0x3f2a61</value>
         <object_component_ref idref="oc-1b2"/>
      </symbol>
      <symbol id="sm-bbf">
         <name>_xdc_runtime_System_formatNum__I</name>
         <value>0x3f28b0</value>
         <object_component_ref idref="oc-33c"/>
      </symbol>
      <symbol id="sm-bc0">
         <name>_xdc_runtime_System_exit__E</name>
         <value>0x3f3437</value>
         <object_component_ref idref="oc-1b4"/>
      </symbol>
      <symbol id="sm-bc1">
         <name>_xdc_runtime_System_exitStd__E</name>
         <value>0x3f35c4</value>
         <object_component_ref idref="oc-213"/>
      </symbol>
      <symbol id="sm-bc2">
         <name>_xdc_runtime_System_printf_va__F</name>
         <value>0x3f3075</value>
         <object_component_ref idref="oc-31e"/>
      </symbol>
      <symbol id="sm-bc3">
         <name>_xdc_runtime_System_atexit__E</name>
         <value>0x3f2dd3</value>
         <object_component_ref idref="oc-1e7"/>
      </symbol>
      <symbol id="sm-bc4">
         <name>_xdc_runtime_System_abortStd__E</name>
         <value>0x3f35c1</value>
         <object_component_ref idref="oc-2e9"/>
      </symbol>
      <symbol id="sm-bc5">
         <name>_xdc_runtime_System_putchar__I</name>
         <value>0x3f2fe1</value>
         <object_component_ref idref="oc-33d"/>
      </symbol>
      <symbol id="sm-bc6">
         <name>_xdc_runtime_System_snprintf_va__F</name>
         <value>0x3f34ab</value>
         <object_component_ref idref="oc-331"/>
      </symbol>
      <symbol id="sm-bc7">
         <name>_xdc_runtime_System_Module_startup__E</name>
         <value>0x3f35b2</value>
         <object_component_ref idref="oc-2eb"/>
      </symbol>
      <symbol id="sm-bc8">
         <name>_xdc_runtime_System_avprintf__E</name>
         <value>0x3f2fc8</value>
         <object_component_ref idref="oc-31d"/>
      </symbol>
      <symbol id="sm-bc9">
         <name>_xdc_runtime_System_vprintf__E</name>
         <value>0x3f3075</value>
         <object_component_ref idref="oc-31e"/>
      </symbol>
      <symbol id="sm-bca">
         <name>_xdc_runtime_System_aprintf_va__F</name>
         <value>0x3f2fc8</value>
         <object_component_ref idref="oc-31d"/>
      </symbol>
      <symbol id="sm-bcb">
         <name>_xdc_runtime_System_doPrint__I</name>
         <value>0x3f026d</value>
         <object_component_ref idref="oc-333"/>
      </symbol>
      <symbol id="sm-bcc">
         <name>_xdc_runtime_System_processAtExit__E</name>
         <value>0x3f2d6f</value>
         <object_component_ref idref="oc-1cf"/>
      </symbol>
      <symbol id="sm-bcd">
         <name>_xdc_runtime_System_vsnprintf__E</name>
         <value>0x3f34ab</value>
         <object_component_ref idref="oc-331"/>
      </symbol>
      <symbol id="sm-bce">
         <name>_xdc_runtime_System_abort__E</name>
         <value>0x3f338a</value>
         <object_component_ref idref="oc-2af"/>
      </symbol>
      <symbol id="sm-bec">
         <name>_xdc_runtime_SysMin_abort__E</name>
         <value>0x3f319d</value>
         <object_component_ref idref="oc-2e8"/>
      </symbol>
      <symbol id="sm-bed">
         <name>_xdc_runtime_SysMin_ready__E</name>
         <value>0x3f34ee</value>
         <object_component_ref idref="oc-33a"/>
      </symbol>
      <symbol id="sm-bee">
         <name>_xdc_runtime_SysMin_flush__E</name>
         <value>0x3f2d24</value>
         <object_component_ref idref="oc-2b6"/>
      </symbol>
      <symbol id="sm-bef">
         <name>_xdc_runtime_SysMin_Module_startup__E</name>
         <value>0x3f3267</value>
         <object_component_ref idref="oc-2ec"/>
      </symbol>
      <symbol id="sm-bf0">
         <name>_xdc_runtime_SysMin_putch__E</name>
         <value>0x3f2ec1</value>
         <object_component_ref idref="oc-300"/>
      </symbol>
      <symbol id="sm-bf1">
         <name>_xdc_runtime_SysMin_exit__E</name>
         <value>0x3f342c</value>
         <object_component_ref idref="oc-275"/>
      </symbol>
      <symbol id="sm-c35">
         <name>_xdc_runtime_Text_putLab__E</name>
         <value>0x3f277c</value>
         <object_component_ref idref="oc-34c"/>
      </symbol>
      <symbol id="sm-c36">
         <name>_xdc_runtime_Text_printVisFxn__I</name>
         <value>0x3f308d</value>
         <object_component_ref idref="oc-330"/>
      </symbol>
      <symbol id="sm-c37">
         <name>_xdc_runtime_Text_putMod__E</name>
         <value>0x3f28eb</value>
         <object_component_ref idref="oc-31a"/>
      </symbol>
      <symbol id="sm-c38">
         <name>_xdc_runtime_Text_cordText__E</name>
         <value>0x3f3214</value>
         <object_component_ref idref="oc-282"/>
      </symbol>
      <symbol id="sm-c39">
         <name>_xdc_runtime_Text_xprintf__I</name>
         <value>0x3f2cfd</value>
         <object_component_ref idref="oc-31b"/>
      </symbol>
      <symbol id="sm-c3a">
         <name>_xdc_runtime_Text_visitRope2__I</name>
         <value>0x3f2a92</value>
         <object_component_ref idref="oc-345"/>
      </symbol>
      <symbol id="sm-c3b">
         <name>_xdc_runtime_Text_ropeText__E</name>
         <value>0x3f3442</value>
         <object_component_ref idref="oc-287"/>
      </symbol>
      <symbol id="sm-c3c">
         <name>_xdc_runtime_Text_putSite__E</name>
         <value>0x3f238b</value>
         <object_component_ref idref="oc-2fd"/>
      </symbol>
      <symbol id="sm-c47">
         <name>___xdc__init</name>
         <value>0x3f3579</value>
         <object_component_ref idref="oc-1b6"/>
      </symbol>
      <symbol id="sm-c65">
         <name>_xdc_runtime_Registry_findById__E</name>
         <value>0x3f32c2</value>
         <object_component_ref idref="oc-32e"/>
      </symbol>
      <symbol id="sm-c7b">
         <name>_c_int00</name>
         <value>0x3f23ed</value>
         <object_component_ref idref="oc-38"/>
      </symbol>
      <symbol id="sm-c7c">
         <name>__stack</name>
         <value>0x0</value>
         <object_component_ref idref="oc-131"/>
      </symbol>
      <symbol id="sm-c91">
         <name>__unlock</name>
         <value>0x8df8</value>
         <object_component_ref idref="oc-290"/>
      </symbol>
      <symbol id="sm-c92">
         <name>__lock</name>
         <value>0x8dbe</value>
         <object_component_ref idref="oc-291"/>
      </symbol>
      <symbol id="sm-c93">
         <name>__register_lock</name>
         <value>0x3f34c1</value>
         <object_component_ref idref="oc-234"/>
      </symbol>
      <symbol id="sm-c94">
         <name>__nop</name>
         <value>0x3f34c5</value>
         <object_component_ref idref="oc-234"/>
      </symbol>
      <symbol id="sm-c95">
         <name>__register_unlock</name>
         <value>0x3f34bd</value>
         <object_component_ref idref="oc-234"/>
      </symbol>
      <symbol id="sm-ca5">
         <name>__args_main</name>
         <value>0x3f3013</value>
         <object_component_ref idref="oc-1b3"/>
      </symbol>
      <symbol id="sm-cbb">
         <name>_copy_in</name>
         <value>0x3f26f4</value>
         <object_component_ref idref="oc-1b1"/>
      </symbol>
      <symbol id="sm-cca">
         <name>_ppcopy</name>
         <value>0x3f2f63</value>
         <object_component_ref idref="oc-144"/>
      </symbol>
      <symbol id="sm-ccb">
         <name>_dpcopy</name>
         <value>0x3f2f63</value>
         <object_component_ref idref="oc-144"/>
      </symbol>
      <symbol id="sm-ccc">
         <name>_pdcopy</name>
         <value>0x3f2f63</value>
         <object_component_ref idref="oc-144"/>
      </symbol>
      <symbol id="sm-ccd">
         <name>_ddcopy</name>
         <value>0x3f2f63</value>
         <object_component_ref idref="oc-144"/>
      </symbol>
      <symbol id="sm-ce1">
         <name>C$$EXIT</name>
         <value>0x3f302c</value>
         <object_component_ref idref="oc-276"/>
      </symbol>
      <symbol id="sm-ce2">
         <name>_exit</name>
         <value>0x3f302e</value>
         <object_component_ref idref="oc-276"/>
      </symbol>
      <symbol id="sm-ce3">
         <name>___TI_cleanup_ptr</name>
         <value>0x8df4</value>
         <object_component_ref idref="oc-14b"/>
      </symbol>
      <symbol id="sm-ce4">
         <name>_abort</name>
         <value>0x3f302c</value>
         <object_component_ref idref="oc-276"/>
      </symbol>
      <symbol id="sm-ce5">
         <name>___TI_dtors_ptr</name>
         <value>0x8df6</value>
         <object_component_ref idref="oc-14b"/>
      </symbol>
      <symbol id="sm-cf7">
         <name>FD$$MPY</name>
         <value>0x3f1e14</value>
         <object_component_ref idref="oc-150"/>
      </symbol>
      <symbol id="sm-d06">
         <name>FD$$TOL</name>
         <value>0x3f2df2</value>
         <object_component_ref idref="oc-155"/>
      </symbol>
      <symbol id="sm-d17">
         <name>FS$$MPY</name>
         <value>0x3f250c</value>
         <object_component_ref idref="oc-15a"/>
      </symbol>
      <symbol id="sm-d2a">
         <name>FS$$TOL</name>
         <value>0x3f2cac</value>
         <object_component_ref idref="oc-15f"/>
      </symbol>
      <symbol id="sm-d36">
         <name>UL$$MOD</name>
         <value>0x3f2c7d</value>
         <object_component_ref idref="oc-164"/>
      </symbol>
      <symbol id="sm-d37">
         <name>L$$MOD</name>
         <value>0x3f2c68</value>
         <object_component_ref idref="oc-164"/>
      </symbol>
      <symbol id="sm-d38">
         <name>L$$DIV</name>
         <value>0x3f2c59</value>
         <object_component_ref idref="oc-164"/>
      </symbol>
      <symbol id="sm-d39">
         <name>UL$$DIV</name>
         <value>0x3f2c76</value>
         <object_component_ref idref="oc-164"/>
      </symbol>
      <symbol id="sm-d65">
         <name>ULL$$MOD</name>
         <value>0x3f10af</value>
         <object_component_ref idref="oc-169"/>
      </symbol>
      <symbol id="sm-d66">
         <name>ULL$$DIV</name>
         <value>0x3f1080</value>
         <object_component_ref idref="oc-169"/>
      </symbol>
      <symbol id="sm-d67">
         <name>LL$$MOD</name>
         <value>0x3f1046</value>
         <object_component_ref idref="oc-169"/>
      </symbol>
      <symbol id="sm-d68">
         <name>LL$$DIV</name>
         <value>0x3f100a</value>
         <object_component_ref idref="oc-169"/>
      </symbol>
      <symbol id="sm-d7a">
         <name>_memcpy</name>
         <value>0x3f2ea4</value>
         <object_component_ref idref="oc-278"/>
      </symbol>
      <symbol id="sm-d89">
         <name>_memset</name>
         <value>0x3f33d3</value>
         <object_component_ref idref="oc-280"/>
      </symbol>
      <symbol id="sm-d99">
         <name>_sqrt</name>
         <value>0x3f260e</value>
         <object_component_ref idref="oc-204"/>
      </symbol>
      <symbol id="sm-db1">
         <name>_strlen</name>
         <value>0x3f34f6</value>
         <object_component_ref idref="oc-31c"/>
      </symbol>
      <symbol id="sm-dc5">
         <name>_HOSTopen</name>
         <value>0x3f0790</value>
         <object_component_ref idref="oc-317"/>
      </symbol>
      <symbol id="sm-dc6">
         <name>_HOSTread</name>
         <value>0x3f0758</value>
         <object_component_ref idref="oc-317"/>
      </symbol>
      <symbol id="sm-dc7">
         <name>_HOSTgetenv</name>
         <value>0x3f080f</value>
         <object_component_ref idref="oc-317"/>
      </symbol>
      <symbol id="sm-dc8">
         <name>_HOSTtime</name>
         <value>0x3f06ef</value>
         <object_component_ref idref="oc-317"/>
      </symbol>
      <symbol id="sm-dc9">
         <name>_HOSTrename</name>
         <value>0x3f0718</value>
         <object_component_ref idref="oc-317"/>
      </symbol>
      <symbol id="sm-dca">
         <name>_HOSTclock</name>
         <value>0x3f085f</value>
         <object_component_ref idref="oc-317"/>
      </symbol>
      <symbol id="sm-dcb">
         <name>_HOSTwrite</name>
         <value>0x3f0691</value>
         <object_component_ref idref="oc-317"/>
      </symbol>
      <symbol id="sm-dcc">
         <name>_HOSTlseek</name>
         <value>0x3f07c9</value>
         <object_component_ref idref="oc-317"/>
      </symbol>
      <symbol id="sm-dcd">
         <name>_HOSTunlink</name>
         <value>0x3f06c9</value>
         <object_component_ref idref="oc-317"/>
      </symbol>
      <symbol id="sm-dce">
         <name>_HOSTclose</name>
         <value>0x3f0837</value>
         <object_component_ref idref="oc-317"/>
      </symbol>
      <symbol id="sm-ddf">
         <name>U$$TOFD</name>
         <value>0x3f3118</value>
         <object_component_ref idref="oc-18d"/>
      </symbol>
      <symbol id="sm-df8">
         <name>___TI_readmsg</name>
         <value>0x3f1b25</value>
         <object_component_ref idref="oc-32a"/>
      </symbol>
      <symbol id="sm-df9">
         <name>C$$IO$$</name>
         <value>0x3f1b20</value>
         <object_component_ref idref="oc-32a"/>
      </symbol>
      <symbol id="sm-dfa">
         <name>__CIOBUF_</name>
         <value>0x8e40</value>
         <object_component_ref idref="oc-193"/>
      </symbol>
      <symbol id="sm-dfb">
         <name>___TI_writemsg</name>
         <value>0x3f1acd</value>
         <object_component_ref idref="oc-32a"/>
      </symbol>
      <symbol id="sm-e06">
         <name>_errno</name>
         <value>0x8df3</value>
         <object_component_ref idref="oc-19a"/>
      </symbol>
      <symbol id="sm-e20">
         <name>FS$$ADD</name>
         <value>0x3f1f9e</value>
         <object_component_ref idref="oc-19c"/>
      </symbol>
      <symbol id="sm-e21">
         <name>FS$$SUB</name>
         <value>0x3f1f99</value>
         <object_component_ref idref="oc-19c"/>
      </symbol>
      <symbol id="sm-e33">
         <name>FS$$CMP</name>
         <value>0x3f3101</value>
         <object_component_ref idref="oc-1a1"/>
      </symbol>
      <symbol id="sm-e46">
         <name>_ldexp</name>
         <value>0x3f273b</value>
         <object_component_ref idref="oc-259"/>
      </symbol>
      <symbol id="sm-e54">
         <name>_strcpy</name>
         <value>0x3f3560</value>
         <object_component_ref idref="oc-32b"/>
      </symbol>
   </symbol_table>
   <title>Link successful</title>
</link_info>
